Archive member included to satisfy reference by file (symbol)

d:/gcc-arm-none-eabi/bin/../lib/gcc/arm-none-eabi/10.3.1/../../../../arm-none-eabi/lib/thumb/v7e-m+fp/hard\libg.a(lib_a-errno.o)
                              CMakeFiles/FreeRTos.elf.dir/Core/Src/syscalls.c.obj (__errno)
d:/gcc-arm-none-eabi/bin/../lib/gcc/arm-none-eabi/10.3.1/../../../../arm-none-eabi/lib/thumb/v7e-m+fp/hard\libg.a(lib_a-exit.o)
                              d:/gcc-arm-none-eabi/bin/../lib/gcc/arm-none-eabi/10.3.1/../../../../arm-none-eabi/lib/thumb/v7e-m+fp/hard/crt0.o (exit)
d:/gcc-arm-none-eabi/bin/../lib/gcc/arm-none-eabi/10.3.1/../../../../arm-none-eabi/lib/thumb/v7e-m+fp/hard\libg.a(lib_a-impure.o)
                              d:/gcc-arm-none-eabi/bin/../lib/gcc/arm-none-eabi/10.3.1/../../../../arm-none-eabi/lib/thumb/v7e-m+fp/hard\libg.a(lib_a-exit.o) (_global_impure_ptr)
d:/gcc-arm-none-eabi/bin/../lib/gcc/arm-none-eabi/10.3.1/../../../../arm-none-eabi/lib/thumb/v7e-m+fp/hard\libg.a(lib_a-init.o)
                              d:/gcc-arm-none-eabi/bin/../lib/gcc/arm-none-eabi/10.3.1/../../../../arm-none-eabi/lib/thumb/v7e-m+fp/hard/crt0.o (__libc_init_array)
d:/gcc-arm-none-eabi/bin/../lib/gcc/arm-none-eabi/10.3.1/../../../../arm-none-eabi/lib/thumb/v7e-m+fp/hard\libg.a(lib_a-memcpy.o)
                              CMakeFiles/FreeRTos.elf.dir/Middlewares/Third_Party/FreeRTOS/Source/queue.c.obj (memcpy)
d:/gcc-arm-none-eabi/bin/../lib/gcc/arm-none-eabi/10.3.1/../../../../arm-none-eabi/lib/thumb/v7e-m+fp/hard\libg.a(lib_a-memset.o)
                              d:/gcc-arm-none-eabi/bin/../lib/gcc/arm-none-eabi/10.3.1/../../../../arm-none-eabi/lib/thumb/v7e-m+fp/hard/crt0.o (memset)
d:/gcc-arm-none-eabi/bin/../lib/gcc/arm-none-eabi/10.3.1/../../../../arm-none-eabi/lib/thumb/v7e-m+fp/hard\libg.a(lib_a-__call_atexit.o)
                              d:/gcc-arm-none-eabi/bin/../lib/gcc/arm-none-eabi/10.3.1/../../../../arm-none-eabi/lib/thumb/v7e-m+fp/hard\libg.a(lib_a-exit.o) (__call_exitprocs)
d:/gcc-arm-none-eabi/bin/../lib/gcc/arm-none-eabi/10.3.1/../../../../arm-none-eabi/lib/thumb/v7e-m+fp/hard\libg.a(lib_a-atexit.o)
                              d:/gcc-arm-none-eabi/bin/../lib/gcc/arm-none-eabi/10.3.1/../../../../arm-none-eabi/lib/thumb/v7e-m+fp/hard\libg.a(lib_a-__call_atexit.o) (atexit)
d:/gcc-arm-none-eabi/bin/../lib/gcc/arm-none-eabi/10.3.1/../../../../arm-none-eabi/lib/thumb/v7e-m+fp/hard\libg.a(lib_a-fini.o)
                              d:/gcc-arm-none-eabi/bin/../lib/gcc/arm-none-eabi/10.3.1/../../../../arm-none-eabi/lib/thumb/v7e-m+fp/hard\libg.a(lib_a-__call_atexit.o) (__libc_fini_array)
d:/gcc-arm-none-eabi/bin/../lib/gcc/arm-none-eabi/10.3.1/../../../../arm-none-eabi/lib/thumb/v7e-m+fp/hard\libg.a(lib_a-lock.o)
                              d:/gcc-arm-none-eabi/bin/../lib/gcc/arm-none-eabi/10.3.1/../../../../arm-none-eabi/lib/thumb/v7e-m+fp/hard\libg.a(lib_a-__call_atexit.o) (__retarget_lock_acquire_recursive)
d:/gcc-arm-none-eabi/bin/../lib/gcc/arm-none-eabi/10.3.1/../../../../arm-none-eabi/lib/thumb/v7e-m+fp/hard\libg.a(lib_a-__atexit.o)
                              d:/gcc-arm-none-eabi/bin/../lib/gcc/arm-none-eabi/10.3.1/../../../../arm-none-eabi/lib/thumb/v7e-m+fp/hard\libg.a(lib_a-atexit.o) (__register_exitproc)

Discarded input sections

 .text          0x00000000        0x0 d:/gcc-arm-none-eabi/bin/../lib/gcc/arm-none-eabi/10.3.1/thumb/v7e-m+fp/hard/crti.o
 .data          0x00000000        0x0 d:/gcc-arm-none-eabi/bin/../lib/gcc/arm-none-eabi/10.3.1/thumb/v7e-m+fp/hard/crti.o
 .bss           0x00000000        0x0 d:/gcc-arm-none-eabi/bin/../lib/gcc/arm-none-eabi/10.3.1/thumb/v7e-m+fp/hard/crti.o
 .data          0x00000000        0x4 d:/gcc-arm-none-eabi/bin/../lib/gcc/arm-none-eabi/10.3.1/thumb/v7e-m+fp/hard/crtbegin.o
 .rodata        0x00000000       0x24 d:/gcc-arm-none-eabi/bin/../lib/gcc/arm-none-eabi/10.3.1/thumb/v7e-m+fp/hard/crtbegin.o
 .text          0x00000000       0x7c d:/gcc-arm-none-eabi/bin/../lib/gcc/arm-none-eabi/10.3.1/../../../../arm-none-eabi/lib/thumb/v7e-m+fp/hard/crt0.o
 .data          0x00000000        0x0 d:/gcc-arm-none-eabi/bin/../lib/gcc/arm-none-eabi/10.3.1/../../../../arm-none-eabi/lib/thumb/v7e-m+fp/hard/crt0.o
 .bss           0x00000000        0x0 d:/gcc-arm-none-eabi/bin/../lib/gcc/arm-none-eabi/10.3.1/../../../../arm-none-eabi/lib/thumb/v7e-m+fp/hard/crt0.o
 .ARM.extab     0x00000000        0x0 d:/gcc-arm-none-eabi/bin/../lib/gcc/arm-none-eabi/10.3.1/../../../../arm-none-eabi/lib/thumb/v7e-m+fp/hard/crt0.o
 .ARM.exidx     0x00000000       0x10 d:/gcc-arm-none-eabi/bin/../lib/gcc/arm-none-eabi/10.3.1/../../../../arm-none-eabi/lib/thumb/v7e-m+fp/hard/crt0.o
 .ARM.attributes
                0x00000000       0x1c d:/gcc-arm-none-eabi/bin/../lib/gcc/arm-none-eabi/10.3.1/../../../../arm-none-eabi/lib/thumb/v7e-m+fp/hard/crt0.o
 .text          0x00000000        0x0 CMakeFiles/FreeRTos.elf.dir/Core/Src/freertos.c.obj
[...]
Memory Configuration

Name             Origin             Length             Attributes
DTCMRAM          0x20000000         0x00020000         xrw
RAM_D1           0x24000000         0x00080000         xrw
RAM_D2           0x30000000         0x00048000         xrw
RAM_D3           0x38000000         0x00010000         xrw
ITCMRAM          0x00000000         0x00010000         xrw
FLASH            0x08000000         0x00020000         xr
*default*        0x00000000         0xffffffff

Linker script and memory map

LOAD d:/gcc-arm-none-eabi/bin/../lib/gcc/arm-none-eabi/10.3.1/thumb/v7e-m+fp/hard/crti.o
LOAD d:/gcc-arm-none-eabi/bin/../lib/gcc/arm-none-eabi/10.3.1/thumb/v7e-m+fp/hard/crtbegin.o
LOAD d:/gcc-arm-none-eabi/bin/../lib/gcc/arm-none-eabi/10.3.1/../../../../arm-none-eabi/lib/thumb/v7e-m+fp/hard/crt0.o
LOAD CMakeFiles/FreeRTos.elf.dir/Core/Src/freertos.c.obj
LOAD CMakeFiles/FreeRTos.elf.dir/Core/Src/gpio.c.obj
LOAD CMakeFiles/FreeRTos.elf.dir/Core/Src/main.c.obj
LOAD CMakeFiles/FreeRTos.elf.dir/Core/Src/stm32h7xx_hal_msp.c.obj
LOAD CMakeFiles/FreeRTos.elf.dir/Core/Src/stm32h7xx_it.c.obj
LOAD CMakeFiles/FreeRTos.elf.dir/Core/Src/syscalls.c.obj
LOAD CMakeFiles/FreeRTos.elf.dir/Core/Src/system_stm32h7xx.c.obj
LOAD CMakeFiles/FreeRTos.elf.dir/Drivers/STM32H7xx_HAL_Driver/Src/stm32h7xx_hal.c.obj
LOAD CMakeFiles/FreeRTos.elf.dir/Drivers/STM32H7xx_HAL_Driver/Src/stm32h7xx_hal_cortex.c.obj
LOAD CMakeFiles/FreeRTos.elf.dir/Drivers/STM32H7xx_HAL_Driver/Src/stm32h7xx_hal_dma.c.obj
LOAD CMakeFiles/FreeRTos.elf.dir/Drivers/STM32H7xx_HAL_Driver/Src/stm32h7xx_hal_dma_ex.c.obj
LOAD CMakeFiles/FreeRTos.elf.dir/Drivers/STM32H7xx_HAL_Driver/Src/stm32h7xx_hal_exti.c.obj
LOAD CMakeFiles/FreeRTos.elf.dir/Drivers/STM32H7xx_HAL_Driver/Src/stm32h7xx_hal_flash.c.obj
LOAD CMakeFiles/FreeRTos.elf.dir/Drivers/STM32H7xx_HAL_Driver/Src/stm32h7xx_hal_flash_ex.c.obj
LOAD CMakeFiles/FreeRTos.elf.dir/Drivers/STM32H7xx_HAL_Driver/Src/stm32h7xx_hal_gpio.c.obj
LOAD CMakeFiles/FreeRTos.elf.dir/Drivers/STM32H7xx_HAL_Driver/Src/stm32h7xx_hal_hsem.c.obj
LOAD CMakeFiles/FreeRTos.elf.dir/Drivers/STM32H7xx_HAL_Driver/Src/stm32h7xx_hal_i2c.c.obj
LOAD CMakeFiles/FreeRTos.elf.dir/Drivers/STM32H7xx_HAL_Driver/Src/stm32h7xx_hal_i2c_ex.c.obj
LOAD CMakeFiles/FreeRTos.elf.dir/Drivers/STM32H7xx_HAL_Driver/Src/stm32h7xx_hal_mdma.c.obj
LOAD CMakeFiles/FreeRTos.elf.dir/Drivers/STM32H7xx_HAL_Driver/Src/stm32h7xx_hal_pwr.c.obj
LOAD CMakeFiles/FreeRTos.elf.dir/Drivers/STM32H7xx_HAL_Driver/Src/stm32h7xx_hal_pwr_ex.c.obj
LOAD CMakeFiles/FreeRTos.elf.dir/Drivers/STM32H7xx_HAL_Driver/Src/stm32h7xx_hal_rcc.c.obj
LOAD CMakeFiles/FreeRTos.elf.dir/Drivers/STM32H7xx_HAL_Driver/Src/stm32h7xx_hal_rcc_ex.c.obj
LOAD CMakeFiles/FreeRTos.elf.dir/Drivers/STM32H7xx_HAL_Driver/Src/stm32h7xx_hal_tim.c.obj
LOAD CMakeFiles/FreeRTos.elf.dir/Drivers/STM32H7xx_HAL_Driver/Src/stm32h7xx_hal_tim_ex.c.obj
LOAD CMakeFiles/FreeRTos.elf.dir/Middlewares/Third_Party/FreeRTOS/Source/CMSIS_RTOS/cmsis_os.c.obj
LOAD CMakeFiles/FreeRTos.elf.dir/Middlewares/Third_Party/FreeRTOS/Source/croutine.c.obj
LOAD CMakeFiles/FreeRTos.elf.dir/Middlewares/Third_Party/FreeRTOS/Source/event_groups.c.obj
LOAD CMakeFiles/FreeRTos.elf.dir/Middlewares/Third_Party/FreeRTOS/Source/list.c.obj
LOAD CMakeFiles/FreeRTos.elf.dir/Middlewares/Third_Party/FreeRTOS/Source/portable/GCC/ARM_CM4F/port.c.obj
LOAD CMakeFiles/FreeRTos.elf.dir/Middlewares/Third_Party/FreeRTOS/Source/portable/MemMang/heap_4.c.obj
LOAD CMakeFiles/FreeRTos.elf.dir/Middlewares/Third_Party/FreeRTOS/Source/queue.c.obj
LOAD CMakeFiles/FreeRTos.elf.dir/Middlewares/Third_Party/FreeRTOS/Source/stream_buffer.c.obj
LOAD CMakeFiles/FreeRTos.elf.dir/Middlewares/Third_Party/FreeRTOS/Source/tasks.c.obj
LOAD CMakeFiles/FreeRTos.elf.dir/Middlewares/Third_Party/FreeRTOS/Source/timers.c.obj
LOAD CMakeFiles/FreeRTos.elf.dir/startup/startup_stm32h750xx.s.obj
START GROUP
LOAD d:/gcc-arm-none-eabi/bin/../lib/gcc/arm-none-eabi/10.3.1/thumb/v7e-m+fp/hard\libgcc.a
LOAD d:/gcc-arm-none-eabi/bin/../lib/gcc/arm-none-eabi/10.3.1/../../../../arm-none-eabi/lib/thumb/v7e-m+fp/hard\libg.a
LOAD d:/gcc-arm-none-eabi/bin/../lib/gcc/arm-none-eabi/10.3.1/../../../../arm-none-eabi/lib/thumb/v7e-m+fp/hard\libc.a
END GROUP
LOAD d:/gcc-arm-none-eabi/bin/../lib/gcc/arm-none-eabi/10.3.1/thumb/v7e-m+fp/hard/crtend.o
LOAD d:/gcc-arm-none-eabi/bin/../lib/gcc/arm-none-eabi/10.3.1/thumb/v7e-m+fp/hard/crtn.o
                0x20020000                _estack = 0x20020000
                0x00000200                _Min_Heap_Size = 0x200
                0x00000400                _Min_Stack_Size = 0x400

.isr_vector     0x08000000      0x298
                0x08000000                . = ALIGN (0x4)
 *(.isr_vector)
 .isr_vector    0x08000000      0x298 CMakeFiles/FreeRTos.elf.dir/startup/startup_stm32h750xx.s.obj
                0x08000000                g_pfnVectors
                0x08000298                . = ALIGN (0x4)

.text           0x080002a0     0x22bc
                0x080002a0                . = ALIGN (0x4)
 *(.text)
 .text          0x080002a0       0x40 d:/gcc-arm-none-eabi/bin/../lib/gcc/arm-none-eabi/10.3.1/thumb/v7e-m+fp/hard/crtbegin.o
 *(.text*)
 .text.StartTask02
                0x080002e0        0xa CMakeFiles/FreeRTos.elf.dir/Core/Src/freertos.c.obj
                0x080002e0                StartTask02
 *fill*         0x080002ea        0x2 
 .text.StartDefaultTask
                0x080002ec       0x20 CMakeFiles/FreeRTos.elf.dir/Core/Src/freertos.c.obj
                0x080002ec                StartDefaultTask
 .text.vApplicationGetIdleTaskMemory
                0x0800030c       0x18 CMakeFiles/FreeRTos.elf.dir/Core/Src/freertos.c.obj
                0x0800030c                vApplicationGetIdleTaskMemory
 .text.MX_FREERTOS_Init
                0x08000324       0x5c CMakeFiles/FreeRTos.elf.dir/Core/Src/freertos.c.obj
                0x08000324                MX_FREERTOS_Init
 .text.MX_GPIO_Init
                0x08000380       0x58 CMakeFiles/FreeRTos.elf.dir/Core/Src/gpio.c.obj
                0x08000380                MX_GPIO_Init
 .text.Error_Handler
                0x080003d8        0x4 CMakeFiles/FreeRTos.elf.dir/Core/Src/main.c.obj
                0x080003d8                Error_Handler
 .text.SystemClock_Config
                0x080003dc       0xa4 CMakeFiles/FreeRTos.elf.dir/Core/Src/main.c.obj
                0x080003dc                SystemClock_Config
 .text.main     0x08000480       0x18 CMakeFiles/FreeRTos.elf.dir/Core/Src/main.c.obj
                0x08000480                main
 .text.HAL_MspInit
                0x08000498       0x34 CMakeFiles/FreeRTos.elf.dir/Core/Src/stm32h7xx_hal_msp.c.obj
                0x08000498                HAL_MspInit
 .text.NMI_Handler
                0x080004cc        0x2 CMakeFiles/FreeRTos.elf.dir/Core/Src/stm32h7xx_it.c.obj
                0x080004cc                NMI_Handler
 .text.HardFault_Handler
                0x080004ce        0x2 CMakeFiles/FreeRTos.elf.dir/Core/Src/stm32h7xx_it.c.obj
                0x080004ce                HardFault_Handler
 .text.MemManage_Handler
                0x080004d0        0x2 CMakeFiles/FreeRTos.elf.dir/Core/Src/stm32h7xx_it.c.obj
                0x080004d0                MemManage_Handler
 .text.BusFault_Handler
                0x080004d2        0x2 CMakeFiles/FreeRTos.elf.dir/Core/Src/stm32h7xx_it.c.obj
                0x080004d2                BusFault_Handler
 .text.UsageFault_Handler
                0x080004d4        0x2 CMakeFiles/FreeRTos.elf.dir/Core/Src/stm32h7xx_it.c.obj
                0x080004d4                UsageFault_Handler
 .text.DebugMon_Handler
                0x080004d6        0x2 CMakeFiles/FreeRTos.elf.dir/Core/Src/stm32h7xx_it.c.obj
                0x080004d6                DebugMon_Handler
 .text.SysTick_Handler
                0x080004d8       0x16 CMakeFiles/FreeRTos.elf.dir/Core/Src/stm32h7xx_it.c.obj
                0x080004d8                SysTick_Handler
 *fill*         0x080004ee        0x2 
 .text.SystemInit
                0x080004f0       0xcc CMakeFiles/FreeRTos.elf.dir/Core/Src/system_stm32h7xx.c.obj
                0x080004f0                SystemInit
 .text.HAL_InitTick
                0x080005bc       0x50 CMakeFiles/FreeRTos.elf.dir/Drivers/STM32H7xx_HAL_Driver/Src/stm32h7xx_hal.c.obj
                0x080005bc                HAL_InitTick
 .text.HAL_Init
                0x0800060c       0x5c CMakeFiles/FreeRTos.elf.dir/Drivers/STM32H7xx_HAL_Driver/Src/stm32h7xx_hal.c.obj
                0x0800060c                HAL_Init
 .text.HAL_IncTick
                0x08000668       0x18 CMakeFiles/FreeRTos.elf.dir/Drivers/STM32H7xx_HAL_Driver/Src/stm32h7xx_hal.c.obj
                0x08000668                HAL_IncTick
 .text.HAL_GetTick
                0x08000680        0xc CMakeFiles/FreeRTos.elf.dir/Drivers/STM32H7xx_HAL_Driver/Src/stm32h7xx_hal.c.obj
                0x08000680                HAL_GetTick
 .text.HAL_Delay
                0x0800068c       0x28 CMakeFiles/FreeRTos.elf.dir/Drivers/STM32H7xx_HAL_Driver/Src/stm32h7xx_hal.c.obj
                0x0800068c                HAL_Delay
 .text.HAL_GetREVID
                0x080006b4        0xc CMakeFiles/FreeRTos.elf.dir/Drivers/STM32H7xx_HAL_Driver/Src/stm32h7xx_hal.c.obj
                0x080006b4                HAL_GetREVID
 .text.HAL_NVIC_SetPriorityGrouping
                0x080006c0       0x24 CMakeFiles/FreeRTos.elf.dir/Drivers/STM32H7xx_HAL_Driver/Src/stm32h7xx_hal_cortex.c.obj
                0x080006c0                HAL_NVIC_SetPriorityGrouping
 .text.HAL_NVIC_SetPriority
                0x080006e4       0x6c CMakeFiles/FreeRTos.elf.dir/Drivers/STM32H7xx_HAL_Driver/Src/stm32h7xx_hal_cortex.c.obj
                0x080006e4                HAL_NVIC_SetPriority
 .text.HAL_SYSTICK_Config
                0x08000750       0x28 CMakeFiles/FreeRTos.elf.dir/Drivers/STM32H7xx_HAL_Driver/Src/stm32h7xx_hal_cortex.c.obj
                0x08000750                HAL_SYSTICK_Config
 .text.HAL_GPIO_Init
                0x08000778      0x220 CMakeFiles/FreeRTos.elf.dir/Drivers/STM32H7xx_HAL_Driver/Src/stm32h7xx_hal_gpio.c.obj
                0x08000778                HAL_GPIO_Init
 .text.HAL_GPIO_WritePin
                0x08000998        0xc CMakeFiles/FreeRTos.elf.dir/Drivers/STM32H7xx_HAL_Driver/Src/stm32h7xx_hal_gpio.c.obj
                0x08000998                HAL_GPIO_WritePin
 .text.HAL_GPIO_TogglePin
                0x080009a4       0x12 CMakeFiles/FreeRTos.elf.dir/Drivers/STM32H7xx_HAL_Driver/Src/stm32h7xx_hal_gpio.c.obj
                0x080009a4                HAL_GPIO_TogglePin
 *fill*         0x080009b6        0x2 
 .text.HAL_PWREx_ConfigSupply
                0x080009b8       0x54 CMakeFiles/FreeRTos.elf.dir/Drivers/STM32H7xx_HAL_Driver/Src/stm32h7xx_hal_pwr_ex.c.obj
                0x080009b8                HAL_PWREx_ConfigSupply
 .text.HAL_RCC_OscConfig
                0x08000a0c      0x674 CMakeFiles/FreeRTos.elf.dir/Drivers/STM32H7xx_HAL_Driver/Src/stm32h7xx_hal_rcc.c.obj
                0x08000a0c                HAL_RCC_OscConfig
 .text.HAL_RCC_GetSysClockFreq
                0x08001080      0x1f4 CMakeFiles/FreeRTos.elf.dir/Drivers/STM32H7xx_HAL_Driver/Src/stm32h7xx_hal_rcc.c.obj
                0x08001080                HAL_RCC_GetSysClockFreq
 .text.HAL_RCC_ClockConfig
                0x08001274      0x294 CMakeFiles/FreeRTos.elf.dir/Drivers/STM32H7xx_HAL_Driver/Src/stm32h7xx_hal_rcc.c.obj
                0x08001274                HAL_RCC_ClockConfig
 .text.makeFreeRtosPriority
                0x08001508        0xc CMakeFiles/FreeRTos.elf.dir/Middlewares/Third_Party/FreeRTOS/Source/CMSIS_RTOS/cmsis_os.c.obj
 .text.osKernelStart
                0x08001514        0xa CMakeFiles/FreeRTos.elf.dir/Middlewares/Third_Party/FreeRTOS/Source/CMSIS_RTOS/cmsis_os.c.obj
                0x08001514                osKernelStart
 .text.osThreadCreate
                0x0800151e       0x6a CMakeFiles/FreeRTos.elf.dir/Middlewares/Third_Party/FreeRTOS/Source/CMSIS_RTOS/cmsis_os.c.obj
                0x0800151e                osThreadCreate
 .text.osDelay  0x08001588        0xe CMakeFiles/FreeRTos.elf.dir/Middlewares/Third_Party/FreeRTOS/Source/CMSIS_RTOS/cmsis_os.c.obj
                0x08001588                osDelay
 .text.vListInitialise
                0x08001596       0x16 CMakeFiles/FreeRTos.elf.dir/Middlewares/Third_Party/FreeRTOS/Source/list.c.obj
                0x08001596                vListInitialise
 .text.vListInitialiseItem
                0x080015ac        0x6 CMakeFiles/FreeRTos.elf.dir/Middlewares/Third_Party/FreeRTOS/Source/list.c.obj
                0x080015ac                vListInitialiseItem
 .text.vListInsertEnd
                0x080015b2       0x16 CMakeFiles/FreeRTos.elf.dir/Middlewares/Third_Party/FreeRTOS/Source/list.c.obj
                0x080015b2                vListInsertEnd
 .text.vListInsert
                0x080015c8       0x32 CMakeFiles/FreeRTos.elf.dir/Middlewares/Third_Party/FreeRTOS/Source/list.c.obj
                0x080015c8                vListInsert
 .text.uxListRemove
                0x080015fa       0x26 CMakeFiles/FreeRTos.elf.dir/Middlewares/Third_Party/FreeRTOS/Source/list.c.obj
                0x080015fa                uxListRemove
 .text.prvTaskExitError
                0x08001620       0x40 CMakeFiles/FreeRTos.elf.dir/Middlewares/Third_Party/FreeRTOS/Source/portable/GCC/ARM_CM4F/port.c.obj
 .text.prvPortStartFirstTask
                0x08001660       0x28 CMakeFiles/FreeRTos.elf.dir/Middlewares/Third_Party/FreeRTOS/Source/portable/GCC/ARM_CM4F/port.c.obj
 .text.vPortEnableVFP
                0x08001688       0x14 CMakeFiles/FreeRTos.elf.dir/Middlewares/Third_Party/FreeRTOS/Source/portable/GCC/ARM_CM4F/port.c.obj
 .text.pxPortInitialiseStack
                0x0800169c       0x2c CMakeFiles/FreeRTos.elf.dir/Middlewares/Third_Party/FreeRTOS/Source/portable/GCC/ARM_CM4F/port.c.obj
                0x0800169c                pxPortInitialiseStack
 *fill*         0x080016c8        0x8 
 .text.SVC_Handler
                0x080016d0       0x24 CMakeFiles/FreeRTos.elf.dir/Middlewares/Third_Party/FreeRTOS/Source/portable/GCC/ARM_CM4F/port.c.obj
                0x080016d0                SVC_Handler
 .text.vPortEnterCritical
                0x080016f4       0x44 CMakeFiles/FreeRTos.elf.dir/Middlewares/Third_Party/FreeRTOS/Source/portable/GCC/ARM_CM4F/port.c.obj
                0x080016f4                vPortEnterCritical
 .text.vPortExitCritical
                0x08001738       0x2c CMakeFiles/FreeRTos.elf.dir/Middlewares/Third_Party/FreeRTOS/Source/portable/GCC/ARM_CM4F/port.c.obj
                0x08001738                vPortExitCritical
 *fill*         0x08001764        0xc 
 .text.PendSV_Handler
                0x08001770       0x64 CMakeFiles/FreeRTos.elf.dir/Middlewares/Third_Party/FreeRTOS/Source/portable/GCC/ARM_CM4F/port.c.obj
                0x08001770                PendSV_Handler
 .text.xPortSysTickHandler
                0x080017d4       0x2c CMakeFiles/FreeRTos.elf.dir/Middlewares/Third_Party/FreeRTOS/Source/portable/GCC/ARM_CM4F/port.c.obj
                0x080017d4                xPortSysTickHandler
 .text.vPortSetupTimerInterrupt
                0x08001800       0x28 CMakeFiles/FreeRTos.elf.dir/Middlewares/Third_Party/FreeRTOS/Source/portable/GCC/ARM_CM4F/port.c.obj
                0x08001800                vPortSetupTimerInterrupt
 .text.xPortStartScheduler
                0x08001828      0x118 CMakeFiles/FreeRTos.elf.dir/Middlewares/Third_Party/FreeRTOS/Source/portable/GCC/ARM_CM4F/port.c.obj
                0x08001828                xPortStartScheduler
 .text.prvHeapInit
                0x08001940       0x64 CMakeFiles/FreeRTos.elf.dir/Middlewares/Third_Party/FreeRTOS/Source/portable/MemMang/heap_4.c.obj
 .text.prvInsertBlockIntoFreeList
                0x080019a4       0x64 CMakeFiles/FreeRTos.elf.dir/Middlewares/Third_Party/FreeRTOS/Source/portable/MemMang/heap_4.c.obj
 .text.pvPortMalloc
                0x08001a08       0xfc CMakeFiles/FreeRTos.elf.dir/Middlewares/Third_Party/FreeRTOS/Source/portable/MemMang/heap_4.c.obj
                0x08001a08                pvPortMalloc
 .text.vPortFree
                0x08001b04       0x7c CMakeFiles/FreeRTos.elf.dir/Middlewares/Third_Party/FreeRTOS/Source/portable/MemMang/heap_4.c.obj
                0x08001b04                vPortFree
 .text.prvResetNextTaskUnblockTime
                0x08001b80       0x2c CMakeFiles/FreeRTos.elf.dir/Middlewares/Third_Party/FreeRTOS/Source/tasks.c.obj
 .text.prvInitialiseNewTask
                0x08001bac       0xa2 CMakeFiles/FreeRTos.elf.dir/Middlewares/Third_Party/FreeRTOS/Source/tasks.c.obj
 *fill*         0x08001c4e        0x2 
 .text.prvInitialiseTaskLists
                0x08001c50       0x68 CMakeFiles/FreeRTos.elf.dir/Middlewares/Third_Party/FreeRTOS/Source/tasks.c.obj
 .text.prvAddNewTaskToReadyList
                0x08001cb8       0xa8 CMakeFiles/FreeRTos.elf.dir/Middlewares/Third_Party/FreeRTOS/Source/tasks.c.obj
 .text.prvDeleteTCB
                0x08001d60       0x38 CMakeFiles/FreeRTos.elf.dir/Middlewares/Third_Party/FreeRTOS/Source/tasks.c.obj
 .text.prvCheckTasksWaitingTermination
                0x08001d98       0x4c CMakeFiles/FreeRTos.elf.dir/Middlewares/Third_Party/FreeRTOS/Source/tasks.c.obj
 .text.prvIdleTask
                0x08001de4       0x28 CMakeFiles/FreeRTos.elf.dir/Middlewares/Third_Party/FreeRTOS/Source/tasks.c.obj
 .text.prvAddCurrentTaskToDelayedList
                0x08001e0c       0xa0 CMakeFiles/FreeRTos.elf.dir/Middlewares/Third_Party/FreeRTOS/Source/tasks.c.obj
 .text.xTaskCreateStatic
                0x08001eac       0x76 CMakeFiles/FreeRTos.elf.dir/Middlewares/Third_Party/FreeRTOS/Source/tasks.c.obj
                0x08001eac                xTaskCreateStatic
 .text.xTaskCreate
                0x08001f22       0x68 CMakeFiles/FreeRTos.elf.dir/Middlewares/Third_Party/FreeRTOS/Source/tasks.c.obj
                0x08001f22                xTaskCreate
 *fill*         0x08001f8a        0x2 
 .text.vTaskStartScheduler
                0x08001f8c       0x74 CMakeFiles/FreeRTos.elf.dir/Middlewares/Third_Party/FreeRTOS/Source/tasks.c.obj
                0x08001f8c                vTaskStartScheduler
 .text.vTaskSuspendAll
                0x08002000       0x10 CMakeFiles/FreeRTos.elf.dir/Middlewares/Third_Party/FreeRTOS/Source/tasks.c.obj
                0x08002000                vTaskSuspendAll
 .text.xTaskIncrementTick
                0x08002010      0x118 CMakeFiles/FreeRTos.elf.dir/Middlewares/Third_Party/FreeRTOS/Source/tasks.c.obj
                0x08002010                xTaskIncrementTick
 .text.xTaskResumeAll
                0x08002128       0xf8 CMakeFiles/FreeRTos.elf.dir/Middlewares/Third_Party/FreeRTOS/Source/tasks.c.obj
                0x08002128                xTaskResumeAll
 .text.vTaskDelay
                0x08002220       0x4c CMakeFiles/FreeRTos.elf.dir/Middlewares/Third_Party/FreeRTOS/Source/tasks.c.obj
                0x08002220                vTaskDelay
 .text.vTaskSwitchContext
                0x0800226c       0x98 CMakeFiles/FreeRTos.elf.dir/Middlewares/Third_Party/FreeRTOS/Source/tasks.c.obj
                0x0800226c                vTaskSwitchContext
 .text.xTaskGetSchedulerState
                0x08002304       0x20 CMakeFiles/FreeRTos.elf.dir/Middlewares/Third_Party/FreeRTOS/Source/tasks.c.obj
                0x08002304                xTaskGetSchedulerState
 .text.Reset_Handler
                0x08002324       0x50 CMakeFiles/FreeRTos.elf.dir/startup/startup_stm32h750xx.s.obj
                0x08002324                Reset_Handler
 .text.Default_Handler
                0x08002374        0x2 CMakeFiles/FreeRTos.elf.dir/startup/startup_stm32h750xx.s.obj
                0x08002374                RTC_Alarm_IRQHandler
                0x08002374                HASH_RNG_IRQHandler
                0x08002374                EXTI2_IRQHandler
                0x08002374                TIM8_CC_IRQHandler
                0x08002374                HRTIM1_Master_IRQHandler
                0x08002374                UART8_IRQHandler
                0x08002374                SPI4_IRQHandler
                0x08002374                TIM1_CC_IRQHandler
                0x08002374                BDMA_Channel6_IRQHandler
                0x08002374                DMA2_Stream5_IRQHandler
                0x08002374                HRTIM1_FLT_IRQHandler
                0x08002374                JPEG_IRQHandler
                0x08002374                DMA1_Stream5_IRQHandler
                0x08002374                BDMA_Channel1_IRQHandler
                0x08002374                HRTIM1_TIMD_IRQHandler
                0x08002374                TAMP_STAMP_IRQHandler
                0x08002374                EXTI3_IRQHandler
                0x08002374                LPTIM4_IRQHandler
                0x08002374                TIM8_TRG_COM_TIM14_IRQHandler
                0x08002374                LPTIM2_IRQHandler
                0x08002374                DFSDM1_FLT1_IRQHandler
                0x08002374                DMAMUX2_OVR_IRQHandler
                0x08002374                TIM8_UP_TIM13_IRQHandler
                0x08002374                I2C3_ER_IRQHandler
                0x08002374                DFSDM1_FLT2_IRQHandler
                0x08002374                MDMA_IRQHandler
                0x08002374                LPTIM3_IRQHandler
                0x08002374                HSEM1_IRQHandler
                0x08002374                EXTI0_IRQHandler
                0x08002374                I2C2_EV_IRQHandler
                0x08002374                DMA1_Stream2_IRQHandler
                0x08002374                FPU_IRQHandler
                0x08002374                OTG_HS_WKUP_IRQHandler
                0x08002374                FDCAN1_IT1_IRQHandler
                0x08002374                LTDC_ER_IRQHandler
                0x08002374                DMA2_Stream2_IRQHandler
                0x08002374                HRTIM1_TIME_IRQHandler
                0x08002374                SPI1_IRQHandler
                0x08002374                TIM6_DAC_IRQHandler
                0x08002374                DCMI_IRQHandler
                0x08002374                HRTIM1_TIMC_IRQHandler
                0x08002374                DMA2_Stream3_IRQHandler
                0x08002374                SAI2_IRQHandler
                0x08002374                DFSDM1_FLT3_IRQHandler
                0x08002374                USART6_IRQHandler
                0x08002374                TIM17_IRQHandler
                0x08002374                USART3_IRQHandler
                0x08002374                BDMA_Channel7_IRQHandler
                0x08002374                CRYP_IRQHandler
                0x08002374                LPTIM5_IRQHandler
                0x08002374                UART5_IRQHandler
                0x08002374                ADC3_IRQHandler
                0x08002374                DMA2_Stream0_IRQHandler
                0x08002374                TIM4_IRQHandler
                0x08002374                BDMA_Channel2_IRQHandler
                0x08002374                QUADSPI_IRQHandler
                0x08002374                I2C1_EV_IRQHandler
                0x08002374                DMA1_Stream6_IRQHandler
                0x08002374                DMAMUX1_OVR_IRQHandler
                0x08002374                DMA1_Stream1_IRQHandler
                0x08002374                TIM16_IRQHandler
                0x08002374                UART4_IRQHandler
                0x08002374                BDMA_Channel5_IRQHandler
                0x08002374                TIM3_IRQHandler
                0x08002374                RCC_IRQHandler
                0x08002374                TIM8_BRK_TIM12_IRQHandler
                0x08002374                TIM1_TRG_COM_IRQHandler
                0x08002374                Default_Handler
                0x08002374                ECC_IRQHandler
                0x08002374                CEC_IRQHandler
                0x08002374                EXTI15_10_IRQHandler
                0x08002374                BDMA_Channel0_IRQHandler
                0x08002374                ADC_IRQHandler
                0x08002374                DMA1_Stream7_IRQHandler
                0x08002374                HRTIM1_TIMA_IRQHandler
                0x08002374                SPI5_IRQHandler
                0x08002374                TIM7_IRQHandler
                0x08002374                SDMMC1_IRQHandler
                0x08002374                TIM5_IRQHandler
                0x08002374                DMA2_Stream7_IRQHandler
                0x08002374                TIM15_IRQHandler
                0x08002374                PVD_AVD_IRQHandler
                0x08002374                I2C3_EV_IRQHandler
                0x08002374                EXTI9_5_IRQHandler
                0x08002374                RTC_WKUP_IRQHandler
                0x08002374                LTDC_IRQHandler
                0x08002374                SAI3_IRQHandler
                0x08002374                ETH_WKUP_IRQHandler
                0x08002374                SPDIF_RX_IRQHandler
                0x08002374                SPI2_IRQHandler
                0x08002374                OTG_HS_EP1_IN_IRQHandler
                0x08002374                DMA1_Stream0_IRQHandler
                0x08002374                CRS_IRQHandler
                0x08002374                EXTI4_IRQHandler
                0x08002374                HRTIM1_TIMB_IRQHandler
                0x08002374                FDCAN2_IT1_IRQHandler
                0x08002374                ETH_IRQHandler
                0x08002374                TIM1_UP_IRQHandler
                0x08002374                BDMA_Channel4_IRQHandler
                0x08002374                OTG_HS_EP1_OUT_IRQHandler
                0x08002374                WWDG_IRQHandler
                0x08002374                SPI6_IRQHandler
                0x08002374                MDIOS_IRQHandler
                0x08002374                I2C4_EV_IRQHandler
                0x08002374                FDCAN2_IT0_IRQHandler
                0x08002374                LPUART1_IRQHandler
                0x08002374                FDCAN1_IT0_IRQHandler
                0x08002374                TIM2_IRQHandler
                0x08002374                OTG_FS_WKUP_IRQHandler
                0x08002374                OTG_HS_IRQHandler
                0x08002374                DMA2D_IRQHandler
                0x08002374                TIM1_BRK_IRQHandler
                0x08002374                EXTI1_IRQHandler
                0x08002374                SDMMC2_IRQHandler
                0x08002374                OTG_FS_EP1_OUT_IRQHandler
                0x08002374                BDMA_Channel3_IRQHandler
                0x08002374                UART7_IRQHandler
                0x08002374                MDIOS_WKUP_IRQHandler
                0x08002374                USART2_IRQHandler
                0x08002374                DFSDM1_FLT0_IRQHandler
                0x08002374                SAI4_IRQHandler
                0x08002374                I2C2_ER_IRQHandler
                0x08002374                DMA2_Stream1_IRQHandler
                0x08002374                FLASH_IRQHandler
                0x08002374                DMA2_Stream4_IRQHandler
                0x08002374                USART1_IRQHandler
                0x08002374                OTG_FS_IRQHandler
                0x08002374                SPI3_IRQHandler
                0x08002374                WAKEUP_PIN_IRQHandler
                0x08002374                DMA1_Stream4_IRQHandler
                0x08002374                OTG_FS_EP1_IN_IRQHandler
                0x08002374                I2C1_ER_IRQHandler
                0x08002374                FMC_IRQHandler
                0x08002374                FDCAN_CAL_IRQHandler
                0x08002374                SWPMI1_IRQHandler
                0x08002374                COMP1_IRQHandler
                0x08002374                LPTIM1_IRQHandler
                0x08002374                I2C4_ER_IRQHandler
                0x08002374                DMA2_Stream6_IRQHandler
                0x08002374                SAI1_IRQHandler
                0x08002374                DMA1_Stream3_IRQHandler
 *fill*         0x08002376        0x2 
 .text.__libc_init_array
                0x08002378       0x48 d:/gcc-arm-none-eabi/bin/../lib/gcc/arm-none-eabi/10.3.1/../../../../arm-none-eabi/lib/thumb/v7e-m+fp/hard\libg.a(lib_a-init.o)
                0x08002378                __libc_init_array
 .text.memset   0x080023c0       0xa4 d:/gcc-arm-none-eabi/bin/../lib/gcc/arm-none-eabi/10.3.1/../../../../arm-none-eabi/lib/thumb/v7e-m+fp/hard\libg.a(lib_a-memset.o)
                0x080023c0                memset
 .text.startup.register_fini
                0x08002464       0x14 d:/gcc-arm-none-eabi/bin/../lib/gcc/arm-none-eabi/10.3.1/../../../../arm-none-eabi/lib/thumb/v7e-m+fp/hard\libg.a(lib_a-__call_atexit.o)
 .text.atexit   0x08002478        0xc d:/gcc-arm-none-eabi/bin/../lib/gcc/arm-none-eabi/10.3.1/../../../../arm-none-eabi/lib/thumb/v7e-m+fp/hard\libg.a(lib_a-atexit.o)
                0x08002478                atexit
 .text.__libc_fini_array
                0x08002484       0x2c d:/gcc-arm-none-eabi/bin/../lib/gcc/arm-none-eabi/10.3.1/../../../../arm-none-eabi/lib/thumb/v7e-m+fp/hard\libg.a(lib_a-fini.o)
                0x08002484                __libc_fini_array
 .text.__retarget_lock_acquire_recursive
                0x080024b0        0x4 d:/gcc-arm-none-eabi/bin/../lib/gcc/arm-none-eabi/10.3.1/../../../../arm-none-eabi/lib/thumb/v7e-m+fp/hard\libg.a(lib_a-lock.o)
                0x080024b0                __retarget_lock_acquire_recursive
 .text.__retarget_lock_release_recursive
                0x080024b4        0x4 d:/gcc-arm-none-eabi/bin/../lib/gcc/arm-none-eabi/10.3.1/../../../../arm-none-eabi/lib/thumb/v7e-m+fp/hard\libg.a(lib_a-lock.o)
                0x080024b4                __retarget_lock_release_recursive
 .text.__register_exitproc
                0x080024b8       0x8c d:/gcc-arm-none-eabi/bin/../lib/gcc/arm-none-eabi/10.3.1/../../../../arm-none-eabi/lib/thumb/v7e-m+fp/hard\libg.a(lib_a-__atexit.o)
                0x080024b8                __register_exitproc
 *(.glue_7)
 .glue_7        0x08002544        0x0 linker stubs
 *(.glue_7t)
 .glue_7t       0x08002544        0x0 linker stubs
 *(.eh_frame)
 .eh_frame      0x08002544        0x0 d:/gcc-arm-none-eabi/bin/../lib/gcc/arm-none-eabi/10.3.1/thumb/v7e-m+fp/hard/crtbegin.o
 *(.init)
 .init          0x08002544        0x4 d:/gcc-arm-none-eabi/bin/../lib/gcc/arm-none-eabi/10.3.1/thumb/v7e-m+fp/hard/crti.o
                0x08002544                _init
 .init          0x08002548        0x8 d:/gcc-arm-none-eabi/bin/../lib/gcc/arm-none-eabi/10.3.1/thumb/v7e-m+fp/hard/crtn.o
 *(.fini)
 .fini          0x08002550        0x4 d:/gcc-arm-none-eabi/bin/../lib/gcc/arm-none-eabi/10.3.1/thumb/v7e-m+fp/hard/crti.o
                0x08002550                _fini
 .fini          0x08002554        0x8 d:/gcc-arm-none-eabi/bin/../lib/gcc/arm-none-eabi/10.3.1/thumb/v7e-m+fp/hard/crtn.o
                0x0800255c                . = ALIGN (0x4)
                0x0800255c                _etext = .

.vfp11_veneer   0x0800255c        0x0
 .vfp11_veneer  0x0800255c        0x0 linker stubs

.v4_bx          0x0800255c        0x0
 .v4_bx         0x0800255c        0x0 linker stubs

.iplt           0x0800255c        0x0
 .iplt          0x0800255c        0x0 d:/gcc-arm-none-eabi/bin/../lib/gcc/arm-none-eabi/10.3.1/thumb/v7e-m+fp/hard/crtbegin.o

.rodata         0x0800255c       0x6c
                0x0800255c                . = ALIGN (0x4)
 *(.rodata)
 .rodata        0x0800255c       0x38 CMakeFiles/FreeRTos.elf.dir/Core/Src/freertos.c.obj
 *(.rodata*)
 .rodata.str1.4
                0x08002594       0x16 CMakeFiles/FreeRTos.elf.dir/Core/Src/freertos.c.obj
 *fill*         0x080025aa        0x2 
 .rodata.D1CorePrescTable
                0x080025ac       0x10 CMakeFiles/FreeRTos.elf.dir/Core/Src/system_stm32h7xx.c.obj
                0x080025ac                D1CorePrescTable
 .rodata.vTaskStartScheduler.str1.4
                0x080025bc        0x5 CMakeFiles/FreeRTos.elf.dir/Middlewares/Third_Party/FreeRTOS/Source/tasks.c.obj
 *fill*         0x080025c1        0x3 
 .rodata._global_impure_ptr
                0x080025c4        0x4 d:/gcc-arm-none-eabi/bin/../lib/gcc/arm-none-eabi/10.3.1/../../../../arm-none-eabi/lib/thumb/v7e-m+fp/hard\libg.a(lib_a-impure.o)
                0x080025c4                _global_impure_ptr
                0x080025c8                . = ALIGN (0x4)

.rel.dyn        0x080025c8        0x0
 .rel.iplt      0x080025c8        0x0 d:/gcc-arm-none-eabi/bin/../lib/gcc/arm-none-eabi/10.3.1/thumb/v7e-m+fp/hard/crtbegin.o

.ARM.extab
 *(.ARM.extab* .gnu.linkonce.armextab.*)

.ARM            0x080025c8        0x0
                0x080025c8                __exidx_start = .
 *(.ARM.exidx*)
                0x080025c8                __exidx_end = .

.preinit_array  0x080025c8        0x0
                0x080025c8                PROVIDE (__preinit_array_start = .)
 *(.preinit_array*)
                0x080025c8                PROVIDE (__preinit_array_end = .)

.init_array     0x080025c8        0x8
                0x080025c8                PROVIDE (__init_array_start = .)
 *(SORT_BY_NAME(.init_array.*))
 .init_array.00000
                0x080025c8        0x4 d:/gcc-arm-none-eabi/bin/../lib/gcc/arm-none-eabi/10.3.1/../../../../arm-none-eabi/lib/thumb/v7e-m+fp/hard\libg.a(lib_a-__call_atexit.o)
 *(.init_array*)
 .init_array    0x080025cc        0x4 d:/gcc-arm-none-eabi/bin/../lib/gcc/arm-none-eabi/10.3.1/thumb/v7e-m+fp/hard/crtbegin.o
                0x080025d0                PROVIDE (__init_array_end = .)

.fini_array     0x080025d0        0x4
                0x080025d0                PROVIDE (__fini_array_start = .)
 *(SORT_BY_NAME(.fini_array.*))
 *(.fini_array*)
 .fini_array    0x080025d0        0x4 d:/gcc-arm-none-eabi/bin/../lib/gcc/arm-none-eabi/10.3.1/thumb/v7e-m+fp/hard/crtbegin.o
                0x080025d4                PROVIDE (__fini_array_end = .)
                0x080025d4                _sidata = LOADADDR (.data)

.data           0x20000000      0x444 load address 0x080025d4
                0x20000000                . = ALIGN (0x4)
                0x20000000                _sdata = .
 *(.data)
 *(.data*)
 .data.SystemCoreClock
                0x20000000        0x4 CMakeFiles/FreeRTos.elf.dir/Core/Src/system_stm32h7xx.c.obj
                0x20000000                SystemCoreClock
 .data.SystemD2Clock
                0x20000004        0x4 CMakeFiles/FreeRTos.elf.dir/Core/Src/system_stm32h7xx.c.obj
                0x20000004                SystemD2Clock
 .data.uwTickFreq
                0x20000008        0x1 CMakeFiles/FreeRTos.elf.dir/Drivers/STM32H7xx_HAL_Driver/Src/stm32h7xx_hal.c.obj
                0x20000008                uwTickFreq
 *fill*         0x20000009        0x3 
 .data.uwTickPrio
                0x2000000c        0x4 CMakeFiles/FreeRTos.elf.dir/Drivers/STM32H7xx_HAL_Driver/Src/stm32h7xx_hal.c.obj
                0x2000000c                uwTickPrio
 .data.uxCriticalNesting
                0x20000010        0x4 CMakeFiles/FreeRTos.elf.dir/Middlewares/Third_Party/FreeRTOS/Source/portable/GCC/ARM_CM4F/port.c.obj
 *fill*         0x20000014        0x4 
 .data.impure_data
                0x20000018      0x428 d:/gcc-arm-none-eabi/bin/../lib/gcc/arm-none-eabi/10.3.1/../../../../arm-none-eabi/lib/thumb/v7e-m+fp/hard\libg.a(lib_a-impure.o)
 .data.__atexit_recursive_mutex
                0x20000440        0x4 d:/gcc-arm-none-eabi/bin/../lib/gcc/arm-none-eabi/10.3.1/../../../../arm-none-eabi/lib/thumb/v7e-m+fp/hard\libg.a(lib_a-__call_atexit.o)
                0x20000440                __atexit_recursive_mutex
                0x20000444                . = ALIGN (0x4)
                0x20000444                _edata = .

.igot.plt       0x20000444        0x0 load address 0x08002a18
 .igot.plt      0x20000444        0x0 d:/gcc-arm-none-eabi/bin/../lib/gcc/arm-none-eabi/10.3.1/thumb/v7e-m+fp/hard/crtbegin.o
                0x20000444                . = ALIGN (0x4)

.bss            0x20000444     0x3fd4 load address 0x08002a18
                0x20000444                _sbss = .
                0x20000444                __bss_start__ = _sbss
 *(.bss)
 .bss           0x20000444       0x1c d:/gcc-arm-none-eabi/bin/../lib/gcc/arm-none-eabi/10.3.1/thumb/v7e-m+fp/hard/crtbegin.o
 *(.bss*)
 .bss.LEDTask02Handle
                0x20000460        0x4 CMakeFiles/FreeRTos.elf.dir/Core/Src/freertos.c.obj
                0x20000460                LEDTask02Handle
 .bss.defaultTaskHandle
                0x20000464        0x4 CMakeFiles/FreeRTos.elf.dir/Core/Src/freertos.c.obj
                0x20000464                defaultTaskHandle
 .bss.xIdleStack
                0x20000468      0x200 CMakeFiles/FreeRTos.elf.dir/Core/Src/freertos.c.obj
 .bss.xIdleTaskTCBBuffer
                0x20000668       0x54 CMakeFiles/FreeRTos.elf.dir/Core/Src/freertos.c.obj
 .bss.uwTick    0x200006bc        0x4 CMakeFiles/FreeRTos.elf.dir/Drivers/STM32H7xx_HAL_Driver/Src/stm32h7xx_hal.c.obj
                0x200006bc                uwTick
 .bss.ucMaxSysCallPriority
                0x200006c0        0x1 CMakeFiles/FreeRTos.elf.dir/Middlewares/Third_Party/FreeRTOS/Source/portable/GCC/ARM_CM4F/port.c.obj
 *fill*         0x200006c1        0x3 
 .bss.ulMaxPRIGROUPValue
                0x200006c4        0x4 CMakeFiles/FreeRTos.elf.dir/Middlewares/Third_Party/FreeRTOS/Source/portable/GCC/ARM_CM4F/port.c.obj
 .bss.pxEnd     0x200006c8        0x4 CMakeFiles/FreeRTos.elf.dir/Middlewares/Third_Party/FreeRTOS/Source/portable/MemMang/heap_4.c.obj
 .bss.ucHeap    0x200006cc     0x3c00 CMakeFiles/FreeRTos.elf.dir/Middlewares/Third_Party/FreeRTOS/Source/portable/MemMang/heap_4.c.obj
 .bss.xBlockAllocatedBit
                0x200042cc        0x4 CMakeFiles/FreeRTos.elf.dir/Middlewares/Third_Party/FreeRTOS/Source/portable/MemMang/heap_4.c.obj
 .bss.xFreeBytesRemaining
                0x200042d0        0x4 CMakeFiles/FreeRTos.elf.dir/Middlewares/Third_Party/FreeRTOS/Source/portable/MemMang/heap_4.c.obj
 .bss.xMinimumEverFreeBytesRemaining
                0x200042d4        0x4 CMakeFiles/FreeRTos.elf.dir/Middlewares/Third_Party/FreeRTOS/Source/portable/MemMang/heap_4.c.obj
 .bss.xNumberOfSuccessfulAllocations
                0x200042d8        0x4 CMakeFiles/FreeRTos.elf.dir/Middlewares/Third_Party/FreeRTOS/Source/portable/MemMang/heap_4.c.obj
 .bss.xNumberOfSuccessfulFrees
                0x200042dc        0x4 CMakeFiles/FreeRTos.elf.dir/Middlewares/Third_Party/FreeRTOS/Source/portable/MemMang/heap_4.c.obj
 .bss.xStart    0x200042e0        0x8 CMakeFiles/FreeRTos.elf.dir/Middlewares/Third_Party/FreeRTOS/Source/portable/MemMang/heap_4.c.obj
 .bss.pxCurrentTCB
                0x200042e8        0x4 CMakeFiles/FreeRTos.elf.dir/Middlewares/Third_Party/FreeRTOS/Source/tasks.c.obj
                0x200042e8                pxCurrentTCB
 .bss.pxDelayedTaskList
                0x200042ec        0x4 CMakeFiles/FreeRTos.elf.dir/Middlewares/Third_Party/FreeRTOS/Source/tasks.c.obj
 .bss.pxOverflowDelayedTaskList
                0x200042f0        0x4 CMakeFiles/FreeRTos.elf.dir/Middlewares/Third_Party/FreeRTOS/Source/tasks.c.obj
 .bss.pxReadyTasksLists
                0x200042f4       0x8c CMakeFiles/FreeRTos.elf.dir/Middlewares/Third_Party/FreeRTOS/Source/tasks.c.obj
 .bss.uxCurrentNumberOfTasks
                0x20004380        0x4 CMakeFiles/FreeRTos.elf.dir/Middlewares/Third_Party/FreeRTOS/Source/tasks.c.obj
 .bss.uxDeletedTasksWaitingCleanUp
                0x20004384        0x4 CMakeFiles/FreeRTos.elf.dir/Middlewares/Third_Party/FreeRTOS/Source/tasks.c.obj
 .bss.uxSchedulerSuspended
                0x20004388        0x4 CMakeFiles/FreeRTos.elf.dir/Middlewares/Third_Party/FreeRTOS/Source/tasks.c.obj
 .bss.uxTaskNumber
                0x2000438c        0x4 CMakeFiles/FreeRTos.elf.dir/Middlewares/Third_Party/FreeRTOS/Source/tasks.c.obj
 .bss.uxTopReadyPriority
                0x20004390        0x4 CMakeFiles/FreeRTos.elf.dir/Middlewares/Third_Party/FreeRTOS/Source/tasks.c.obj
 .bss.xDelayedTaskList1
                0x20004394       0x14 CMakeFiles/FreeRTos.elf.dir/Middlewares/Third_Party/FreeRTOS/Source/tasks.c.obj
 .bss.xDelayedTaskList2
                0x200043a8       0x14 CMakeFiles/FreeRTos.elf.dir/Middlewares/Third_Party/FreeRTOS/Source/tasks.c.obj
 .bss.xIdleTaskHandle
                0x200043bc        0x4 CMakeFiles/FreeRTos.elf.dir/Middlewares/Third_Party/FreeRTOS/Source/tasks.c.obj
 .bss.xNextTaskUnblockTime
                0x200043c0        0x4 CMakeFiles/FreeRTos.elf.dir/Middlewares/Third_Party/FreeRTOS/Source/tasks.c.obj
 .bss.xNumOfOverflows
                0x200043c4        0x4 CMakeFiles/FreeRTos.elf.dir/Middlewares/Third_Party/FreeRTOS/Source/tasks.c.obj
 .bss.xPendedTicks
                0x200043c8        0x4 CMakeFiles/FreeRTos.elf.dir/Middlewares/Third_Party/FreeRTOS/Source/tasks.c.obj
 .bss.xPendingReadyList
                0x200043cc       0x14 CMakeFiles/FreeRTos.elf.dir/Middlewares/Third_Party/FreeRTOS/Source/tasks.c.obj
 .bss.xSchedulerRunning
                0x200043e0        0x4 CMakeFiles/FreeRTos.elf.dir/Middlewares/Third_Party/FreeRTOS/Source/tasks.c.obj
 .bss.xSuspendedTaskList
                0x200043e4       0x14 CMakeFiles/FreeRTos.elf.dir/Middlewares/Third_Party/FreeRTOS/Source/tasks.c.obj
 .bss.xTasksWaitingTermination
                0x200043f8       0x14 CMakeFiles/FreeRTos.elf.dir/Middlewares/Third_Party/FreeRTOS/Source/tasks.c.obj
 .bss.xTickCount
                0x2000440c        0x4 CMakeFiles/FreeRTos.elf.dir/Middlewares/Third_Party/FreeRTOS/Source/tasks.c.obj
 .bss.xYieldPending
                0x20004410        0x4 CMakeFiles/FreeRTos.elf.dir/Middlewares/Third_Party/FreeRTOS/Source/tasks.c.obj
 .bss.__lock___atexit_recursive_mutex
                0x20004414        0x1 d:/gcc-arm-none-eabi/bin/../lib/gcc/arm-none-eabi/10.3.1/../../../../arm-none-eabi/lib/thumb/v7e-m+fp/hard\libg.a(lib_a-lock.o)
                0x20004414                __lock___atexit_recursive_mutex
 *(COMMON)
                0x20004418                . = ALIGN (0x4)
 *fill*         0x20004415        0x3 
                0x20004418                _ebss = .
                0x20004418                __bss_end__ = _ebss

._user_heap_stack
                0x20004418      0x600 load address 0x08002a18
                0x20004418                . = ALIGN (0x8)
                0x20004418                PROVIDE (end = .)
                [!provide]                PROVIDE (_end = .)
                0x20004618                . = (. + _Min_Heap_Size)
 *fill*         0x20004418      0x200 
                0x20004a18                . = (. + _Min_Stack_Size)
 *fill*         0x20004618      0x400 
                0x20004a18                . = ALIGN (0x8)

/DISCARD/
 libc.a(*)
 libm.a(*)
 libgcc.a(*)

.ARM.attributes
                0x00000000       0x30
 *(.ARM.attributes)
 .ARM.attributes
                0x00000000       0x1e d:/gcc-arm-none-eabi/bin/../lib/gcc/arm-none-eabi/10.3.1/thumb/v7e-m+fp/hard/crti.o
 .ARM.attributes
                0x0000001e       0x34 d:/gcc-arm-none-eabi/bin/../lib/gcc/arm-none-eabi/10.3.1/thumb/v7e-m+fp/hard/crtbegin.o
 .ARM.attributes
                0x00000052       0x34 CMakeFiles/FreeRTos.elf.dir/Core/Src/freertos.c.obj
 .ARM.attributes
                0x00000086       0x34 CMakeFiles/FreeRTos.elf.dir/Core/Src/gpio.c.obj
 .ARM.attributes
                0x000000ba       0x34 CMakeFiles/FreeRTos.elf.dir/Core/Src/main.c.obj
 .ARM.attributes
                0x000000ee       0x34 CMakeFiles/FreeRTos.elf.dir/Core/Src/stm32h7xx_hal_msp.c.obj
 .ARM.attributes
                0x00000122       0x34 CMakeFiles/FreeRTos.elf.dir/Core/Src/stm32h7xx_it.c.obj
 .ARM.attributes
                0x00000156       0x34 CMakeFiles/FreeRTos.elf.dir/Core/Src/system_stm32h7xx.c.obj
 .ARM.attributes
                0x0000018a       0x34 CMakeFiles/FreeRTos.elf.dir/Drivers/STM32H7xx_HAL_Driver/Src/stm32h7xx_hal.c.obj
 .ARM.attributes
                0x000001be       0x34 CMakeFiles/FreeRTos.elf.dir/Drivers/STM32H7xx_HAL_Driver/Src/stm32h7xx_hal_cortex.c.obj
 .ARM.attributes
                0x000001f2       0x34 CMakeFiles/FreeRTos.elf.dir/Drivers/STM32H7xx_HAL_Driver/Src/stm32h7xx_hal_gpio.c.obj
 .ARM.attributes
                0x00000226       0x34 CMakeFiles/FreeRTos.elf.dir/Drivers/STM32H7xx_HAL_Driver/Src/stm32h7xx_hal_pwr_ex.c.obj
 .ARM.attributes
                0x0000025a       0x34 CMakeFiles/FreeRTos.elf.dir/Drivers/STM32H7xx_HAL_Driver/Src/stm32h7xx_hal_rcc.c.obj
 .ARM.attributes
                0x0000028e       0x34 CMakeFiles/FreeRTos.elf.dir/Middlewares/Third_Party/FreeRTOS/Source/CMSIS_RTOS/cmsis_os.c.obj
 .ARM.attributes
                0x000002c2       0x34 CMakeFiles/FreeRTos.elf.dir/Middlewares/Third_Party/FreeRTOS/Source/list.c.obj
 .ARM.attributes
                0x000002f6       0x34 CMakeFiles/FreeRTos.elf.dir/Middlewares/Third_Party/FreeRTOS/Source/portable/GCC/ARM_CM4F/port.c.obj
 .ARM.attributes
                0x0000032a       0x34 CMakeFiles/FreeRTos.elf.dir/Middlewares/Third_Party/FreeRTOS/Source/portable/MemMang/heap_4.c.obj
 .ARM.attributes
                0x0000035e       0x34 CMakeFiles/FreeRTos.elf.dir/Middlewares/Third_Party/FreeRTOS/Source/tasks.c.obj
 .ARM.attributes
                0x00000392       0x21 CMakeFiles/FreeRTos.elf.dir/startup/startup_stm32h750xx.s.obj
 .ARM.attributes
                0x000003b3       0x32 d:/gcc-arm-none-eabi/bin/../lib/gcc/arm-none-eabi/10.3.1/../../../../arm-none-eabi/lib/thumb/v7e-m+fp/hard\libg.a(lib_a-impure.o)
 .ARM.attributes
                0x000003e5       0x34 d:/gcc-arm-none-eabi/bin/../lib/gcc/arm-none-eabi/10.3.1/../../../../arm-none-eabi/lib/thumb/v7e-m+fp/hard\libg.a(lib_a-init.o)
 .ARM.attributes
                0x00000419       0x34 d:/gcc-arm-none-eabi/bin/../lib/gcc/arm-none-eabi/10.3.1/../../../../arm-none-eabi/lib/thumb/v7e-m+fp/hard\libg.a(lib_a-memset.o)
 .ARM.attributes
                0x0000044d       0x34 d:/gcc-arm-none-eabi/bin/../lib/gcc/arm-none-eabi/10.3.1/../../../../arm-none-eabi/lib/thumb/v7e-m+fp/hard\libg.a(lib_a-__call_atexit.o)
 .ARM.attributes
                0x00000481       0x34 d:/gcc-arm-none-eabi/bin/../lib/gcc/arm-none-eabi/10.3.1/../../../../arm-none-eabi/lib/thumb/v7e-m+fp/hard\libg.a(lib_a-atexit.o)
 .ARM.attributes
                0x000004b5       0x34 d:/gcc-arm-none-eabi/bin/../lib/gcc/arm-none-eabi/10.3.1/../../../../arm-none-eabi/lib/thumb/v7e-m+fp/hard\libg.a(lib_a-fini.o)
 .ARM.attributes
                0x000004e9       0x34 d:/gcc-arm-none-eabi/bin/../lib/gcc/arm-none-eabi/10.3.1/../../../../arm-none-eabi/lib/thumb/v7e-m+fp/hard\libg.a(lib_a-lock.o)
 .ARM.attributes
                0x0000051d       0x34 d:/gcc-arm-none-eabi/bin/../lib/gcc/arm-none-eabi/10.3.1/../../../../arm-none-eabi/lib/thumb/v7e-m+fp/hard\libg.a(lib_a-__atexit.o)
 .ARM.attributes
                0x00000551       0x1e d:/gcc-arm-none-eabi/bin/../lib/gcc/arm-none-eabi/10.3.1/thumb/v7e-m+fp/hard/crtn.o
OUTPUT(FreeRTos.elf elf32-littlearm)
LOAD linker stubs
LOAD d:/gcc-arm-none-eabi/bin/../lib/gcc/arm-none-eabi/10.3.1/../../../../arm-none-eabi/lib/thumb/v7e-m+fp/hard\libc.a
LOAD d:/gcc-arm-none-eabi/bin/../lib/gcc/arm-none-eabi/10.3.1/../../../../arm-none-eabi/lib/thumb/v7e-m+fp/hard\libm.a
LOAD d:/gcc-arm-none-eabi/bin/../lib/gcc/arm-none-eabi/10.3.1/thumb/v7e-m+fp/hard\libgcc.a

.debug_info     0x00000000     0xe03b
 .debug_info    0x00000000      0x5d9 CMakeFiles/FreeRTos.elf.dir/Core/Src/freertos.c.obj
 .debug_info    0x000005d9      0x63a CMakeFiles/FreeRTos.elf.dir/Core/Src/gpio.c.obj
 .debug_info    0x00000c13      0x6fc CMakeFiles/FreeRTos.elf.dir/Core/Src/main.c.obj
 .debug_info    0x0000130f      0x85c CMakeFiles/FreeRTos.elf.dir/Core/Src/stm32h7xx_hal_msp.c.obj
 .debug_info    0x00001b6b      0x158 CMakeFiles/FreeRTos.elf.dir/Core/Src/stm32h7xx_it.c.obj
 .debug_info    0x00001cc3      0xd30 CMakeFiles/FreeRTos.elf.dir/Core/Src/system_stm32h7xx.c.obj
 .debug_info    0x000029f3     0x16a6 CMakeFiles/FreeRTos.elf.dir/Drivers/STM32H7xx_HAL_Driver/Src/stm32h7xx_hal.c.obj
 .debug_info    0x00004099     0x13f0 CMakeFiles/FreeRTos.elf.dir/Drivers/STM32H7xx_HAL_Driver/Src/stm32h7xx_hal_cortex.c.obj
 .debug_info    0x00005489      0xd66 CMakeFiles/FreeRTos.elf.dir/Drivers/STM32H7xx_HAL_Driver/Src/stm32h7xx_hal_gpio.c.obj
 .debug_info    0x000061ef     0x122e CMakeFiles/FreeRTos.elf.dir/Drivers/STM32H7xx_HAL_Driver/Src/stm32h7xx_hal_pwr_ex.c.obj
 .debug_info    0x0000741d     0x121e CMakeFiles/FreeRTos.elf.dir/Drivers/STM32H7xx_HAL_Driver/Src/stm32h7xx_hal_rcc.c.obj
 .debug_info    0x0000863b     0x222d CMakeFiles/FreeRTos.elf.dir/Middlewares/Third_Party/FreeRTOS/Source/CMSIS_RTOS/cmsis_os.c.obj
 .debug_info    0x0000a868      0x2e0 CMakeFiles/FreeRTos.elf.dir/Middlewares/Third_Party/FreeRTOS/Source/list.c.obj
 .debug_info    0x0000ab48      0x587 CMakeFiles/FreeRTos.elf.dir/Middlewares/Third_Party/FreeRTOS/Source/portable/GCC/ARM_CM4F/port.c.obj
 .debug_info    0x0000b0cf      0x5d9 CMakeFiles/FreeRTos.elf.dir/Middlewares/Third_Party/FreeRTOS/Source/portable/MemMang/heap_4.c.obj
 .debug_info    0x0000b6a8     0x2971 CMakeFiles/FreeRTos.elf.dir/Middlewares/Third_Party/FreeRTOS/Source/tasks.c.obj
 .debug_info    0x0000e019       0x22 CMakeFiles/FreeRTos.elf.dir/startup/startup_stm32h750xx.s.obj

.debug_abbrev   0x00000000     0x21aa
 .debug_abbrev  0x00000000      0x199 CMakeFiles/FreeRTos.elf.dir/Core/Src/freertos.c.obj
 .debug_abbrev  0x00000199      0x181 CMakeFiles/FreeRTos.elf.dir/Core/Src/gpio.c.obj
 .debug_abbrev  0x0000031a      0x1e8 CMakeFiles/FreeRTos.elf.dir/Core/Src/main.c.obj
 .debug_abbrev  0x00000502      0x12a CMakeFiles/FreeRTos.elf.dir/Core/Src/stm32h7xx_hal_msp.c.obj
 .debug_abbrev  0x0000062c       0xa0 CMakeFiles/FreeRTos.elf.dir/Core/Src/stm32h7xx_it.c.obj
 .debug_abbrev  0x000006cc      0x14a CMakeFiles/FreeRTos.elf.dir/Core/Src/system_stm32h7xx.c.obj
 .debug_abbrev  0x00000816      0x264 CMakeFiles/FreeRTos.elf.dir/Drivers/STM32H7xx_HAL_Driver/Src/stm32h7xx_hal.c.obj
 .debug_abbrev  0x00000a7a      0x37d CMakeFiles/FreeRTos.elf.dir/Drivers/STM32H7xx_HAL_Driver/Src/stm32h7xx_hal_cortex.c.obj
 .debug_abbrev  0x00000df7      0x239 CMakeFiles/FreeRTos.elf.dir/Drivers/STM32H7xx_HAL_Driver/Src/stm32h7xx_hal_gpio.c.obj
 .debug_abbrev  0x00001030      0x29b CMakeFiles/FreeRTos.elf.dir/Drivers/STM32H7xx_HAL_Driver/Src/stm32h7xx_hal_pwr_ex.c.obj
 .debug_abbrev  0x000012cb      0x27f CMakeFiles/FreeRTos.elf.dir/Drivers/STM32H7xx_HAL_Driver/Src/stm32h7xx_hal_rcc.c.obj
 .debug_abbrev  0x0000154a      0x37f CMakeFiles/FreeRTos.elf.dir/Middlewares/Third_Party/FreeRTOS/Source/CMSIS_RTOS/cmsis_os.c.obj
 .debug_abbrev  0x000018c9      0x106 CMakeFiles/FreeRTos.elf.dir/Middlewares/Third_Party/FreeRTOS/Source/list.c.obj
 .debug_abbrev  0x000019cf      0x26b CMakeFiles/FreeRTos.elf.dir/Middlewares/Third_Party/FreeRTOS/Source/portable/GCC/ARM_CM4F/port.c.obj
 .debug_abbrev  0x00001c3a      0x24b CMakeFiles/FreeRTos.elf.dir/Middlewares/Third_Party/FreeRTOS/Source/portable/MemMang/heap_4.c.obj
 .debug_abbrev  0x00001e85      0x313 CMakeFiles/FreeRTos.elf.dir/Middlewares/Third_Party/FreeRTOS/Source/tasks.c.obj
 .debug_abbrev  0x00002198       0x12 CMakeFiles/FreeRTos.elf.dir/startup/startup_stm32h750xx.s.obj

.debug_loc      0x00000000     0x55cd
 .debug_loc     0x00000000       0x4a CMakeFiles/FreeRTos.elf.dir/Core/Src/freertos.c.obj
 .debug_loc     0x0000004a      0x1a0 CMakeFiles/FreeRTos.elf.dir/Core/Src/system_stm32h7xx.c.obj
 .debug_loc     0x000001ea      0x3fa CMakeFiles/FreeRTos.elf.dir/Drivers/STM32H7xx_HAL_Driver/Src/stm32h7xx_hal.c.obj
 .debug_loc     0x000005e4      0x726 CMakeFiles/FreeRTos.elf.dir/Drivers/STM32H7xx_HAL_Driver/Src/stm32h7xx_hal_cortex.c.obj
 .debug_loc     0x00000d0a      0x3c6 CMakeFiles/FreeRTos.elf.dir/Drivers/STM32H7xx_HAL_Driver/Src/stm32h7xx_hal_gpio.c.obj
 .debug_loc     0x000010d0      0x4df CMakeFiles/FreeRTos.elf.dir/Drivers/STM32H7xx_HAL_Driver/Src/stm32h7xx_hal_pwr_ex.c.obj
 .debug_loc     0x000015af      0x8e3 CMakeFiles/FreeRTos.elf.dir/Drivers/STM32H7xx_HAL_Driver/Src/stm32h7xx_hal_rcc.c.obj
 .debug_loc     0x00001e92     0x12e6 CMakeFiles/FreeRTos.elf.dir/Middlewares/Third_Party/FreeRTOS/Source/CMSIS_RTOS/cmsis_os.c.obj
 .debug_loc     0x00003178       0xad CMakeFiles/FreeRTos.elf.dir/Middlewares/Third_Party/FreeRTOS/Source/list.c.obj
 .debug_loc     0x00003225      0x124 CMakeFiles/FreeRTos.elf.dir/Middlewares/Third_Party/FreeRTOS/Source/portable/GCC/ARM_CM4F/port.c.obj
 .debug_loc     0x00003349      0x434 CMakeFiles/FreeRTos.elf.dir/Middlewares/Third_Party/FreeRTOS/Source/portable/MemMang/heap_4.c.obj
 .debug_loc     0x0000377d     0x1e50 CMakeFiles/FreeRTos.elf.dir/Middlewares/Third_Party/FreeRTOS/Source/tasks.c.obj

.debug_aranges  0x00000000      0xa70
 .debug_aranges
                0x00000000       0x38 CMakeFiles/FreeRTos.elf.dir/Core/Src/freertos.c.obj
 .debug_aranges
                0x00000038       0x20 CMakeFiles/FreeRTos.elf.dir/Core/Src/gpio.c.obj
 .debug_aranges
                0x00000058       0x30 CMakeFiles/FreeRTos.elf.dir/Core/Src/main.c.obj
 .debug_aranges
                0x00000088       0x20 CMakeFiles/FreeRTos.elf.dir/Core/Src/stm32h7xx_hal_msp.c.obj
 .debug_aranges
                0x000000a8       0x50 CMakeFiles/FreeRTos.elf.dir/Core/Src/stm32h7xx_it.c.obj
 .debug_aranges
                0x000000f8       0x28 CMakeFiles/FreeRTos.elf.dir/Core/Src/system_stm32h7xx.c.obj
 .debug_aranges
                0x00000120      0x198 CMakeFiles/FreeRTos.elf.dir/Drivers/STM32H7xx_HAL_Driver/Src/stm32h7xx_hal.c.obj
 .debug_aranges
                0x000002b8       0xb0 CMakeFiles/FreeRTos.elf.dir/Drivers/STM32H7xx_HAL_Driver/Src/stm32h7xx_hal_cortex.c.obj
 .debug_aranges
                0x00000368       0x58 CMakeFiles/FreeRTos.elf.dir/Drivers/STM32H7xx_HAL_Driver/Src/stm32h7xx_hal_gpio.c.obj
 .debug_aranges
                0x000003c0      0x158 CMakeFiles/FreeRTos.elf.dir/Drivers/STM32H7xx_HAL_Driver/Src/stm32h7xx_hal_pwr_ex.c.obj
 .debug_aranges
                0x00000518       0x88 CMakeFiles/FreeRTos.elf.dir/Drivers/STM32H7xx_HAL_Driver/Src/stm32h7xx_hal_rcc.c.obj
 .debug_aranges
                0x000005a0      0x1d8 CMakeFiles/FreeRTos.elf.dir/Middlewares/Third_Party/FreeRTOS/Source/CMSIS_RTOS/cmsis_os.c.obj
 .debug_aranges
                0x00000778       0x40 CMakeFiles/FreeRTos.elf.dir/Middlewares/Third_Party/FreeRTOS/Source/list.c.obj
 .debug_aranges
                0x000007b8       0x80 CMakeFiles/FreeRTos.elf.dir/Middlewares/Third_Party/FreeRTOS/Source/portable/GCC/ARM_CM4F/port.c.obj
 .debug_aranges
                0x00000838       0x58 CMakeFiles/FreeRTos.elf.dir/Middlewares/Third_Party/FreeRTOS/Source/portable/MemMang/heap_4.c.obj
 .debug_aranges
                0x00000890      0x1b8 CMakeFiles/FreeRTos.elf.dir/Middlewares/Third_Party/FreeRTOS/Source/tasks.c.obj
 .debug_aranges
                0x00000a48       0x28 CMakeFiles/FreeRTos.elf.dir/startup/startup_stm32h750xx.s.obj

.debug_ranges   0x00000000      0xb88
 .debug_ranges  0x00000000       0x28 CMakeFiles/FreeRTos.elf.dir/Core/Src/freertos.c.obj
 .debug_ranges  0x00000028       0x10 CMakeFiles/FreeRTos.elf.dir/Core/Src/gpio.c.obj
 .debug_ranges  0x00000038       0x20 CMakeFiles/FreeRTos.elf.dir/Core/Src/main.c.obj
 .debug_ranges  0x00000058       0x10 CMakeFiles/FreeRTos.elf.dir/Core/Src/stm32h7xx_hal_msp.c.obj
 .debug_ranges  0x00000068       0x40 CMakeFiles/FreeRTos.elf.dir/Core/Src/stm32h7xx_it.c.obj
 .debug_ranges  0x000000a8       0x18 CMakeFiles/FreeRTos.elf.dir/Core/Src/system_stm32h7xx.c.obj
 .debug_ranges  0x000000c0      0x188 CMakeFiles/FreeRTos.elf.dir/Drivers/STM32H7xx_HAL_Driver/Src/stm32h7xx_hal.c.obj
 .debug_ranges  0x00000248      0x100 CMakeFiles/FreeRTos.elf.dir/Drivers/STM32H7xx_HAL_Driver/Src/stm32h7xx_hal_cortex.c.obj
 .debug_ranges  0x00000348       0x48 CMakeFiles/FreeRTos.elf.dir/Drivers/STM32H7xx_HAL_Driver/Src/stm32h7xx_hal_gpio.c.obj
 .debug_ranges  0x00000390      0x1a8 CMakeFiles/FreeRTos.elf.dir/Drivers/STM32H7xx_HAL_Driver/Src/stm32h7xx_hal_pwr_ex.c.obj
 .debug_ranges  0x00000538       0xe8 CMakeFiles/FreeRTos.elf.dir/Drivers/STM32H7xx_HAL_Driver/Src/stm32h7xx_hal_rcc.c.obj
 .debug_ranges  0x00000620      0x1c8 CMakeFiles/FreeRTos.elf.dir/Middlewares/Third_Party/FreeRTOS/Source/CMSIS_RTOS/cmsis_os.c.obj
 .debug_ranges  0x000007e8       0x30 CMakeFiles/FreeRTos.elf.dir/Middlewares/Third_Party/FreeRTOS/Source/list.c.obj
 .debug_ranges  0x00000818       0x88 CMakeFiles/FreeRTos.elf.dir/Middlewares/Third_Party/FreeRTOS/Source/portable/GCC/ARM_CM4F/port.c.obj
 .debug_ranges  0x000008a0       0x48 CMakeFiles/FreeRTos.elf.dir/Middlewares/Third_Party/FreeRTOS/Source/portable/MemMang/heap_4.c.obj
 .debug_ranges  0x000008e8      0x280 CMakeFiles/FreeRTos.elf.dir/Middlewares/Third_Party/FreeRTOS/Source/tasks.c.obj
 .debug_ranges  0x00000b68       0x20 CMakeFiles/FreeRTos.elf.dir/startup/startup_stm32h750xx.s.obj

.debug_line     0x00000000     0x9284
 .debug_line    0x00000000      0x3da CMakeFiles/FreeRTos.elf.dir/Core/Src/freertos.c.obj
 .debug_line    0x000003da      0x1f5 CMakeFiles/FreeRTos.elf.dir/Core/Src/gpio.c.obj
 .debug_line    0x000005cf      0x42b CMakeFiles/FreeRTos.elf.dir/Core/Src/main.c.obj
 .debug_line    0x000009fa      0x1dc CMakeFiles/FreeRTos.elf.dir/Core/Src/stm32h7xx_hal_msp.c.obj
 .debug_line    0x00000bd6      0x2e9 CMakeFiles/FreeRTos.elf.dir/Core/Src/stm32h7xx_it.c.obj
 .debug_line    0x00000ebf      0x46c CMakeFiles/FreeRTos.elf.dir/Core/Src/system_stm32h7xx.c.obj
 .debug_line    0x0000132b      0x934 CMakeFiles/FreeRTos.elf.dir/Drivers/STM32H7xx_HAL_Driver/Src/stm32h7xx_hal.c.obj
 .debug_line    0x00001c5f      0x7ff CMakeFiles/FreeRTos.elf.dir/Drivers/STM32H7xx_HAL_Driver/Src/stm32h7xx_hal_cortex.c.obj
 .debug_line    0x0000245e      0x6fe CMakeFiles/FreeRTos.elf.dir/Drivers/STM32H7xx_HAL_Driver/Src/stm32h7xx_hal_gpio.c.obj
 .debug_line    0x00002b5c      0xaf4 CMakeFiles/FreeRTos.elf.dir/Drivers/STM32H7xx_HAL_Driver/Src/stm32h7xx_hal_pwr_ex.c.obj
 .debug_line    0x00003650     0x1233 CMakeFiles/FreeRTos.elf.dir/Drivers/STM32H7xx_HAL_Driver/Src/stm32h7xx_hal_rcc.c.obj
 .debug_line    0x00004883     0x1202 CMakeFiles/FreeRTos.elf.dir/Middlewares/Third_Party/FreeRTOS/Source/CMSIS_RTOS/cmsis_os.c.obj
 .debug_line    0x00005a85      0x3a4 CMakeFiles/FreeRTos.elf.dir/Middlewares/Third_Party/FreeRTOS/Source/list.c.obj
 .debug_line    0x00005e29      0x755 CMakeFiles/FreeRTos.elf.dir/Middlewares/Third_Party/FreeRTOS/Source/portable/GCC/ARM_CM4F/port.c.obj
 .debug_line    0x0000657e      0x75f CMakeFiles/FreeRTos.elf.dir/Middlewares/Third_Party/FreeRTOS/Source/portable/MemMang/heap_4.c.obj
 .debug_line    0x00006cdd     0x24fc CMakeFiles/FreeRTos.elf.dir/Middlewares/Third_Party/FreeRTOS/Source/tasks.c.obj
 .debug_line    0x000091d9       0xab CMakeFiles/FreeRTos.elf.dir/startup/startup_stm32h750xx.s.obj

.debug_str      0x00000000     0x4803
 .debug_str     0x00000000      0x51d CMakeFiles/FreeRTos.elf.dir/Core/Src/freertos.c.obj
                                0x5a5 (size before relaxing)
 .debug_str     0x0000051d      0x2dc CMakeFiles/FreeRTos.elf.dir/Core/Src/gpio.c.obj
                                0x500 (size before relaxing)
 .debug_str     0x000007f9      0x312 CMakeFiles/FreeRTos.elf.dir/Core/Src/main.c.obj
                                0x53f (size before relaxing)
 .debug_str     0x00000b0b      0x86f CMakeFiles/FreeRTos.elf.dir/Core/Src/stm32h7xx_hal_msp.c.obj
                                0xc90 (size before relaxing)
 .debug_str     0x0000137a       0xf1 CMakeFiles/FreeRTos.elf.dir/Core/Src/stm32h7xx_it.c.obj
                                0x2b7 (size before relaxing)
 .debug_str     0x0000146b      0x36e CMakeFiles/FreeRTos.elf.dir/Core/Src/system_stm32h7xx.c.obj
                                0x78c (size before relaxing)
 .debug_str     0x000017d9      0x75e CMakeFiles/FreeRTos.elf.dir/Drivers/STM32H7xx_HAL_Driver/Src/stm32h7xx_hal.c.obj
                               0x151c (size before relaxing)
 .debug_str     0x00001f37      0x47e CMakeFiles/FreeRTos.elf.dir/Drivers/STM32H7xx_HAL_Driver/Src/stm32h7xx_hal_cortex.c.obj
                               0x10b4 (size before relaxing)
 .debug_str     0x000023b5      0x114 CMakeFiles/FreeRTos.elf.dir/Drivers/STM32H7xx_HAL_Driver/Src/stm32h7xx_hal_gpio.c.obj
                                0x731 (size before relaxing)
 .debug_str     0x000024c9      0x57e CMakeFiles/FreeRTos.elf.dir/Drivers/STM32H7xx_HAL_Driver/Src/stm32h7xx_hal_pwr_ex.c.obj
                                0xaa6 (size before relaxing)
 .debug_str     0x00002a47      0x1bc CMakeFiles/FreeRTos.elf.dir/Drivers/STM32H7xx_HAL_Driver/Src/stm32h7xx_hal_rcc.c.obj
                                0xa77 (size before relaxing)
 .debug_str     0x00002c03      0xbc1 CMakeFiles/FreeRTos.elf.dir/Middlewares/Third_Party/FreeRTOS/Source/CMSIS_RTOS/cmsis_os.c.obj
                               0x10a8 (size before relaxing)
 .debug_str     0x000037c4      0x163 CMakeFiles/FreeRTos.elf.dir/Middlewares/Third_Party/FreeRTOS/Source/list.c.obj
                                0x35d (size before relaxing)
 .debug_str     0x00003927      0x257 CMakeFiles/FreeRTos.elf.dir/Middlewares/Third_Party/FreeRTOS/Source/portable/GCC/ARM_CM4F/port.c.obj
                                0x4dd (size before relaxing)
 .debug_str     0x00003b7e      0x2fc CMakeFiles/FreeRTos.elf.dir/Middlewares/Third_Party/FreeRTOS/Source/portable/MemMang/heap_4.c.obj
                                0x56b (size before relaxing)
 .debug_str     0x00003e7a      0x930 CMakeFiles/FreeRTos.elf.dir/Middlewares/Third_Party/FreeRTOS/Source/tasks.c.obj
                               0x1076 (size before relaxing)
 .debug_str     0x000047aa       0x59 CMakeFiles/FreeRTos.elf.dir/startup/startup_stm32h750xx.s.obj
                                 0x98 (size before relaxing)

.comment        0x00000000       0x49
 .comment       0x00000000       0x49 CMakeFiles/FreeRTos.elf.dir/Core/Src/freertos.c.obj
                                 0x4a (size before relaxing)
 .comment       0x00000049       0x4a CMakeFiles/FreeRTos.elf.dir/Core/Src/gpio.c.obj
 .comment       0x00000049       0x4a CMakeFiles/FreeRTos.elf.dir/Core/Src/main.c.obj
 .comment       0x00000049       0x4a CMakeFiles/FreeRTos.elf.dir/Core/Src/stm32h7xx_hal_msp.c.obj
 .comment       0x00000049       0x4a CMakeFiles/FreeRTos.elf.dir/Core/Src/stm32h7xx_it.c.obj
 .comment       0x00000049       0x4a CMakeFiles/FreeRTos.elf.dir/Core/Src/system_stm32h7xx.c.obj
 .comment       0x00000049       0x4a CMakeFiles/FreeRTos.elf.dir/Drivers/STM32H7xx_HAL_Driver/Src/stm32h7xx_hal.c.obj
 .comment       0x00000049       0x4a CMakeFiles/FreeRTos.elf.dir/Drivers/STM32H7xx_HAL_Driver/Src/stm32h7xx_hal_cortex.c.obj
 .comment       0x00000049       0x4a CMakeFiles/FreeRTos.elf.dir/Drivers/STM32H7xx_HAL_Driver/Src/stm32h7xx_hal_gpio.c.obj
 .comment       0x00000049       0x4a CMakeFiles/FreeRTos.elf.dir/Drivers/STM32H7xx_HAL_Driver/Src/stm32h7xx_hal_pwr_ex.c.obj
 .comment       0x00000049       0x4a CMakeFiles/FreeRTos.elf.dir/Drivers/STM32H7xx_HAL_Driver/Src/stm32h7xx_hal_rcc.c.obj
 .comment       0x00000049       0x4a CMakeFiles/FreeRTos.elf.dir/Middlewares/Third_Party/FreeRTOS/Source/CMSIS_RTOS/cmsis_os.c.obj
 .comment       0x00000049       0x4a CMakeFiles/FreeRTos.elf.dir/Middlewares/Third_Party/FreeRTOS/Source/list.c.obj
 .comment       0x00000049       0x4a CMakeFiles/FreeRTos.elf.dir/Middlewares/Third_Party/FreeRTOS/Source/portable/GCC/ARM_CM4F/port.c.obj
 .comment       0x00000049       0x4a CMakeFiles/FreeRTos.elf.dir/Middlewares/Third_Party/FreeRTOS/Source/portable/MemMang/heap_4.c.obj
 .comment       0x00000049       0x4a CMakeFiles/FreeRTos.elf.dir/Middlewares/Third_Party/FreeRTOS/Source/tasks.c.obj

.debug_frame    0x00000000     0x1b54
 .debug_frame   0x00000000       0x70 CMakeFiles/FreeRTos.elf.dir/Core/Src/freertos.c.obj
 .debug_frame   0x00000070       0x30 CMakeFiles/FreeRTos.elf.dir/Core/Src/gpio.c.obj
 .debug_frame   0x000000a0       0x58 CMakeFiles/FreeRTos.elf.dir/Core/Src/main.c.obj
 .debug_frame   0x000000f8       0x2c CMakeFiles/FreeRTos.elf.dir/Core/Src/stm32h7xx_hal_msp.c.obj
 .debug_frame   0x00000124       0x88 CMakeFiles/FreeRTos.elf.dir/Core/Src/stm32h7xx_it.c.obj
 .debug_frame   0x000001ac       0x3c CMakeFiles/FreeRTos.elf.dir/Core/Src/system_stm32h7xx.c.obj
 .debug_frame   0x000001e8      0x360 CMakeFiles/FreeRTos.elf.dir/Drivers/STM32H7xx_HAL_Driver/Src/stm32h7xx_hal.c.obj
 .debug_frame   0x00000548      0x158 CMakeFiles/FreeRTos.elf.dir/Drivers/STM32H7xx_HAL_Driver/Src/stm32h7xx_hal_cortex.c.obj
 .debug_frame   0x000006a0       0xd4 CMakeFiles/FreeRTos.elf.dir/Drivers/STM32H7xx_HAL_Driver/Src/stm32h7xx_hal_gpio.c.obj
 .debug_frame   0x00000774      0x2f4 CMakeFiles/FreeRTos.elf.dir/Drivers/STM32H7xx_HAL_Driver/Src/stm32h7xx_hal_pwr_ex.c.obj
 .debug_frame   0x00000a68      0x18c CMakeFiles/FreeRTos.elf.dir/Drivers/STM32H7xx_HAL_Driver/Src/stm32h7xx_hal_rcc.c.obj
 .debug_frame   0x00000bf4      0x58c CMakeFiles/FreeRTos.elf.dir/Middlewares/Third_Party/FreeRTOS/Source/CMSIS_RTOS/cmsis_os.c.obj
 .debug_frame   0x00001180       0x70 CMakeFiles/FreeRTos.elf.dir/Middlewares/Third_Party/FreeRTOS/Source/list.c.obj
 .debug_frame   0x000011f0      0x110 CMakeFiles/FreeRTos.elf.dir/Middlewares/Third_Party/FreeRTOS/Source/portable/GCC/ARM_CM4F/port.c.obj
 .debug_frame   0x00001300       0xd0 CMakeFiles/FreeRTos.elf.dir/Middlewares/Third_Party/FreeRTOS/Source/portable/MemMang/heap_4.c.obj
 .debug_frame   0x000013d0      0x58c CMakeFiles/FreeRTos.elf.dir/Middlewares/Third_Party/FreeRTOS/Source/tasks.c.obj
 .debug_frame   0x0000195c       0x2c d:/gcc-arm-none-eabi/bin/../lib/gcc/arm-none-eabi/10.3.1/../../../../arm-none-eabi/lib/thumb/v7e-m+fp/hard\libg.a(lib_a-init.o)
 .debug_frame   0x00001988       0x2c d:/gcc-arm-none-eabi/bin/../lib/gcc/arm-none-eabi/10.3.1/../../../../arm-none-eabi/lib/thumb/v7e-m+fp/hard\libg.a(lib_a-memset.o)
 .debug_frame   0x000019b4       0x68 d:/gcc-arm-none-eabi/bin/../lib/gcc/arm-none-eabi/10.3.1/../../../../arm-none-eabi/lib/thumb/v7e-m+fp/hard\libg.a(lib_a-__call_atexit.o)
 .debug_frame   0x00001a1c       0x20 d:/gcc-arm-none-eabi/bin/../lib/gcc/arm-none-eabi/10.3.1/../../../../arm-none-eabi/lib/thumb/v7e-m+fp/hard\libg.a(lib_a-atexit.o)
 .debug_frame   0x00001a3c       0x34 d:/gcc-arm-none-eabi/bin/../lib/gcc/arm-none-eabi/10.3.1/../../../../arm-none-eabi/lib/thumb/v7e-m+fp/hard\libg.a(lib_a-fini.o)
 .debug_frame   0x00001a70       0xb0 d:/gcc-arm-none-eabi/bin/../lib/gcc/arm-none-eabi/10.3.1/../../../../arm-none-eabi/lib/thumb/v7e-m+fp/hard\libg.a(lib_a-lock.o)
 .debug_frame   0x00001b20       0x34 d:/gcc-arm-none-eabi/bin/../lib/gcc/arm-none-eabi/10.3.1/../../../../arm-none-eabi/lib/thumb/v7e-m+fp/hard\libg.a(lib_a-__atexit.o)
