Archive member included to satisfy reference by file (symbol)

d:/gcc-arm-none-eabi/bin/../lib/gcc/arm-none-eabi/10.3.1/thumb/v7e-m/nofp\libgcc.a(_arm_mulsf3.o)
                              CMakeFiles/LED.elf.dir/Core/Src/system_stm32h7xx.c.obj (__aeabi_fmul)
d:/gcc-arm-none-eabi/bin/../lib/gcc/arm-none-eabi/10.3.1/thumb/v7e-m/nofp\libgcc.a(_arm_addsubsf3.o)
                              CMakeFiles/LED.elf.dir/Core/Src/system_stm32h7xx.c.obj (__aeabi_fadd)
d:/gcc-arm-none-eabi/bin/../lib/gcc/arm-none-eabi/10.3.1/thumb/v7e-m/nofp\libgcc.a(_arm_muldivsf3.o)
                              CMakeFiles/LED.elf.dir/Core/Src/system_stm32h7xx.c.obj (__aeabi_fdiv)
d:/gcc-arm-none-eabi/bin/../lib/gcc/arm-none-eabi/10.3.1/thumb/v7e-m/nofp\libgcc.a(_arm_fixunssfsi.o)
                              CMakeFiles/LED.elf.dir/Core/Src/system_stm32h7xx.c.obj (__aeabi_f2uiz)
d:/gcc-arm-none-eabi/bin/../lib/gcc/arm-none-eabi/10.3.1/../../../../arm-none-eabi/lib/thumb/v7e-m/nofp\libg.a(lib_a-errno.o)
                              CMakeFiles/LED.elf.dir/Core/Src/syscalls.c.obj (__errno)
d:/gcc-arm-none-eabi/bin/../lib/gcc/arm-none-eabi/10.3.1/../../../../arm-none-eabi/lib/thumb/v7e-m/nofp\libg.a(lib_a-exit.o)
                              d:/gcc-arm-none-eabi/bin/../lib/gcc/arm-none-eabi/10.3.1/../../../../arm-none-eabi/lib/thumb/v7e-m/nofp/crt0.o (exit)
d:/gcc-arm-none-eabi/bin/../lib/gcc/arm-none-eabi/10.3.1/../../../../arm-none-eabi/lib/thumb/v7e-m/nofp\libg.a(lib_a-impure.o)
                              d:/gcc-arm-none-eabi/bin/../lib/gcc/arm-none-eabi/10.3.1/../../../../arm-none-eabi/lib/thumb/v7e-m/nofp\libg.a(lib_a-exit.o) (_global_impure_ptr)
d:/gcc-arm-none-eabi/bin/../lib/gcc/arm-none-eabi/10.3.1/../../../../arm-none-eabi/lib/thumb/v7e-m/nofp\libg.a(lib_a-init.o)
                              d:/gcc-arm-none-eabi/bin/../lib/gcc/arm-none-eabi/10.3.1/../../../../arm-none-eabi/lib/thumb/v7e-m/nofp/crt0.o (__libc_init_array)
d:/gcc-arm-none-eabi/bin/../lib/gcc/arm-none-eabi/10.3.1/../../../../arm-none-eabi/lib/thumb/v7e-m/nofp\libg.a(lib_a-memset.o)
                              d:/gcc-arm-none-eabi/bin/../lib/gcc/arm-none-eabi/10.3.1/../../../../arm-none-eabi/lib/thumb/v7e-m/nofp/crt0.o (memset)
d:/gcc-arm-none-eabi/bin/../lib/gcc/arm-none-eabi/10.3.1/../../../../arm-none-eabi/lib/thumb/v7e-m/nofp\libg.a(lib_a-__call_atexit.o)
                              d:/gcc-arm-none-eabi/bin/../lib/gcc/arm-none-eabi/10.3.1/../../../../arm-none-eabi/lib/thumb/v7e-m/nofp\libg.a(lib_a-exit.o) (__call_exitprocs)
d:/gcc-arm-none-eabi/bin/../lib/gcc/arm-none-eabi/10.3.1/../../../../arm-none-eabi/lib/thumb/v7e-m/nofp\libg.a(lib_a-atexit.o)
                              d:/gcc-arm-none-eabi/bin/../lib/gcc/arm-none-eabi/10.3.1/../../../../arm-none-eabi/lib/thumb/v7e-m/nofp\libg.a(lib_a-__call_atexit.o) (atexit)
d:/gcc-arm-none-eabi/bin/../lib/gcc/arm-none-eabi/10.3.1/../../../../arm-none-eabi/lib/thumb/v7e-m/nofp\libg.a(lib_a-fini.o)
                              d:/gcc-arm-none-eabi/bin/../lib/gcc/arm-none-eabi/10.3.1/../../../../arm-none-eabi/lib/thumb/v7e-m/nofp\libg.a(lib_a-__call_atexit.o) (__libc_fini_array)
d:/gcc-arm-none-eabi/bin/../lib/gcc/arm-none-eabi/10.3.1/../../../../arm-none-eabi/lib/thumb/v7e-m/nofp\libg.a(lib_a-lock.o)
                              d:/gcc-arm-none-eabi/bin/../lib/gcc/arm-none-eabi/10.3.1/../../../../arm-none-eabi/lib/thumb/v7e-m/nofp\libg.a(lib_a-__call_atexit.o) (__retarget_lock_acquire_recursive)
d:/gcc-arm-none-eabi/bin/../lib/gcc/arm-none-eabi/10.3.1/../../../../arm-none-eabi/lib/thumb/v7e-m/nofp\libg.a(lib_a-__atexit.o)
                              d:/gcc-arm-none-eabi/bin/../lib/gcc/arm-none-eabi/10.3.1/../../../../arm-none-eabi/lib/thumb/v7e-m/nofp\libg.a(lib_a-atexit.o) (__register_exitproc)

Discarded input sections

 .text          0x00000000        0x0 d:/gcc-arm-none-eabi/bin/../lib/gcc/arm-none-eabi/10.3.1/thumb/v7e-m/nofp/crti.o
 .data          0x00000000        0x0 d:/gcc-arm-none-eabi/bin/../lib/gcc/arm-none-eabi/10.3.1/thumb/v7e-m/nofp/crti.o
 .bss           0x00000000        0x0 d:/gcc-arm-none-eabi/bin/../lib/gcc/arm-none-eabi/10.3.1/thumb/v7e-m/nofp/crti.o
 .data          0x00000000        0x4 d:/gcc-arm-none-eabi/bin/../lib/gcc/arm-none-eabi/10.3.1/thumb/v7e-m/nofp/crtbegin.o
 .rodata        0x00000000       0x24 d:/gcc-arm-none-eabi/bin/../lib/gcc/arm-none-eabi/10.3.1/thumb/v7e-m/nofp/crtbegin.o
 .text          0x00000000       0x7c d:/gcc-arm-none-eabi/bin/../lib/gcc/arm-none-eabi/10.3.1/../../../../arm-none-eabi/lib/thumb/v7e-m/nofp/crt0.o
 .data          0x00000000        0x0 d:/gcc-arm-none-eabi/bin/../lib/gcc/arm-none-eabi/10.3.1/../../../../arm-none-eabi/lib/thumb/v7e-m/nofp/crt0.o
 .bss           0x00000000        0x0 d:/gcc-arm-none-eabi/bin/../lib/gcc/arm-none-eabi/10.3.1/../../../../arm-none-eabi/lib/thumb/v7e-m/nofp/crt0.o
[...]
Memory Configuration

Name             Origin             Length             Attributes
DTCMRAM          0x20000000         0x00020000         xrw
RAM_D1           0x24000000         0x00080000         xrw
RAM_D2           0x30000000         0x00048000         xrw
RAM_D3           0x38000000         0x00010000         xrw
ITCMRAM          0x00000000         0x00010000         xrw
FLASH            0x08000000         0x00020000         xr
*default*        0x00000000         0xffffffff

Linker script and memory map

LOAD d:/gcc-arm-none-eabi/bin/../lib/gcc/arm-none-eabi/10.3.1/thumb/v7e-m/nofp/crti.o
LOAD d:/gcc-arm-none-eabi/bin/../lib/gcc/arm-none-eabi/10.3.1/thumb/v7e-m/nofp/crtbegin.o
LOAD d:/gcc-arm-none-eabi/bin/../lib/gcc/arm-none-eabi/10.3.1/../../../../arm-none-eabi/lib/thumb/v7e-m/nofp/crt0.o
LOAD CMakeFiles/LED.elf.dir/Core/Src/gpio.c.obj
LOAD CMakeFiles/LED.elf.dir/Core/Src/main.c.obj
LOAD CMakeFiles/LED.elf.dir/Core/Src/stm32h7xx_hal_msp.c.obj
LOAD CMakeFiles/LED.elf.dir/Core/Src/stm32h7xx_it.c.obj
LOAD CMakeFiles/LED.elf.dir/Core/Src/syscalls.c.obj
LOAD CMakeFiles/LED.elf.dir/Core/Src/system_stm32h7xx.c.obj
LOAD CMakeFiles/LED.elf.dir/Drivers/STM32H7xx_HAL_Driver/Src/stm32h7xx_hal.c.obj
LOAD CMakeFiles/LED.elf.dir/Drivers/STM32H7xx_HAL_Driver/Src/stm32h7xx_hal_cortex.c.obj
LOAD CMakeFiles/LED.elf.dir/Drivers/STM32H7xx_HAL_Driver/Src/stm32h7xx_hal_dma.c.obj
LOAD CMakeFiles/LED.elf.dir/Drivers/STM32H7xx_HAL_Driver/Src/stm32h7xx_hal_dma_ex.c.obj
LOAD CMakeFiles/LED.elf.dir/Drivers/STM32H7xx_HAL_Driver/Src/stm32h7xx_hal_exti.c.obj
LOAD CMakeFiles/LED.elf.dir/Drivers/STM32H7xx_HAL_Driver/Src/stm32h7xx_hal_flash.c.obj
LOAD CMakeFiles/LED.elf.dir/Drivers/STM32H7xx_HAL_Driver/Src/stm32h7xx_hal_flash_ex.c.obj
LOAD CMakeFiles/LED.elf.dir/Drivers/STM32H7xx_HAL_Driver/Src/stm32h7xx_hal_gpio.c.obj
LOAD CMakeFiles/LED.elf.dir/Drivers/STM32H7xx_HAL_Driver/Src/stm32h7xx_hal_hsem.c.obj
LOAD CMakeFiles/LED.elf.dir/Drivers/STM32H7xx_HAL_Driver/Src/stm32h7xx_hal_i2c.c.obj
LOAD CMakeFiles/LED.elf.dir/Drivers/STM32H7xx_HAL_Driver/Src/stm32h7xx_hal_i2c_ex.c.obj
LOAD CMakeFiles/LED.elf.dir/Drivers/STM32H7xx_HAL_Driver/Src/stm32h7xx_hal_mdma.c.obj
LOAD CMakeFiles/LED.elf.dir/Drivers/STM32H7xx_HAL_Driver/Src/stm32h7xx_hal_pwr.c.obj
LOAD CMakeFiles/LED.elf.dir/Drivers/STM32H7xx_HAL_Driver/Src/stm32h7xx_hal_pwr_ex.c.obj
LOAD CMakeFiles/LED.elf.dir/Drivers/STM32H7xx_HAL_Driver/Src/stm32h7xx_hal_rcc.c.obj
LOAD CMakeFiles/LED.elf.dir/Drivers/STM32H7xx_HAL_Driver/Src/stm32h7xx_hal_rcc_ex.c.obj
LOAD CMakeFiles/LED.elf.dir/Drivers/STM32H7xx_HAL_Driver/Src/stm32h7xx_hal_tim.c.obj
LOAD CMakeFiles/LED.elf.dir/Drivers/STM32H7xx_HAL_Driver/Src/stm32h7xx_hal_tim_ex.c.obj
LOAD CMakeFiles/LED.elf.dir/startup/startup_stm32h750xx.s.obj
START GROUP
LOAD d:/gcc-arm-none-eabi/bin/../lib/gcc/arm-none-eabi/10.3.1/thumb/v7e-m/nofp\libgcc.a
LOAD d:/gcc-arm-none-eabi/bin/../lib/gcc/arm-none-eabi/10.3.1/../../../../arm-none-eabi/lib/thumb/v7e-m/nofp\libg.a
LOAD d:/gcc-arm-none-eabi/bin/../lib/gcc/arm-none-eabi/10.3.1/../../../../arm-none-eabi/lib/thumb/v7e-m/nofp\libc.a
END GROUP
LOAD d:/gcc-arm-none-eabi/bin/../lib/gcc/arm-none-eabi/10.3.1/thumb/v7e-m/nofp/crtend.o
LOAD d:/gcc-arm-none-eabi/bin/../lib/gcc/arm-none-eabi/10.3.1/thumb/v7e-m/nofp/crtn.o
                0x20020000                _estack = 0x20020000
                0x00000200                _Min_Heap_Size = 0x200
                0x00000400                _Min_Stack_Size = 0x400

.isr_vector     0x08000000      0x298
                0x08000000                . = ALIGN (0x4)
 *(.isr_vector)
 .isr_vector    0x08000000      0x298 CMakeFiles/LED.elf.dir/startup/startup_stm32h750xx.s.obj
                0x08000000                g_pfnVectors
                0x08000298                . = ALIGN (0x4)

.text           0x08000298     0x1910
                0x08000298                . = ALIGN (0x4)
 *(.text)
 .text          0x08000298       0x40 d:/gcc-arm-none-eabi/bin/../lib/gcc/arm-none-eabi/10.3.1/thumb/v7e-m/nofp/crtbegin.o
 .text          0x080002d8      0x21c d:/gcc-arm-none-eabi/bin/../lib/gcc/arm-none-eabi/10.3.1/thumb/v7e-m/nofp\libgcc.a(_arm_addsubsf3.o)
                0x080002d8                __aeabi_frsub
                0x080002e0                __subsf3
                0x080002e0                __aeabi_fsub
                0x080002e4                __aeabi_fadd
                0x080002e4                __addsf3
                0x08000444                __aeabi_ui2f
                0x08000444                __floatunsisf
                0x0800044c                __aeabi_i2f
                0x0800044c                __floatsisf
                0x08000468                __aeabi_ul2f
                0x08000468                __floatundisf
                0x08000478                __aeabi_l2f
                0x08000478                __floatdisf
 .text          0x080004f4      0x2a0 d:/gcc-arm-none-eabi/bin/../lib/gcc/arm-none-eabi/10.3.1/thumb/v7e-m/nofp\libgcc.a(_arm_muldivsf3.o)
                0x080004f4                __mulsf3
                0x080004f4                __aeabi_fmul
                0x0800065c                __aeabi_fdiv
                0x0800065c                __divsf3
 .text          0x08000794       0x40 d:/gcc-arm-none-eabi/bin/../lib/gcc/arm-none-eabi/10.3.1/thumb/v7e-m/nofp\libgcc.a(_arm_fixunssfsi.o)
                0x08000794                __fixunssfsi
                0x08000794                __aeabi_f2uiz
 *(.text*)
 .text.MX_GPIO_Init
                0x080007d4       0x88 CMakeFiles/LED.elf.dir/Core/Src/gpio.c.obj
                0x080007d4                MX_GPIO_Init
 .text.Error_Handler
                0x0800085c        0x4 CMakeFiles/LED.elf.dir/Core/Src/main.c.obj
                0x0800085c                Error_Handler
 .text.SystemClock_Config
                0x08000860       0xbc CMakeFiles/LED.elf.dir/Core/Src/main.c.obj
                0x08000860                SystemClock_Config
 .text.main     0x0800091c       0x20 CMakeFiles/LED.elf.dir/Core/Src/main.c.obj
                0x0800091c                main
 .text.HAL_MspInit
                0x0800093c       0x24 CMakeFiles/LED.elf.dir/Core/Src/stm32h7xx_hal_msp.c.obj
                0x0800093c                HAL_MspInit
 .text.NMI_Handler
                0x08000960        0x2 CMakeFiles/LED.elf.dir/Core/Src/stm32h7xx_it.c.obj
                0x08000960                NMI_Handler
 .text.HardFault_Handler
                0x08000962        0x2 CMakeFiles/LED.elf.dir/Core/Src/stm32h7xx_it.c.obj
                0x08000962                HardFault_Handler
 .text.MemManage_Handler
                0x08000964        0x2 CMakeFiles/LED.elf.dir/Core/Src/stm32h7xx_it.c.obj
                0x08000964                MemManage_Handler
 .text.BusFault_Handler
                0x08000966        0x2 CMakeFiles/LED.elf.dir/Core/Src/stm32h7xx_it.c.obj
                0x08000966                BusFault_Handler
 .text.UsageFault_Handler
                0x08000968        0x2 CMakeFiles/LED.elf.dir/Core/Src/stm32h7xx_it.c.obj
                0x08000968                UsageFault_Handler
 .text.SVC_Handler
                0x0800096a        0x2 CMakeFiles/LED.elf.dir/Core/Src/stm32h7xx_it.c.obj
                0x0800096a                SVC_Handler
 .text.DebugMon_Handler
                0x0800096c        0x2 CMakeFiles/LED.elf.dir/Core/Src/stm32h7xx_it.c.obj
                0x0800096c                DebugMon_Handler
 .text.PendSV_Handler
                0x0800096e        0x2 CMakeFiles/LED.elf.dir/Core/Src/stm32h7xx_it.c.obj
                0x0800096e                PendSV_Handler
 .text.SysTick_Handler
                0x08000970        0x8 CMakeFiles/LED.elf.dir/Core/Src/stm32h7xx_it.c.obj
                0x08000970                SysTick_Handler
 .text.SystemInit
                0x08000978       0xbc CMakeFiles/LED.elf.dir/Core/Src/system_stm32h7xx.c.obj
                0x08000978                SystemInit
 .text.HAL_InitTick
                0x08000a34       0x50 CMakeFiles/LED.elf.dir/Drivers/STM32H7xx_HAL_Driver/Src/stm32h7xx_hal.c.obj
                0x08000a34                HAL_InitTick
 .text.HAL_Init
                0x08000a84       0x5c CMakeFiles/LED.elf.dir/Drivers/STM32H7xx_HAL_Driver/Src/stm32h7xx_hal.c.obj
                0x08000a84                HAL_Init
 .text.HAL_IncTick
                0x08000ae0       0x18 CMakeFiles/LED.elf.dir/Drivers/STM32H7xx_HAL_Driver/Src/stm32h7xx_hal.c.obj
                0x08000ae0                HAL_IncTick
 .text.HAL_GetTick
                0x08000af8        0xc CMakeFiles/LED.elf.dir/Drivers/STM32H7xx_HAL_Driver/Src/stm32h7xx_hal.c.obj
                0x08000af8                HAL_GetTick
 .text.HAL_GetREVID
                0x08000b04        0xc CMakeFiles/LED.elf.dir/Drivers/STM32H7xx_HAL_Driver/Src/stm32h7xx_hal.c.obj
                0x08000b04                HAL_GetREVID
 .text.HAL_NVIC_SetPriorityGrouping
                0x08000b10       0x24 CMakeFiles/LED.elf.dir/Drivers/STM32H7xx_HAL_Driver/Src/stm32h7xx_hal_cortex.c.obj
                0x08000b10                HAL_NVIC_SetPriorityGrouping
 .text.HAL_NVIC_SetPriority
                0x08000b34       0x6c CMakeFiles/LED.elf.dir/Drivers/STM32H7xx_HAL_Driver/Src/stm32h7xx_hal_cortex.c.obj
                0x08000b34                HAL_NVIC_SetPriority
 .text.HAL_SYSTICK_Config
                0x08000ba0       0x28 CMakeFiles/LED.elf.dir/Drivers/STM32H7xx_HAL_Driver/Src/stm32h7xx_hal_cortex.c.obj
                0x08000ba0                HAL_SYSTICK_Config
 .text.HAL_GPIO_Init
                0x08000bc8      0x228 CMakeFiles/LED.elf.dir/Drivers/STM32H7xx_HAL_Driver/Src/stm32h7xx_hal_gpio.c.obj
                0x08000bc8                HAL_GPIO_Init
 .text.HAL_GPIO_WritePin
                0x08000df0        0xc CMakeFiles/LED.elf.dir/Drivers/STM32H7xx_HAL_Driver/Src/stm32h7xx_hal_gpio.c.obj
                0x08000df0                HAL_GPIO_WritePin
 .text.HAL_PWREx_ConfigSupply
                0x08000dfc       0x54 CMakeFiles/LED.elf.dir/Drivers/STM32H7xx_HAL_Driver/Src/stm32h7xx_hal_pwr_ex.c.obj
                0x08000dfc                HAL_PWREx_ConfigSupply
 .text.HAL_RCC_OscConfig
                0x08000e50      0x674 CMakeFiles/LED.elf.dir/Drivers/STM32H7xx_HAL_Driver/Src/stm32h7xx_hal_rcc.c.obj
                0x08000e50                HAL_RCC_OscConfig
 .text.HAL_RCC_GetSysClockFreq
                0x080014c4      0x218 CMakeFiles/LED.elf.dir/Drivers/STM32H7xx_HAL_Driver/Src/stm32h7xx_hal_rcc.c.obj
                0x080014c4                HAL_RCC_GetSysClockFreq
 .text.HAL_RCC_ClockConfig
                0x080016dc      0x294 CMakeFiles/LED.elf.dir/Drivers/STM32H7xx_HAL_Driver/Src/stm32h7xx_hal_rcc.c.obj
                0x080016dc                HAL_RCC_ClockConfig
 .text.Reset_Handler
                0x08001970       0x50 CMakeFiles/LED.elf.dir/startup/startup_stm32h750xx.s.obj
                0x08001970                Reset_Handler
 .text.Default_Handler
                0x080019c0        0x2 CMakeFiles/LED.elf.dir/startup/startup_stm32h750xx.s.obj
                0x080019c0                RTC_Alarm_IRQHandler
                0x080019c0                HASH_RNG_IRQHandler
                0x080019c0                EXTI2_IRQHandler
                0x080019c0                TIM8_CC_IRQHandler
                0x080019c0                HRTIM1_Master_IRQHandler
                0x080019c0                UART8_IRQHandler
                0x080019c0                SPI4_IRQHandler
                0x080019c0                TIM1_CC_IRQHandler
                0x080019c0                BDMA_Channel6_IRQHandler
                0x080019c0                DMA2_Stream5_IRQHandler
                0x080019c0                HRTIM1_FLT_IRQHandler
                0x080019c0                JPEG_IRQHandler
                0x080019c0                DMA1_Stream5_IRQHandler
                0x080019c0                BDMA_Channel1_IRQHandler
                0x080019c0                HRTIM1_TIMD_IRQHandler
                0x080019c0                TAMP_STAMP_IRQHandler
                0x080019c0                EXTI3_IRQHandler
                0x080019c0                LPTIM4_IRQHandler
                0x080019c0                TIM8_TRG_COM_TIM14_IRQHandler
                0x080019c0                LPTIM2_IRQHandler
                0x080019c0                DFSDM1_FLT1_IRQHandler
                0x080019c0                DMAMUX2_OVR_IRQHandler
                0x080019c0                TIM8_UP_TIM13_IRQHandler
                0x080019c0                I2C3_ER_IRQHandler
                0x080019c0                DFSDM1_FLT2_IRQHandler
                0x080019c0                MDMA_IRQHandler
                0x080019c0                LPTIM3_IRQHandler
                0x080019c0                HSEM1_IRQHandler
                0x080019c0                EXTI0_IRQHandler
                0x080019c0                I2C2_EV_IRQHandler
                0x080019c0                DMA1_Stream2_IRQHandler
                0x080019c0                FPU_IRQHandler
                0x080019c0                OTG_HS_WKUP_IRQHandler
                0x080019c0                FDCAN1_IT1_IRQHandler
                0x080019c0                LTDC_ER_IRQHandler
                0x080019c0                DMA2_Stream2_IRQHandler
                0x080019c0                HRTIM1_TIME_IRQHandler
                0x080019c0                SPI1_IRQHandler
                0x080019c0                TIM6_DAC_IRQHandler
                0x080019c0                DCMI_IRQHandler
                0x080019c0                HRTIM1_TIMC_IRQHandler
                0x080019c0                DMA2_Stream3_IRQHandler
                0x080019c0                SAI2_IRQHandler
                0x080019c0                DFSDM1_FLT3_IRQHandler
                0x080019c0                USART6_IRQHandler
                0x080019c0                TIM17_IRQHandler
                0x080019c0                USART3_IRQHandler
                0x080019c0                BDMA_Channel7_IRQHandler
                0x080019c0                CRYP_IRQHandler
                0x080019c0                LPTIM5_IRQHandler
                0x080019c0                UART5_IRQHandler
                0x080019c0                ADC3_IRQHandler
                0x080019c0                DMA2_Stream0_IRQHandler
                0x080019c0                TIM4_IRQHandler
                0x080019c0                BDMA_Channel2_IRQHandler
                0x080019c0                QUADSPI_IRQHandler
                0x080019c0                I2C1_EV_IRQHandler
                0x080019c0                DMA1_Stream6_IRQHandler
                0x080019c0                DMAMUX1_OVR_IRQHandler
                0x080019c0                DMA1_Stream1_IRQHandler
                0x080019c0                TIM16_IRQHandler
                0x080019c0                UART4_IRQHandler
                0x080019c0                BDMA_Channel5_IRQHandler
                0x080019c0                TIM3_IRQHandler
                0x080019c0                RCC_IRQHandler
                0x080019c0                TIM8_BRK_TIM12_IRQHandler
                0x080019c0                TIM1_TRG_COM_IRQHandler
                0x080019c0                Default_Handler
                0x080019c0                ECC_IRQHandler
                0x080019c0                CEC_IRQHandler
                0x080019c0                EXTI15_10_IRQHandler
                0x080019c0                BDMA_Channel0_IRQHandler
                0x080019c0                ADC_IRQHandler
                0x080019c0                DMA1_Stream7_IRQHandler
                0x080019c0                HRTIM1_TIMA_IRQHandler
                0x080019c0                SPI5_IRQHandler
                0x080019c0                TIM7_IRQHandler
                0x080019c0                SDMMC1_IRQHandler
                0x080019c0                TIM5_IRQHandler
                0x080019c0                DMA2_Stream7_IRQHandler
                0x080019c0                TIM15_IRQHandler
                0x080019c0                PVD_AVD_IRQHandler
                0x080019c0                I2C3_EV_IRQHandler
                0x080019c0                EXTI9_5_IRQHandler
                0x080019c0                RTC_WKUP_IRQHandler
                0x080019c0                LTDC_IRQHandler
                0x080019c0                SAI3_IRQHandler
                0x080019c0                ETH_WKUP_IRQHandler
                0x080019c0                SPDIF_RX_IRQHandler
                0x080019c0                SPI2_IRQHandler
                0x080019c0                OTG_HS_EP1_IN_IRQHandler
                0x080019c0                DMA1_Stream0_IRQHandler
                0x080019c0                CRS_IRQHandler
                0x080019c0                EXTI4_IRQHandler
                0x080019c0                HRTIM1_TIMB_IRQHandler
                0x080019c0                FDCAN2_IT1_IRQHandler
                0x080019c0                ETH_IRQHandler
                0x080019c0                TIM1_UP_IRQHandler
                0x080019c0                BDMA_Channel4_IRQHandler
                0x080019c0                OTG_HS_EP1_OUT_IRQHandler
                0x080019c0                WWDG_IRQHandler
                0x080019c0                SPI6_IRQHandler
                0x080019c0                MDIOS_IRQHandler
                0x080019c0                I2C4_EV_IRQHandler
                0x080019c0                FDCAN2_IT0_IRQHandler
                0x080019c0                LPUART1_IRQHandler
                0x080019c0                FDCAN1_IT0_IRQHandler
                0x080019c0                TIM2_IRQHandler
                0x080019c0                OTG_FS_WKUP_IRQHandler
                0x080019c0                OTG_HS_IRQHandler
                0x080019c0                DMA2D_IRQHandler
                0x080019c0                TIM1_BRK_IRQHandler
                0x080019c0                EXTI1_IRQHandler
                0x080019c0                SDMMC2_IRQHandler
                0x080019c0                OTG_FS_EP1_OUT_IRQHandler
                0x080019c0                BDMA_Channel3_IRQHandler
                0x080019c0                UART7_IRQHandler
                0x080019c0                MDIOS_WKUP_IRQHandler
                0x080019c0                USART2_IRQHandler
                0x080019c0                DFSDM1_FLT0_IRQHandler
                0x080019c0                SAI4_IRQHandler
                0x080019c0                I2C2_ER_IRQHandler
                0x080019c0                DMA2_Stream1_IRQHandler
                0x080019c0                FLASH_IRQHandler
                0x080019c0                DMA2_Stream4_IRQHandler
                0x080019c0                USART1_IRQHandler
                0x080019c0                OTG_FS_IRQHandler
                0x080019c0                SPI3_IRQHandler
                0x080019c0                WAKEUP_PIN_IRQHandler
                0x080019c0                DMA1_Stream4_IRQHandler
                0x080019c0                OTG_FS_EP1_IN_IRQHandler
                0x080019c0                I2C1_ER_IRQHandler
                0x080019c0                FMC_IRQHandler
                0x080019c0                FDCAN_CAL_IRQHandler
                0x080019c0                SWPMI1_IRQHandler
                0x080019c0                COMP1_IRQHandler
                0x080019c0                LPTIM1_IRQHandler
                0x080019c0                I2C4_ER_IRQHandler
                0x080019c0                DMA2_Stream6_IRQHandler
                0x080019c0                SAI1_IRQHandler
                0x080019c0                DMA1_Stream3_IRQHandler
 *fill*         0x080019c2        0x2 
 .text.__libc_init_array
                0x080019c4       0x48 d:/gcc-arm-none-eabi/bin/../lib/gcc/arm-none-eabi/10.3.1/../../../../arm-none-eabi/lib/thumb/v7e-m/nofp\libg.a(lib_a-init.o)
                0x080019c4                __libc_init_array
 .text.memset   0x08001a0c       0xa4 d:/gcc-arm-none-eabi/bin/../lib/gcc/arm-none-eabi/10.3.1/../../../../arm-none-eabi/lib/thumb/v7e-m/nofp\libg.a(lib_a-memset.o)
                0x08001a0c                memset
 .text.startup.register_fini
                0x08001ab0       0x14 d:/gcc-arm-none-eabi/bin/../lib/gcc/arm-none-eabi/10.3.1/../../../../arm-none-eabi/lib/thumb/v7e-m/nofp\libg.a(lib_a-__call_atexit.o)
 .text.atexit   0x08001ac4        0xc d:/gcc-arm-none-eabi/bin/../lib/gcc/arm-none-eabi/10.3.1/../../../../arm-none-eabi/lib/thumb/v7e-m/nofp\libg.a(lib_a-atexit.o)
                0x08001ac4                atexit
 .text.__libc_fini_array
                0x08001ad0       0x2c d:/gcc-arm-none-eabi/bin/../lib/gcc/arm-none-eabi/10.3.1/../../../../arm-none-eabi/lib/thumb/v7e-m/nofp\libg.a(lib_a-fini.o)
                0x08001ad0                __libc_fini_array
 .text.__retarget_lock_acquire_recursive
                0x08001afc        0x4 d:/gcc-arm-none-eabi/bin/../lib/gcc/arm-none-eabi/10.3.1/../../../../arm-none-eabi/lib/thumb/v7e-m/nofp\libg.a(lib_a-lock.o)
                0x08001afc                __retarget_lock_acquire_recursive
 .text.__retarget_lock_release_recursive
                0x08001b00        0x4 d:/gcc-arm-none-eabi/bin/../lib/gcc/arm-none-eabi/10.3.1/../../../../arm-none-eabi/lib/thumb/v7e-m/nofp\libg.a(lib_a-lock.o)
                0x08001b00                __retarget_lock_release_recursive
 .text.__register_exitproc
                0x08001b04       0x8c d:/gcc-arm-none-eabi/bin/../lib/gcc/arm-none-eabi/10.3.1/../../../../arm-none-eabi/lib/thumb/v7e-m/nofp\libg.a(lib_a-__atexit.o)
                0x08001b04                __register_exitproc
 *(.glue_7)
 .glue_7        0x08001b90        0x0 linker stubs
 *(.glue_7t)
 .glue_7t       0x08001b90        0x0 linker stubs
 *(.eh_frame)
 .eh_frame      0x08001b90        0x0 d:/gcc-arm-none-eabi/bin/../lib/gcc/arm-none-eabi/10.3.1/thumb/v7e-m/nofp/crtbegin.o
 *(.init)
 .init          0x08001b90        0x4 d:/gcc-arm-none-eabi/bin/../lib/gcc/arm-none-eabi/10.3.1/thumb/v7e-m/nofp/crti.o
                0x08001b90                _init
 .init          0x08001b94        0x8 d:/gcc-arm-none-eabi/bin/../lib/gcc/arm-none-eabi/10.3.1/thumb/v7e-m/nofp/crtn.o
 *(.fini)
 .fini          0x08001b9c        0x4 d:/gcc-arm-none-eabi/bin/../lib/gcc/arm-none-eabi/10.3.1/thumb/v7e-m/nofp/crti.o
                0x08001b9c                _fini
 .fini          0x08001ba0        0x8 d:/gcc-arm-none-eabi/bin/../lib/gcc/arm-none-eabi/10.3.1/thumb/v7e-m/nofp/crtn.o
                0x08001ba8                . = ALIGN (0x4)
                0x08001ba8                _etext = .

.vfp11_veneer   0x08001ba8        0x0
 .vfp11_veneer  0x08001ba8        0x0 linker stubs

.v4_bx          0x08001ba8        0x0
 .v4_bx         0x08001ba8        0x0 linker stubs

.iplt           0x08001ba8        0x0
 .iplt          0x08001ba8        0x0 d:/gcc-arm-none-eabi/bin/../lib/gcc/arm-none-eabi/10.3.1/thumb/v7e-m/nofp/crtbegin.o

.rodata         0x08001ba8       0x14
                0x08001ba8                . = ALIGN (0x4)
 *(.rodata)
 *(.rodata*)
 .rodata.D1CorePrescTable
                0x08001ba8       0x10 CMakeFiles/LED.elf.dir/Core/Src/system_stm32h7xx.c.obj
                0x08001ba8                D1CorePrescTable
 .rodata._global_impure_ptr
                0x08001bb8        0x4 d:/gcc-arm-none-eabi/bin/../lib/gcc/arm-none-eabi/10.3.1/../../../../arm-none-eabi/lib/thumb/v7e-m/nofp\libg.a(lib_a-impure.o)
                0x08001bb8                _global_impure_ptr
                0x08001bbc                . = ALIGN (0x4)

.rel.dyn        0x08001bbc        0x0
 .rel.iplt      0x08001bbc        0x0 d:/gcc-arm-none-eabi/bin/../lib/gcc/arm-none-eabi/10.3.1/thumb/v7e-m/nofp/crtbegin.o

.ARM.extab
 *(.ARM.extab* .gnu.linkonce.armextab.*)

.ARM            0x08001bbc        0x0
                0x08001bbc                __exidx_start = .
 *(.ARM.exidx*)
                0x08001bbc                __exidx_end = .

.preinit_array  0x08001bbc        0x0
                0x08001bbc                PROVIDE (__preinit_array_start = .)
 *(.preinit_array*)
                0x08001bbc                PROVIDE (__preinit_array_end = .)

.init_array     0x08001bbc        0x8
                0x08001bbc                PROVIDE (__init_array_start = .)
 *(SORT_BY_NAME(.init_array.*))
 .init_array.00000
                0x08001bbc        0x4 d:/gcc-arm-none-eabi/bin/../lib/gcc/arm-none-eabi/10.3.1/../../../../arm-none-eabi/lib/thumb/v7e-m/nofp\libg.a(lib_a-__call_atexit.o)
 *(.init_array*)
 .init_array    0x08001bc0        0x4 d:/gcc-arm-none-eabi/bin/../lib/gcc/arm-none-eabi/10.3.1/thumb/v7e-m/nofp/crtbegin.o
                0x08001bc4                PROVIDE (__init_array_end = .)

.fini_array     0x08001bc4        0x4
                0x08001bc4                PROVIDE (__fini_array_start = .)
 *(SORT_BY_NAME(.fini_array.*))
 *(.fini_array*)
 .fini_array    0x08001bc4        0x4 d:/gcc-arm-none-eabi/bin/../lib/gcc/arm-none-eabi/10.3.1/thumb/v7e-m/nofp/crtbegin.o
                0x08001bc8                PROVIDE (__fini_array_end = .)
                0x08001bc8                _sidata = LOADADDR (.data)

.data           0x20000000      0x43c load address 0x08001bc8
                0x20000000                . = ALIGN (0x4)
                0x20000000                _sdata = .
 *(.data)
 *(.data*)
 .data.SystemCoreClock
                0x20000000        0x4 CMakeFiles/LED.elf.dir/Core/Src/system_stm32h7xx.c.obj
                0x20000000                SystemCoreClock
 .data.SystemD2Clock
                0x20000004        0x4 CMakeFiles/LED.elf.dir/Core/Src/system_stm32h7xx.c.obj
                0x20000004                SystemD2Clock
 .data.uwTickFreq
                0x20000008        0x1 CMakeFiles/LED.elf.dir/Drivers/STM32H7xx_HAL_Driver/Src/stm32h7xx_hal.c.obj
                0x20000008                uwTickFreq
 *fill*         0x20000009        0x3 
 .data.uwTickPrio
                0x2000000c        0x4 CMakeFiles/LED.elf.dir/Drivers/STM32H7xx_HAL_Driver/Src/stm32h7xx_hal.c.obj
                0x2000000c                uwTickPrio
 .data.impure_data
                0x20000010      0x428 d:/gcc-arm-none-eabi/bin/../lib/gcc/arm-none-eabi/10.3.1/../../../../arm-none-eabi/lib/thumb/v7e-m/nofp\libg.a(lib_a-impure.o)
 .data.__atexit_recursive_mutex
                0x20000438        0x4 d:/gcc-arm-none-eabi/bin/../lib/gcc/arm-none-eabi/10.3.1/../../../../arm-none-eabi/lib/thumb/v7e-m/nofp\libg.a(lib_a-__call_atexit.o)
                0x20000438                __atexit_recursive_mutex
                0x2000043c                . = ALIGN (0x4)
                0x2000043c                _edata = .

.igot.plt       0x2000043c        0x0 load address 0x08002004
 .igot.plt      0x2000043c        0x0 d:/gcc-arm-none-eabi/bin/../lib/gcc/arm-none-eabi/10.3.1/thumb/v7e-m/nofp/crtbegin.o
                0x2000043c                . = ALIGN (0x4)

.bss            0x2000043c       0x24 load address 0x08002004
                0x2000043c                _sbss = .
                0x2000043c                __bss_start__ = _sbss
 *(.bss)
 .bss           0x2000043c       0x1c d:/gcc-arm-none-eabi/bin/../lib/gcc/arm-none-eabi/10.3.1/thumb/v7e-m/nofp/crtbegin.o
 *(.bss*)
 .bss.uwTick    0x20000458        0x4 CMakeFiles/LED.elf.dir/Drivers/STM32H7xx_HAL_Driver/Src/stm32h7xx_hal.c.obj
                0x20000458                uwTick
 .bss.__lock___atexit_recursive_mutex
                0x2000045c        0x1 d:/gcc-arm-none-eabi/bin/../lib/gcc/arm-none-eabi/10.3.1/../../../../arm-none-eabi/lib/thumb/v7e-m/nofp\libg.a(lib_a-lock.o)
                0x2000045c                __lock___atexit_recursive_mutex
 *(COMMON)
                0x20000460                . = ALIGN (0x4)
 *fill*         0x2000045d        0x3 
                0x20000460                _ebss = .
                0x20000460                __bss_end__ = _ebss

._user_heap_stack
                0x20000460      0x600 load address 0x08002004
                0x20000460                . = ALIGN (0x8)
                0x20000460                PROVIDE (end = .)
                [!provide]                PROVIDE (_end = .)
                0x20000660                . = (. + _Min_Heap_Size)
 *fill*         0x20000460      0x200 
                0x20000a60                . = (. + _Min_Stack_Size)
 *fill*         0x20000660      0x400 
                0x20000a60                . = ALIGN (0x8)

/DISCARD/
 libc.a(*)
 libm.a(*)
 libgcc.a(*)

.ARM.attributes
                0x00000000       0x2a
 *(.ARM.attributes)
 .ARM.attributes
                0x00000000       0x1e d:/gcc-arm-none-eabi/bin/../lib/gcc/arm-none-eabi/10.3.1/thumb/v7e-m/nofp/crti.o
 .ARM.attributes
                0x0000001e       0x2e d:/gcc-arm-none-eabi/bin/../lib/gcc/arm-none-eabi/10.3.1/thumb/v7e-m/nofp/crtbegin.o
 .ARM.attributes
                0x0000004c       0x2e CMakeFiles/LED.elf.dir/Core/Src/gpio.c.obj
 .ARM.attributes
                0x0000007a       0x2e CMakeFiles/LED.elf.dir/Core/Src/main.c.obj
 .ARM.attributes
                0x000000a8       0x2e CMakeFiles/LED.elf.dir/Core/Src/stm32h7xx_hal_msp.c.obj
 .ARM.attributes
                0x000000d6       0x2e CMakeFiles/LED.elf.dir/Core/Src/stm32h7xx_it.c.obj
 .ARM.attributes
                0x00000104       0x2e CMakeFiles/LED.elf.dir/Core/Src/system_stm32h7xx.c.obj
 .ARM.attributes
                0x00000132       0x2e CMakeFiles/LED.elf.dir/Drivers/STM32H7xx_HAL_Driver/Src/stm32h7xx_hal.c.obj
 .ARM.attributes
                0x00000160       0x2e CMakeFiles/LED.elf.dir/Drivers/STM32H7xx_HAL_Driver/Src/stm32h7xx_hal_cortex.c.obj
 .ARM.attributes
                0x0000018e       0x2e CMakeFiles/LED.elf.dir/Drivers/STM32H7xx_HAL_Driver/Src/stm32h7xx_hal_gpio.c.obj
 .ARM.attributes
                0x000001bc       0x2e CMakeFiles/LED.elf.dir/Drivers/STM32H7xx_HAL_Driver/Src/stm32h7xx_hal_pwr_ex.c.obj
 .ARM.attributes
                0x000001ea       0x2e CMakeFiles/LED.elf.dir/Drivers/STM32H7xx_HAL_Driver/Src/stm32h7xx_hal_rcc.c.obj
 .ARM.attributes
                0x00000218       0x21 CMakeFiles/LED.elf.dir/startup/startup_stm32h750xx.s.obj
 .ARM.attributes
                0x00000239       0x1e d:/gcc-arm-none-eabi/bin/../lib/gcc/arm-none-eabi/10.3.1/thumb/v7e-m/nofp\libgcc.a(_arm_addsubsf3.o)
 .ARM.attributes
                0x00000257       0x1e d:/gcc-arm-none-eabi/bin/../lib/gcc/arm-none-eabi/10.3.1/thumb/v7e-m/nofp\libgcc.a(_arm_muldivsf3.o)
 .ARM.attributes
                0x00000275       0x1e d:/gcc-arm-none-eabi/bin/../lib/gcc/arm-none-eabi/10.3.1/thumb/v7e-m/nofp\libgcc.a(_arm_fixunssfsi.o)
 .ARM.attributes
                0x00000293       0x2e d:/gcc-arm-none-eabi/bin/../lib/gcc/arm-none-eabi/10.3.1/../../../../arm-none-eabi/lib/thumb/v7e-m/nofp\libg.a(lib_a-impure.o)
 .ARM.attributes
                0x000002c1       0x2e d:/gcc-arm-none-eabi/bin/../lib/gcc/arm-none-eabi/10.3.1/../../../../arm-none-eabi/lib/thumb/v7e-m/nofp\libg.a(lib_a-init.o)
 .ARM.attributes
                0x000002ef       0x2e d:/gcc-arm-none-eabi/bin/../lib/gcc/arm-none-eabi/10.3.1/../../../../arm-none-eabi/lib/thumb/v7e-m/nofp\libg.a(lib_a-memset.o)
 .ARM.attributes
                0x0000031d       0x2e d:/gcc-arm-none-eabi/bin/../lib/gcc/arm-none-eabi/10.3.1/../../../../arm-none-eabi/lib/thumb/v7e-m/nofp\libg.a(lib_a-__call_atexit.o)
 .ARM.attributes
                0x0000034b       0x2e d:/gcc-arm-none-eabi/bin/../lib/gcc/arm-none-eabi/10.3.1/../../../../arm-none-eabi/lib/thumb/v7e-m/nofp\libg.a(lib_a-atexit.o)
 .ARM.attributes
                0x00000379       0x2e d:/gcc-arm-none-eabi/bin/../lib/gcc/arm-none-eabi/10.3.1/../../../../arm-none-eabi/lib/thumb/v7e-m/nofp\libg.a(lib_a-fini.o)
 .ARM.attributes
                0x000003a7       0x2e d:/gcc-arm-none-eabi/bin/../lib/gcc/arm-none-eabi/10.3.1/../../../../arm-none-eabi/lib/thumb/v7e-m/nofp\libg.a(lib_a-lock.o)
 .ARM.attributes
                0x000003d5       0x2e d:/gcc-arm-none-eabi/bin/../lib/gcc/arm-none-eabi/10.3.1/../../../../arm-none-eabi/lib/thumb/v7e-m/nofp\libg.a(lib_a-__atexit.o)
 .ARM.attributes
                0x00000403       0x1e d:/gcc-arm-none-eabi/bin/../lib/gcc/arm-none-eabi/10.3.1/thumb/v7e-m/nofp/crtn.o
OUTPUT(LED.elf elf32-littlearm)
LOAD linker stubs
LOAD d:/gcc-arm-none-eabi/bin/../lib/gcc/arm-none-eabi/10.3.1/../../../../arm-none-eabi/lib/thumb/v7e-m/nofp\libc.a
LOAD d:/gcc-arm-none-eabi/bin/../lib/gcc/arm-none-eabi/10.3.1/../../../../arm-none-eabi/lib/thumb/v7e-m/nofp\libm.a
LOAD d:/gcc-arm-none-eabi/bin/../lib/gcc/arm-none-eabi/10.3.1/thumb/v7e-m/nofp\libgcc.a

.debug_info     0x00000000     0x7d26
 .debug_info    0x00000000      0x674 CMakeFiles/LED.elf.dir/Core/Src/gpio.c.obj
 .debug_info    0x00000674      0x7d9 CMakeFiles/LED.elf.dir/Core/Src/main.c.obj
 .debug_info    0x00000e4d      0x4a0 CMakeFiles/LED.elf.dir/Core/Src/stm32h7xx_hal_msp.c.obj
 .debug_info    0x000012ed      0x145 CMakeFiles/LED.elf.dir/Core/Src/stm32h7xx_it.c.obj
 .debug_info    0x00001432      0xaf5 CMakeFiles/LED.elf.dir/Core/Src/system_stm32h7xx.c.obj
 .debug_info    0x00001f27     0x16a6 CMakeFiles/LED.elf.dir/Drivers/STM32H7xx_HAL_Driver/Src/stm32h7xx_hal.c.obj
 .debug_info    0x000035cd     0x13f0 CMakeFiles/LED.elf.dir/Drivers/STM32H7xx_HAL_Driver/Src/stm32h7xx_hal_cortex.c.obj
 .debug_info    0x000049bd      0xd66 CMakeFiles/LED.elf.dir/Drivers/STM32H7xx_HAL_Driver/Src/stm32h7xx_hal_gpio.c.obj
 .debug_info    0x00005723     0x122e CMakeFiles/LED.elf.dir/Drivers/STM32H7xx_HAL_Driver/Src/stm32h7xx_hal_pwr_ex.c.obj
 .debug_info    0x00006951     0x13b3 CMakeFiles/LED.elf.dir/Drivers/STM32H7xx_HAL_Driver/Src/stm32h7xx_hal_rcc.c.obj
 .debug_info    0x00007d04       0x22 CMakeFiles/LED.elf.dir/startup/startup_stm32h750xx.s.obj

.debug_abbrev   0x00000000     0x1387
 .debug_abbrev  0x00000000      0x181 CMakeFiles/LED.elf.dir/Core/Src/gpio.c.obj
 .debug_abbrev  0x00000181      0x1fc CMakeFiles/LED.elf.dir/Core/Src/main.c.obj
 .debug_abbrev  0x0000037d       0xd7 CMakeFiles/LED.elf.dir/Core/Src/stm32h7xx_hal_msp.c.obj
 .debug_abbrev  0x00000454       0x7e CMakeFiles/LED.elf.dir/Core/Src/stm32h7xx_it.c.obj
 .debug_abbrev  0x000004d2      0x162 CMakeFiles/LED.elf.dir/Core/Src/system_stm32h7xx.c.obj
 .debug_abbrev  0x00000634      0x264 CMakeFiles/LED.elf.dir/Drivers/STM32H7xx_HAL_Driver/Src/stm32h7xx_hal.c.obj
 .debug_abbrev  0x00000898      0x37d CMakeFiles/LED.elf.dir/Drivers/STM32H7xx_HAL_Driver/Src/stm32h7xx_hal_cortex.c.obj
 .debug_abbrev  0x00000c15      0x239 CMakeFiles/LED.elf.dir/Drivers/STM32H7xx_HAL_Driver/Src/stm32h7xx_hal_gpio.c.obj
 .debug_abbrev  0x00000e4e      0x29b CMakeFiles/LED.elf.dir/Drivers/STM32H7xx_HAL_Driver/Src/stm32h7xx_hal_pwr_ex.c.obj
 .debug_abbrev  0x000010e9      0x28c CMakeFiles/LED.elf.dir/Drivers/STM32H7xx_HAL_Driver/Src/stm32h7xx_hal_rcc.c.obj
 .debug_abbrev  0x00001375       0x12 CMakeFiles/LED.elf.dir/startup/startup_stm32h750xx.s.obj

.debug_aranges  0x00000000      0x5a0
 .debug_aranges
                0x00000000       0x20 CMakeFiles/LED.elf.dir/Core/Src/gpio.c.obj
 .debug_aranges
                0x00000020       0x30 CMakeFiles/LED.elf.dir/Core/Src/main.c.obj
 .debug_aranges
                0x00000050       0x20 CMakeFiles/LED.elf.dir/Core/Src/stm32h7xx_hal_msp.c.obj
 .debug_aranges
                0x00000070       0x60 CMakeFiles/LED.elf.dir/Core/Src/stm32h7xx_it.c.obj
 .debug_aranges
                0x000000d0       0x28 CMakeFiles/LED.elf.dir/Core/Src/system_stm32h7xx.c.obj
 .debug_aranges
                0x000000f8      0x198 CMakeFiles/LED.elf.dir/Drivers/STM32H7xx_HAL_Driver/Src/stm32h7xx_hal.c.obj
 .debug_aranges
                0x00000290       0xb0 CMakeFiles/LED.elf.dir/Drivers/STM32H7xx_HAL_Driver/Src/stm32h7xx_hal_cortex.c.obj
 .debug_aranges
                0x00000340       0x58 CMakeFiles/LED.elf.dir/Drivers/STM32H7xx_HAL_Driver/Src/stm32h7xx_hal_gpio.c.obj
 .debug_aranges
                0x00000398      0x158 CMakeFiles/LED.elf.dir/Drivers/STM32H7xx_HAL_Driver/Src/stm32h7xx_hal_pwr_ex.c.obj
 .debug_aranges
                0x000004f0       0x88 CMakeFiles/LED.elf.dir/Drivers/STM32H7xx_HAL_Driver/Src/stm32h7xx_hal_rcc.c.obj
 .debug_aranges
                0x00000578       0x28 CMakeFiles/LED.elf.dir/startup/startup_stm32h750xx.s.obj

.debug_ranges   0x00000000      0x628
 .debug_ranges  0x00000000       0x10 CMakeFiles/LED.elf.dir/Core/Src/gpio.c.obj
 .debug_ranges  0x00000010       0x20 CMakeFiles/LED.elf.dir/Core/Src/main.c.obj
 .debug_ranges  0x00000030       0x10 CMakeFiles/LED.elf.dir/Core/Src/stm32h7xx_hal_msp.c.obj
 .debug_ranges  0x00000040       0x50 CMakeFiles/LED.elf.dir/Core/Src/stm32h7xx_it.c.obj
 .debug_ranges  0x00000090       0x18 CMakeFiles/LED.elf.dir/Core/Src/system_stm32h7xx.c.obj
 .debug_ranges  0x000000a8      0x188 CMakeFiles/LED.elf.dir/Drivers/STM32H7xx_HAL_Driver/Src/stm32h7xx_hal.c.obj
 .debug_ranges  0x00000230      0x100 CMakeFiles/LED.elf.dir/Drivers/STM32H7xx_HAL_Driver/Src/stm32h7xx_hal_cortex.c.obj
 .debug_ranges  0x00000330       0x48 CMakeFiles/LED.elf.dir/Drivers/STM32H7xx_HAL_Driver/Src/stm32h7xx_hal_gpio.c.obj
 .debug_ranges  0x00000378      0x1a8 CMakeFiles/LED.elf.dir/Drivers/STM32H7xx_HAL_Driver/Src/stm32h7xx_hal_pwr_ex.c.obj
 .debug_ranges  0x00000520       0xe8 CMakeFiles/LED.elf.dir/Drivers/STM32H7xx_HAL_Driver/Src/stm32h7xx_hal_rcc.c.obj
 .debug_ranges  0x00000608       0x20 CMakeFiles/LED.elf.dir/startup/startup_stm32h750xx.s.obj

.debug_line     0x00000000     0x42bd
 .debug_line    0x00000000      0x1f2 CMakeFiles/LED.elf.dir/Core/Src/gpio.c.obj
 .debug_line    0x000001f2      0x40b CMakeFiles/LED.elf.dir/Core/Src/main.c.obj
 .debug_line    0x000005fd      0x169 CMakeFiles/LED.elf.dir/Core/Src/stm32h7xx_hal_msp.c.obj
 .debug_line    0x00000766      0x1c7 CMakeFiles/LED.elf.dir/Core/Src/stm32h7xx_it.c.obj
 .debug_line    0x0000092d      0x3fc CMakeFiles/LED.elf.dir/Core/Src/system_stm32h7xx.c.obj
 .debug_line    0x00000d29      0x920 CMakeFiles/LED.elf.dir/Drivers/STM32H7xx_HAL_Driver/Src/stm32h7xx_hal.c.obj
 .debug_line    0x00001649      0x7eb CMakeFiles/LED.elf.dir/Drivers/STM32H7xx_HAL_Driver/Src/stm32h7xx_hal_cortex.c.obj
 .debug_line    0x00001e34      0x6ef CMakeFiles/LED.elf.dir/Drivers/STM32H7xx_HAL_Driver/Src/stm32h7xx_hal_gpio.c.obj
 .debug_line    0x00002523      0xae0 CMakeFiles/LED.elf.dir/Drivers/STM32H7xx_HAL_Driver/Src/stm32h7xx_hal_pwr_ex.c.obj
 .debug_line    0x00003003     0x1214 CMakeFiles/LED.elf.dir/Drivers/STM32H7xx_HAL_Driver/Src/stm32h7xx_hal_rcc.c.obj
 .debug_line    0x00004217       0xa6 CMakeFiles/LED.elf.dir/startup/startup_stm32h750xx.s.obj

.debug_str      0x00000000     0x291d
 .debug_str     0x00000000      0x480 CMakeFiles/LED.elf.dir/Core/Src/gpio.c.obj
                                0x4e1 (size before relaxing)
 .debug_str     0x00000480      0x2ff CMakeFiles/LED.elf.dir/Core/Src/main.c.obj
                                0x55f (size before relaxing)
 .debug_str     0x0000077f       0x51 CMakeFiles/LED.elf.dir/Core/Src/stm32h7xx_hal_msp.c.obj
                                0x430 (size before relaxing)
 .debug_str     0x000007d0       0xdc CMakeFiles/LED.elf.dir/Core/Src/stm32h7xx_it.c.obj
                                0x27d (size before relaxing)
 .debug_str     0x000008ac      0x2b2 CMakeFiles/LED.elf.dir/Core/Src/system_stm32h7xx.c.obj
                                0x6a6 (size before relaxing)
 .debug_str     0x00000b5e      0xf7c CMakeFiles/LED.elf.dir/Drivers/STM32H7xx_HAL_Driver/Src/stm32h7xx_hal.c.obj
                               0x14fd (size before relaxing)
 .debug_str     0x00001ada      0x59d CMakeFiles/LED.elf.dir/Drivers/STM32H7xx_HAL_Driver/Src/stm32h7xx_hal_cortex.c.obj
                               0x1095 (size before relaxing)
 .debug_str     0x00002077      0x122 CMakeFiles/LED.elf.dir/Drivers/STM32H7xx_HAL_Driver/Src/stm32h7xx_hal_gpio.c.obj
                                0x712 (size before relaxing)
 .debug_str     0x00002199      0x579 CMakeFiles/LED.elf.dir/Drivers/STM32H7xx_HAL_Driver/Src/stm32h7xx_hal_pwr_ex.c.obj
                                0xa87 (size before relaxing)
 .debug_str     0x00002712      0x1b7 CMakeFiles/LED.elf.dir/Drivers/STM32H7xx_HAL_Driver/Src/stm32h7xx_hal_rcc.c.obj
                                0xa9a (size before relaxing)
 .debug_str     0x000028c9       0x54 CMakeFiles/LED.elf.dir/startup/startup_stm32h750xx.s.obj
                                 0x8e (size before relaxing)

.comment        0x00000000       0x49
 .comment       0x00000000       0x49 CMakeFiles/LED.elf.dir/Core/Src/gpio.c.obj
                                 0x4a (size before relaxing)
 .comment       0x00000049       0x4a CMakeFiles/LED.elf.dir/Core/Src/main.c.obj
 .comment       0x00000049       0x4a CMakeFiles/LED.elf.dir/Core/Src/stm32h7xx_hal_msp.c.obj
 .comment       0x00000049       0x4a CMakeFiles/LED.elf.dir/Core/Src/stm32h7xx_it.c.obj
 .comment       0x00000049       0x4a CMakeFiles/LED.elf.dir/Core/Src/system_stm32h7xx.c.obj
 .comment       0x00000049       0x4a CMakeFiles/LED.elf.dir/Drivers/STM32H7xx_HAL_Driver/Src/stm32h7xx_hal.c.obj
 .comment       0x00000049       0x4a CMakeFiles/LED.elf.dir/Drivers/STM32H7xx_HAL_Driver/Src/stm32h7xx_hal_cortex.c.obj
 .comment       0x00000049       0x4a CMakeFiles/LED.elf.dir/Drivers/STM32H7xx_HAL_Driver/Src/stm32h7xx_hal_gpio.c.obj
 .comment       0x00000049       0x4a CMakeFiles/LED.elf.dir/Drivers/STM32H7xx_HAL_Driver/Src/stm32h7xx_hal_pwr_ex.c.obj
 .comment       0x00000049       0x4a CMakeFiles/LED.elf.dir/Drivers/STM32H7xx_HAL_Driver/Src/stm32h7xx_hal_rcc.c.obj

.debug_frame    0x00000000      0xe30
 .debug_frame   0x00000000       0x30 CMakeFiles/LED.elf.dir/Core/Src/gpio.c.obj
 .debug_frame   0x00000030       0x58 CMakeFiles/LED.elf.dir/Core/Src/main.c.obj
 .debug_frame   0x00000088       0x28 CMakeFiles/LED.elf.dir/Core/Src/stm32h7xx_hal_msp.c.obj
 .debug_frame   0x000000b0       0xa8 CMakeFiles/LED.elf.dir/Core/Src/stm32h7xx_it.c.obj
 .debug_frame   0x00000158       0x40 CMakeFiles/LED.elf.dir/Core/Src/system_stm32h7xx.c.obj
 .debug_frame   0x00000198      0x360 CMakeFiles/LED.elf.dir/Drivers/STM32H7xx_HAL_Driver/Src/stm32h7xx_hal.c.obj
 .debug_frame   0x000004f8      0x158 CMakeFiles/LED.elf.dir/Drivers/STM32H7xx_HAL_Driver/Src/stm32h7xx_hal_cortex.c.obj
 .debug_frame   0x00000650       0xd0 CMakeFiles/LED.elf.dir/Drivers/STM32H7xx_HAL_Driver/Src/stm32h7xx_hal_gpio.c.obj
 .debug_frame   0x00000720      0x2f4 CMakeFiles/LED.elf.dir/Drivers/STM32H7xx_HAL_Driver/Src/stm32h7xx_hal_pwr_ex.c.obj
 .debug_frame   0x00000a14      0x188 CMakeFiles/LED.elf.dir/Drivers/STM32H7xx_HAL_Driver/Src/stm32h7xx_hal_rcc.c.obj
 .debug_frame   0x00000b9c       0x4c d:/gcc-arm-none-eabi/bin/../lib/gcc/arm-none-eabi/10.3.1/thumb/v7e-m/nofp\libgcc.a(_arm_addsubsf3.o)
 .debug_frame   0x00000be8       0x38 d:/gcc-arm-none-eabi/bin/../lib/gcc/arm-none-eabi/10.3.1/thumb/v7e-m/nofp\libgcc.a(_arm_muldivsf3.o)
 .debug_frame   0x00000c20       0x24 d:/gcc-arm-none-eabi/bin/../lib/gcc/arm-none-eabi/10.3.1/thumb/v7e-m/nofp\libgcc.a(_arm_fixunssfsi.o)
 .debug_frame   0x00000c44       0x2c d:/gcc-arm-none-eabi/bin/../lib/gcc/arm-none-eabi/10.3.1/../../../../arm-none-eabi/lib/thumb/v7e-m/nofp\libg.a(lib_a-init.o)
 .debug_frame   0x00000c70       0x2c d:/gcc-arm-none-eabi/bin/../lib/gcc/arm-none-eabi/10.3.1/../../../../arm-none-eabi/lib/thumb/v7e-m/nofp\libg.a(lib_a-memset.o)
 .debug_frame   0x00000c9c       0x5c d:/gcc-arm-none-eabi/bin/../lib/gcc/arm-none-eabi/10.3.1/../../../../arm-none-eabi/lib/thumb/v7e-m/nofp\libg.a(lib_a-__call_atexit.o)
 .debug_frame   0x00000cf8       0x20 d:/gcc-arm-none-eabi/bin/../lib/gcc/arm-none-eabi/10.3.1/../../../../arm-none-eabi/lib/thumb/v7e-m/nofp\libg.a(lib_a-atexit.o)
 .debug_frame   0x00000d18       0x34 d:/gcc-arm-none-eabi/bin/../lib/gcc/arm-none-eabi/10.3.1/../../../../arm-none-eabi/lib/thumb/v7e-m/nofp\libg.a(lib_a-fini.o)
 .debug_frame   0x00000d4c       0xb0 d:/gcc-arm-none-eabi/bin/../lib/gcc/arm-none-eabi/10.3.1/../../../../arm-none-eabi/lib/thumb/v7e-m/nofp\libg.a(lib_a-lock.o)
 .debug_frame   0x00000dfc       0x34 d:/gcc-arm-none-eabi/bin/../lib/gcc/arm-none-eabi/10.3.1/../../../../arm-none-eabi/lib/thumb/v7e-m/nofp\libg.a(lib_a-__atexit.o)

.debug_loc      0x00000000     0x1f52
 .debug_loc     0x00000000      0x21e CMakeFiles/LED.elf.dir/Core/Src/system_stm32h7xx.c.obj
 .debug_loc     0x0000021e      0x3fa CMakeFiles/LED.elf.dir/Drivers/STM32H7xx_HAL_Driver/Src/stm32h7xx_hal.c.obj
 .debug_loc     0x00000618      0x726 CMakeFiles/LED.elf.dir/Drivers/STM32H7xx_HAL_Driver/Src/stm32h7xx_hal_cortex.c.obj
 .debug_loc     0x00000d3e      0x3c6 CMakeFiles/LED.elf.dir/Drivers/STM32H7xx_HAL_Driver/Src/stm32h7xx_hal_gpio.c.obj
 .debug_loc     0x00001104      0x4df CMakeFiles/LED.elf.dir/Drivers/STM32H7xx_HAL_Driver/Src/stm32h7xx_hal_pwr_ex.c.obj
 .debug_loc     0x000015e3      0x96f CMakeFiles/LED.elf.dir/Drivers/STM32H7xx_HAL_Driver/Src/stm32h7xx_hal_rcc.c.obj
