Archive member included to satisfy reference by file (symbol)

d:/gcc-arm-none-eabi/bin/../lib/gcc/arm-none-eabi/10.3.1/thumb/v7e-m/nofp\libgcc.a(_arm_mulsf3.o)
                              CMakeFiles/USART.elf.dir/Core/Src/system_stm32h7xx.c.obj (__aeabi_fmul)
d:/gcc-arm-none-eabi/bin/../lib/gcc/arm-none-eabi/10.3.1/thumb/v7e-m/nofp\libgcc.a(_arm_addsubsf3.o)
                              CMakeFiles/USART.elf.dir/Core/Src/system_stm32h7xx.c.obj (__aeabi_fadd)
d:/gcc-arm-none-eabi/bin/../lib/gcc/arm-none-eabi/10.3.1/thumb/v7e-m/nofp\libgcc.a(_arm_muldivsf3.o)
                              CMakeFiles/USART.elf.dir/Core/Src/system_stm32h7xx.c.obj (__aeabi_fdiv)
d:/gcc-arm-none-eabi/bin/../lib/gcc/arm-none-eabi/10.3.1/thumb/v7e-m/nofp\libgcc.a(_arm_fixunssfsi.o)
                              CMakeFiles/USART.elf.dir/Core/Src/system_stm32h7xx.c.obj (__aeabi_f2uiz)
d:/gcc-arm-none-eabi/bin/../lib/gcc/arm-none-eabi/10.3.1/thumb/v7e-m/nofp\libgcc.a(_aeabi_uldivmod.o)
                              CMakeFiles/USART.elf.dir/Drivers/STM32H7xx_HAL_Driver/Src/stm32h7xx_hal_uart.c.obj (__aeabi_uldivmod)
d:/gcc-arm-none-eabi/bin/../lib/gcc/arm-none-eabi/10.3.1/thumb/v7e-m/nofp\libgcc.a(_udivmoddi4.o)
                              d:/gcc-arm-none-eabi/bin/../lib/gcc/arm-none-eabi/10.3.1/thumb/v7e-m/nofp\libgcc.a(_aeabi_uldivmod.o) (__udivmoddi4)
d:/gcc-arm-none-eabi/bin/../lib/gcc/arm-none-eabi/10.3.1/thumb/v7e-m/nofp\libgcc.a(_dvmd_tls.o)
                              d:/gcc-arm-none-eabi/bin/../lib/gcc/arm-none-eabi/10.3.1/thumb/v7e-m/nofp\libgcc.a(_aeabi_uldivmod.o) (__aeabi_ldiv0)
d:/gcc-arm-none-eabi/bin/../lib/gcc/arm-none-eabi/10.3.1/../../../../arm-none-eabi/lib/thumb/v7e-m/nofp\libg.a(lib_a-errno.o)
                              CMakeFiles/USART.elf.dir/Core/Src/retarget.c.obj (__errno)
d:/gcc-arm-none-eabi/bin/../lib/gcc/arm-none-eabi/10.3.1/../../../../arm-none-eabi/lib/thumb/v7e-m/nofp\libg.a(lib_a-exit.o)
                              d:/gcc-arm-none-eabi/bin/../lib/gcc/arm-none-eabi/10.3.1/../../../../arm-none-eabi/lib/thumb/v7e-m/nofp/crt0.o (exit)
d:/gcc-arm-none-eabi/bin/../lib/gcc/arm-none-eabi/10.3.1/../../../../arm-none-eabi/lib/thumb/v7e-m/nofp\libg.a(lib_a-impure.o)
                              d:/gcc-arm-none-eabi/bin/../lib/gcc/arm-none-eabi/10.3.1/../../../../arm-none-eabi/lib/thumb/v7e-m/nofp\libg.a(lib_a-exit.o) (_global_impure_ptr)
d:/gcc-arm-none-eabi/bin/../lib/gcc/arm-none-eabi/10.3.1/../../../../arm-none-eabi/lib/thumb/v7e-m/nofp\libg.a(lib_a-init.o)
                              d:/gcc-arm-none-eabi/bin/../lib/gcc/arm-none-eabi/10.3.1/../../../../arm-none-eabi/lib/thumb/v7e-m/nofp/crt0.o (__libc_init_array)
d:/gcc-arm-none-eabi/bin/../lib/gcc/arm-none-eabi/10.3.1/../../../../arm-none-eabi/lib/thumb/v7e-m/nofp\libg.a(lib_a-memset.o)
                              d:/gcc-arm-none-eabi/bin/../lib/gcc/arm-none-eabi/10.3.1/../../../../arm-none-eabi/lib/thumb/v7e-m/nofp/crt0.o (memset)
d:/gcc-arm-none-eabi/bin/../lib/gcc/arm-none-eabi/10.3.1/../../../../arm-none-eabi/lib/thumb/v7e-m/nofp\libg.a(lib_a-puts.o)
                              CMakeFiles/USART.elf.dir/Core/Src/main.c.obj (puts)
d:/gcc-arm-none-eabi/bin/../lib/gcc/arm-none-eabi/10.3.1/../../../../arm-none-eabi/lib/thumb/v7e-m/nofp\libg.a(lib_a-setvbuf.o)
                              CMakeFiles/USART.elf.dir/Core/Src/retarget.c.obj (setvbuf)
d:/gcc-arm-none-eabi/bin/../lib/gcc/arm-none-eabi/10.3.1/../../../../arm-none-eabi/lib/thumb/v7e-m/nofp\libg.a(lib_a-strlen.o)
                              d:/gcc-arm-none-eabi/bin/../lib/gcc/arm-none-eabi/10.3.1/../../../../arm-none-eabi/lib/thumb/v7e-m/nofp\libg.a(lib_a-puts.o) (strlen)
d:/gcc-arm-none-eabi/bin/../lib/gcc/arm-none-eabi/10.3.1/../../../../arm-none-eabi/lib/thumb/v7e-m/nofp\libg.a(lib_a-__call_atexit.o)
                              d:/gcc-arm-none-eabi/bin/../lib/gcc/arm-none-eabi/10.3.1/../../../../arm-none-eabi/lib/thumb/v7e-m/nofp\libg.a(lib_a-exit.o) (__call_exitprocs)
d:/gcc-arm-none-eabi/bin/../lib/gcc/arm-none-eabi/10.3.1/../../../../arm-none-eabi/lib/thumb/v7e-m/nofp\libg.a(lib_a-atexit.o)
                              d:/gcc-arm-none-eabi/bin/../lib/gcc/arm-none-eabi/10.3.1/../../../../arm-none-eabi/lib/thumb/v7e-m/nofp\libg.a(lib_a-__call_atexit.o) (atexit)
d:/gcc-arm-none-eabi/bin/../lib/gcc/arm-none-eabi/10.3.1/../../../../arm-none-eabi/lib/thumb/v7e-m/nofp\libg.a(lib_a-fflush.o)
                              d:/gcc-arm-none-eabi/bin/../lib/gcc/arm-none-eabi/10.3.1/../../../../arm-none-eabi/lib/thumb/v7e-m/nofp\libg.a(lib_a-setvbuf.o) (_fflush_r)
d:/gcc-arm-none-eabi/bin/../lib/gcc/arm-none-eabi/10.3.1/../../../../arm-none-eabi/lib/thumb/v7e-m/nofp\libg.a(lib_a-findfp.o)
                              d:/gcc-arm-none-eabi/bin/../lib/gcc/arm-none-eabi/10.3.1/../../../../arm-none-eabi/lib/thumb/v7e-m/nofp\libg.a(lib_a-puts.o) (__sinit)
[...]
Memory Configuration

Name             Origin             Length             Attributes
DTCMRAM          0x20000000         0x00020000         xrw
RAM_D1           0x24000000         0x00080000         xrw
RAM_D2           0x30000000         0x00048000         xrw
RAM_D3           0x38000000         0x00010000         xrw
ITCMRAM          0x00000000         0x00010000         xrw
FLASH            0x08000000         0x00020000         xr
*default*        0x00000000         0xffffffff

Linker script and memory map

LOAD d:/gcc-arm-none-eabi/bin/../lib/gcc/arm-none-eabi/10.3.1/thumb/v7e-m/nofp/crti.o
LOAD d:/gcc-arm-none-eabi/bin/../lib/gcc/arm-none-eabi/10.3.1/thumb/v7e-m/nofp/crtbegin.o
LOAD d:/gcc-arm-none-eabi/bin/../lib/gcc/arm-none-eabi/10.3.1/../../../../arm-none-eabi/lib/thumb/v7e-m/nofp/crt0.o
LOAD CMakeFiles/USART.elf.dir/Core/Src/gpio.c.obj
LOAD CMakeFiles/USART.elf.dir/Core/Src/main.c.obj
LOAD CMakeFiles/USART.elf.dir/Core/Src/retarget.c.obj
LOAD CMakeFiles/USART.elf.dir/Core/Src/stm32h7xx_hal_msp.c.obj
LOAD CMakeFiles/USART.elf.dir/Core/Src/stm32h7xx_it.c.obj
LOAD CMakeFiles/USART.elf.dir/Core/Src/syscalls.c.obj
LOAD CMakeFiles/USART.elf.dir/Core/Src/system_stm32h7xx.c.obj
LOAD CMakeFiles/USART.elf.dir/Core/Src/usart.c.obj
LOAD CMakeFiles/USART.elf.dir/Drivers/STM32H7xx_HAL_Driver/Src/stm32h7xx_hal.c.obj
LOAD CMakeFiles/USART.elf.dir/Drivers/STM32H7xx_HAL_Driver/Src/stm32h7xx_hal_cortex.c.obj
LOAD CMakeFiles/USART.elf.dir/Drivers/STM32H7xx_HAL_Driver/Src/stm32h7xx_hal_dma.c.obj
LOAD CMakeFiles/USART.elf.dir/Drivers/STM32H7xx_HAL_Driver/Src/stm32h7xx_hal_dma_ex.c.obj
LOAD CMakeFiles/USART.elf.dir/Drivers/STM32H7xx_HAL_Driver/Src/stm32h7xx_hal_exti.c.obj
LOAD CMakeFiles/USART.elf.dir/Drivers/STM32H7xx_HAL_Driver/Src/stm32h7xx_hal_flash.c.obj
LOAD CMakeFiles/USART.elf.dir/Drivers/STM32H7xx_HAL_Driver/Src/stm32h7xx_hal_flash_ex.c.obj
LOAD CMakeFiles/USART.elf.dir/Drivers/STM32H7xx_HAL_Driver/Src/stm32h7xx_hal_gpio.c.obj
LOAD CMakeFiles/USART.elf.dir/Drivers/STM32H7xx_HAL_Driver/Src/stm32h7xx_hal_hsem.c.obj
LOAD CMakeFiles/USART.elf.dir/Drivers/STM32H7xx_HAL_Driver/Src/stm32h7xx_hal_i2c.c.obj
LOAD CMakeFiles/USART.elf.dir/Drivers/STM32H7xx_HAL_Driver/Src/stm32h7xx_hal_i2c_ex.c.obj
LOAD CMakeFiles/USART.elf.dir/Drivers/STM32H7xx_HAL_Driver/Src/stm32h7xx_hal_mdma.c.obj
LOAD CMakeFiles/USART.elf.dir/Drivers/STM32H7xx_HAL_Driver/Src/stm32h7xx_hal_pwr.c.obj
LOAD CMakeFiles/USART.elf.dir/Drivers/STM32H7xx_HAL_Driver/Src/stm32h7xx_hal_pwr_ex.c.obj
LOAD CMakeFiles/USART.elf.dir/Drivers/STM32H7xx_HAL_Driver/Src/stm32h7xx_hal_rcc.c.obj
LOAD CMakeFiles/USART.elf.dir/Drivers/STM32H7xx_HAL_Driver/Src/stm32h7xx_hal_rcc_ex.c.obj
LOAD CMakeFiles/USART.elf.dir/Drivers/STM32H7xx_HAL_Driver/Src/stm32h7xx_hal_tim.c.obj
LOAD CMakeFiles/USART.elf.dir/Drivers/STM32H7xx_HAL_Driver/Src/stm32h7xx_hal_tim_ex.c.obj
LOAD CMakeFiles/USART.elf.dir/Drivers/STM32H7xx_HAL_Driver/Src/stm32h7xx_hal_uart.c.obj
LOAD CMakeFiles/USART.elf.dir/Drivers/STM32H7xx_HAL_Driver/Src/stm32h7xx_hal_uart_ex.c.obj
LOAD CMakeFiles/USART.elf.dir/startup/startup_stm32h750xx.s.obj
START GROUP
LOAD d:/gcc-arm-none-eabi/bin/../lib/gcc/arm-none-eabi/10.3.1/thumb/v7e-m/nofp\libgcc.a
LOAD d:/gcc-arm-none-eabi/bin/../lib/gcc/arm-none-eabi/10.3.1/../../../../arm-none-eabi/lib/thumb/v7e-m/nofp\libg.a
LOAD d:/gcc-arm-none-eabi/bin/../lib/gcc/arm-none-eabi/10.3.1/../../../../arm-none-eabi/lib/thumb/v7e-m/nofp\libc.a
END GROUP
LOAD d:/gcc-arm-none-eabi/bin/../lib/gcc/arm-none-eabi/10.3.1/thumb/v7e-m/nofp/crtend.o
LOAD d:/gcc-arm-none-eabi/bin/../lib/gcc/arm-none-eabi/10.3.1/thumb/v7e-m/nofp/crtn.o
                0x20020000                _estack = 0x20020000
                0x00000200                _Min_Heap_Size = 0x200
                0x00000400                _Min_Stack_Size = 0x400

.isr_vector     0x08000000      0x298
                0x08000000                . = ALIGN (0x4)
 *(.isr_vector)
 .isr_vector    0x08000000      0x298 CMakeFiles/USART.elf.dir/startup/startup_stm32h750xx.s.obj
                0x08000000                g_pfnVectors
                0x08000298                . = ALIGN (0x4)

.text           0x080002c0     0x568c
                0x080002c0                . = ALIGN (0x4)
 *(.text)
 .text          0x080002c0       0x40 d:/gcc-arm-none-eabi/bin/../lib/gcc/arm-none-eabi/10.3.1/thumb/v7e-m/nofp/crtbegin.o
 .text          0x08000300      0x21c d:/gcc-arm-none-eabi/bin/../lib/gcc/arm-none-eabi/10.3.1/thumb/v7e-m/nofp\libgcc.a(_arm_addsubsf3.o)
                0x08000300                __aeabi_frsub
                0x08000308                __subsf3
                0x08000308                __aeabi_fsub
                0x0800030c                __aeabi_fadd
                0x0800030c                __addsf3
                0x0800046c                __aeabi_ui2f
                0x0800046c                __floatunsisf
                0x08000474                __aeabi_i2f
                0x08000474                __floatsisf
                0x08000490                __aeabi_ul2f
                0x08000490                __floatundisf
                0x080004a0                __aeabi_l2f
                0x080004a0                __floatdisf
 .text          0x0800051c      0x2a0 d:/gcc-arm-none-eabi/bin/../lib/gcc/arm-none-eabi/10.3.1/thumb/v7e-m/nofp\libgcc.a(_arm_muldivsf3.o)
                0x0800051c                __mulsf3
                0x0800051c                __aeabi_fmul
                0x08000684                __aeabi_fdiv
                0x08000684                __divsf3
 .text          0x080007bc       0x40 d:/gcc-arm-none-eabi/bin/../lib/gcc/arm-none-eabi/10.3.1/thumb/v7e-m/nofp\libgcc.a(_arm_fixunssfsi.o)
                0x080007bc                __fixunssfsi
                0x080007bc                __aeabi_f2uiz
 .text          0x080007fc       0x30 d:/gcc-arm-none-eabi/bin/../lib/gcc/arm-none-eabi/10.3.1/thumb/v7e-m/nofp\libgcc.a(_aeabi_uldivmod.o)
                0x080007fc                __aeabi_uldivmod
 .text          0x0800082c      0x2d0 d:/gcc-arm-none-eabi/bin/../lib/gcc/arm-none-eabi/10.3.1/thumb/v7e-m/nofp\libgcc.a(_udivmoddi4.o)
                0x0800082c                __udivmoddi4
 .text          0x08000afc        0x4 d:/gcc-arm-none-eabi/bin/../lib/gcc/arm-none-eabi/10.3.1/thumb/v7e-m/nofp\libgcc.a(_dvmd_tls.o)
                0x08000afc                __aeabi_idiv0
                0x08000afc                __aeabi_ldiv0
 .text          0x08000b00       0xdc d:/gcc-arm-none-eabi/bin/../lib/gcc/arm-none-eabi/10.3.1/../../../../arm-none-eabi/lib/thumb/v7e-m/nofp\libg.a(lib_a-strlen.o)
                0x08000b00                strlen
 *fill*         0x08000bdc        0x4 
 .text          0x08000be0       0xa0 d:/gcc-arm-none-eabi/bin/../lib/gcc/arm-none-eabi/10.3.1/../../../../arm-none-eabi/lib/thumb/v7e-m/nofp\libg.a(lib_a-memchr.o)
                0x08000be0                memchr
 .text          0x08000c80      0x134 d:/gcc-arm-none-eabi/bin/../lib/gcc/arm-none-eabi/10.3.1/../../../../arm-none-eabi/lib/thumb/v7e-m/nofp\libg.a(lib_a-memcpy.o)
                0x08000c80                memcpy
 *(.text*)
 .text.MX_GPIO_Init
                0x08000db4       0x24 CMakeFiles/USART.elf.dir/Core/Src/gpio.c.obj
                0x08000db4                MX_GPIO_Init
 .text.Error_Handler
                0x08000dd8        0x4 CMakeFiles/USART.elf.dir/Core/Src/main.c.obj
                0x08000dd8                Error_Handler
 .text.SystemClock_Config
                0x08000ddc       0xa8 CMakeFiles/USART.elf.dir/Core/Src/main.c.obj
                0x08000ddc                SystemClock_Config
 .text.main     0x08000e84       0x28 CMakeFiles/USART.elf.dir/Core/Src/main.c.obj
                0x08000e84                main
 .text.RetargetInit
                0x08000eac       0x20 CMakeFiles/USART.elf.dir/Core/Src/retarget.c.obj
                0x08000eac                RetargetInit
 .text._isatty  0x08000ecc       0x16 CMakeFiles/USART.elf.dir/Core/Src/retarget.c.obj
                0x08000ecc                _isatty
 *fill*         0x08000ee2        0x2 
 .text._write   0x08000ee4       0x34 CMakeFiles/USART.elf.dir/Core/Src/retarget.c.obj
                0x08000ee4                _write
 .text._close   0x08000f18       0x18 CMakeFiles/USART.elf.dir/Core/Src/retarget.c.obj
                0x08000f18                _close
 .text._lseek   0x08000f30       0x10 CMakeFiles/USART.elf.dir/Core/Src/retarget.c.obj
                0x08000f30                _lseek
 .text._read    0x08000f40       0x30 CMakeFiles/USART.elf.dir/Core/Src/retarget.c.obj
                0x08000f40                _read
 .text._fstat   0x08000f70       0x1a CMakeFiles/USART.elf.dir/Core/Src/retarget.c.obj
                0x08000f70                _fstat
 *fill*         0x08000f8a        0x2 
 .text.HAL_MspInit
                0x08000f8c       0x24 CMakeFiles/USART.elf.dir/Core/Src/stm32h7xx_hal_msp.c.obj
                0x08000f8c                HAL_MspInit
 .text.NMI_Handler
                0x08000fb0        0x2 CMakeFiles/USART.elf.dir/Core/Src/stm32h7xx_it.c.obj
                0x08000fb0                NMI_Handler
 .text.HardFault_Handler
                0x08000fb2        0x2 CMakeFiles/USART.elf.dir/Core/Src/stm32h7xx_it.c.obj
                0x08000fb2                HardFault_Handler
 .text.MemManage_Handler
                0x08000fb4        0x2 CMakeFiles/USART.elf.dir/Core/Src/stm32h7xx_it.c.obj
                0x08000fb4                MemManage_Handler
 .text.BusFault_Handler
                0x08000fb6        0x2 CMakeFiles/USART.elf.dir/Core/Src/stm32h7xx_it.c.obj
                0x08000fb6                BusFault_Handler
 .text.UsageFault_Handler
                0x08000fb8        0x2 CMakeFiles/USART.elf.dir/Core/Src/stm32h7xx_it.c.obj
                0x08000fb8                UsageFault_Handler
 .text.SVC_Handler
                0x08000fba        0x2 CMakeFiles/USART.elf.dir/Core/Src/stm32h7xx_it.c.obj
                0x08000fba                SVC_Handler
 .text.DebugMon_Handler
                0x08000fbc        0x2 CMakeFiles/USART.elf.dir/Core/Src/stm32h7xx_it.c.obj
                0x08000fbc                DebugMon_Handler
 .text.PendSV_Handler
                0x08000fbe        0x2 CMakeFiles/USART.elf.dir/Core/Src/stm32h7xx_it.c.obj
                0x08000fbe                PendSV_Handler
 .text.SysTick_Handler
                0x08000fc0        0x8 CMakeFiles/USART.elf.dir/Core/Src/stm32h7xx_it.c.obj
                0x08000fc0                SysTick_Handler
 .text.SystemInit
                0x08000fc8       0xbc CMakeFiles/USART.elf.dir/Core/Src/system_stm32h7xx.c.obj
                0x08000fc8                SystemInit
 .text.MX_USART1_UART_Init
                0x08001084       0x68 CMakeFiles/USART.elf.dir/Core/Src/usart.c.obj
                0x08001084                MX_USART1_UART_Init
 .text.HAL_UART_MspInit
                0x080010ec       0x94 CMakeFiles/USART.elf.dir/Core/Src/usart.c.obj
                0x080010ec                HAL_UART_MspInit
 .text.HAL_InitTick
                0x08001180       0x50 CMakeFiles/USART.elf.dir/Drivers/STM32H7xx_HAL_Driver/Src/stm32h7xx_hal.c.obj
                0x08001180                HAL_InitTick
 .text.HAL_Init
                0x080011d0       0x5c CMakeFiles/USART.elf.dir/Drivers/STM32H7xx_HAL_Driver/Src/stm32h7xx_hal.c.obj
                0x080011d0                HAL_Init
 .text.HAL_IncTick
                0x0800122c       0x18 CMakeFiles/USART.elf.dir/Drivers/STM32H7xx_HAL_Driver/Src/stm32h7xx_hal.c.obj
                0x0800122c                HAL_IncTick
 .text.HAL_GetTick
                0x08001244        0xc CMakeFiles/USART.elf.dir/Drivers/STM32H7xx_HAL_Driver/Src/stm32h7xx_hal.c.obj
                0x08001244                HAL_GetTick
 .text.HAL_GetREVID
                0x08001250        0xc CMakeFiles/USART.elf.dir/Drivers/STM32H7xx_HAL_Driver/Src/stm32h7xx_hal.c.obj
                0x08001250                HAL_GetREVID
 .text.HAL_NVIC_SetPriorityGrouping
                0x0800125c       0x24 CMakeFiles/USART.elf.dir/Drivers/STM32H7xx_HAL_Driver/Src/stm32h7xx_hal_cortex.c.obj
                0x0800125c                HAL_NVIC_SetPriorityGrouping
 .text.HAL_NVIC_SetPriority
                0x08001280       0x6c CMakeFiles/USART.elf.dir/Drivers/STM32H7xx_HAL_Driver/Src/stm32h7xx_hal_cortex.c.obj
                0x08001280                HAL_NVIC_SetPriority
 .text.HAL_SYSTICK_Config
                0x080012ec       0x28 CMakeFiles/USART.elf.dir/Drivers/STM32H7xx_HAL_Driver/Src/stm32h7xx_hal_cortex.c.obj
                0x080012ec                HAL_SYSTICK_Config
 .text.HAL_GPIO_Init
                0x08001314      0x228 CMakeFiles/USART.elf.dir/Drivers/STM32H7xx_HAL_Driver/Src/stm32h7xx_hal_gpio.c.obj
                0x08001314                HAL_GPIO_Init
 .text.HAL_PWREx_ConfigSupply
                0x0800153c       0x54 CMakeFiles/USART.elf.dir/Drivers/STM32H7xx_HAL_Driver/Src/stm32h7xx_hal_pwr_ex.c.obj
                0x0800153c                HAL_PWREx_ConfigSupply
 .text.HAL_RCC_OscConfig
                0x08001590      0x674 CMakeFiles/USART.elf.dir/Drivers/STM32H7xx_HAL_Driver/Src/stm32h7xx_hal_rcc.c.obj
                0x08001590                HAL_RCC_OscConfig
 .text.HAL_RCC_GetSysClockFreq
                0x08001c04      0x218 CMakeFiles/USART.elf.dir/Drivers/STM32H7xx_HAL_Driver/Src/stm32h7xx_hal_rcc.c.obj
                0x08001c04                HAL_RCC_GetSysClockFreq
 .text.HAL_RCC_ClockConfig
                0x08001e1c      0x294 CMakeFiles/USART.elf.dir/Drivers/STM32H7xx_HAL_Driver/Src/stm32h7xx_hal_rcc.c.obj
                0x08001e1c                HAL_RCC_ClockConfig
 .text.HAL_RCC_GetHCLKFreq
                0x080020b0       0x44 CMakeFiles/USART.elf.dir/Drivers/STM32H7xx_HAL_Driver/Src/stm32h7xx_hal_rcc.c.obj
                0x080020b0                HAL_RCC_GetHCLKFreq
 .text.HAL_RCC_GetPCLK1Freq
                0x080020f4       0x24 CMakeFiles/USART.elf.dir/Drivers/STM32H7xx_HAL_Driver/Src/stm32h7xx_hal_rcc.c.obj
                0x080020f4                HAL_RCC_GetPCLK1Freq
 .text.HAL_RCC_GetPCLK2Freq
                0x08002118       0x24 CMakeFiles/USART.elf.dir/Drivers/STM32H7xx_HAL_Driver/Src/stm32h7xx_hal_rcc.c.obj
                0x08002118                HAL_RCC_GetPCLK2Freq
 .text.RCCEx_PLL2_Config
                0x0800213c      0x10c CMakeFiles/USART.elf.dir/Drivers/STM32H7xx_HAL_Driver/Src/stm32h7xx_hal_rcc_ex.c.obj
 .text.RCCEx_PLL3_Config
                0x08002248      0x10c CMakeFiles/USART.elf.dir/Drivers/STM32H7xx_HAL_Driver/Src/stm32h7xx_hal_rcc_ex.c.obj
 .text.HAL_RCCEx_PeriphCLKConfig
                0x08002354      0x9c4 CMakeFiles/USART.elf.dir/Drivers/STM32H7xx_HAL_Driver/Src/stm32h7xx_hal_rcc_ex.c.obj
                0x08002354                HAL_RCCEx_PeriphCLKConfig
 .text.HAL_RCCEx_GetD3PCLK1Freq
                0x08002d18       0x24 CMakeFiles/USART.elf.dir/Drivers/STM32H7xx_HAL_Driver/Src/stm32h7xx_hal_rcc_ex.c.obj
                0x08002d18                HAL_RCCEx_GetD3PCLK1Freq
 .text.HAL_RCCEx_GetPLL2ClockFreq
                0x08002d3c      0x234 CMakeFiles/USART.elf.dir/Drivers/STM32H7xx_HAL_Driver/Src/stm32h7xx_hal_rcc_ex.c.obj
                0x08002d3c                HAL_RCCEx_GetPLL2ClockFreq
 .text.HAL_RCCEx_GetPLL3ClockFreq
                0x08002f70      0x234 CMakeFiles/USART.elf.dir/Drivers/STM32H7xx_HAL_Driver/Src/stm32h7xx_hal_rcc_ex.c.obj
                0x08002f70                HAL_RCCEx_GetPLL3ClockFreq
 .text.UART_SetConfig
                0x080031a4      0x5f4 CMakeFiles/USART.elf.dir/Drivers/STM32H7xx_HAL_Driver/Src/stm32h7xx_hal_uart.c.obj
                0x080031a4                UART_SetConfig
 .text.UART_AdvFeatureConfig
                0x08003798       0xca CMakeFiles/USART.elf.dir/Drivers/STM32H7xx_HAL_Driver/Src/stm32h7xx_hal_uart.c.obj
                0x08003798                UART_AdvFeatureConfig
 .text.UART_WaitOnFlagUntilTimeout
                0x08003862       0xdc CMakeFiles/USART.elf.dir/Drivers/STM32H7xx_HAL_Driver/Src/stm32h7xx_hal_uart.c.obj
                0x08003862                UART_WaitOnFlagUntilTimeout
 .text.HAL_UART_Transmit
                0x0800393e       0xda CMakeFiles/USART.elf.dir/Drivers/STM32H7xx_HAL_Driver/Src/stm32h7xx_hal_uart.c.obj
                0x0800393e                HAL_UART_Transmit
 .text.HAL_UART_Receive
                0x08003a18      0x128 CMakeFiles/USART.elf.dir/Drivers/STM32H7xx_HAL_Driver/Src/stm32h7xx_hal_uart.c.obj
                0x08003a18                HAL_UART_Receive
 .text.UART_CheckIdleState
                0x08003b40       0x74 CMakeFiles/USART.elf.dir/Drivers/STM32H7xx_HAL_Driver/Src/stm32h7xx_hal_uart.c.obj
                0x08003b40                UART_CheckIdleState
 .text.HAL_UART_Init
                0x08003bb4       0x66 CMakeFiles/USART.elf.dir/Drivers/STM32H7xx_HAL_Driver/Src/stm32h7xx_hal_uart.c.obj
                0x08003bb4                HAL_UART_Init
 *fill*         0x08003c1a        0x2 
 .text.UARTEx_SetNbDataToProcess
                0x08003c1c       0x4c CMakeFiles/USART.elf.dir/Drivers/STM32H7xx_HAL_Driver/Src/stm32h7xx_hal_uart_ex.c.obj
 .text.HAL_UARTEx_DisableFifoMode
                0x08003c68       0x3e CMakeFiles/USART.elf.dir/Drivers/STM32H7xx_HAL_Driver/Src/stm32h7xx_hal_uart_ex.c.obj
                0x08003c68                HAL_UARTEx_DisableFifoMode
 .text.HAL_UARTEx_SetTxFifoThreshold
                0x08003ca6       0x4a CMakeFiles/USART.elf.dir/Drivers/STM32H7xx_HAL_Driver/Src/stm32h7xx_hal_uart_ex.c.obj
                0x08003ca6                HAL_UARTEx_SetTxFifoThreshold
 .text.HAL_UARTEx_SetRxFifoThreshold
                0x08003cf0       0x4a CMakeFiles/USART.elf.dir/Drivers/STM32H7xx_HAL_Driver/Src/stm32h7xx_hal_uart_ex.c.obj
                0x08003cf0                HAL_UARTEx_SetRxFifoThreshold
 *fill*         0x08003d3a        0x2 
 .text.Reset_Handler
                0x08003d3c       0x50 CMakeFiles/USART.elf.dir/startup/startup_stm32h750xx.s.obj
                0x08003d3c                Reset_Handler
 .text.Default_Handler
                0x08003d8c        0x2 CMakeFiles/USART.elf.dir/startup/startup_stm32h750xx.s.obj
                0x08003d8c                RTC_Alarm_IRQHandler
                0x08003d8c                HASH_RNG_IRQHandler
                0x08003d8c                EXTI2_IRQHandler
                0x08003d8c                TIM8_CC_IRQHandler
                0x08003d8c                HRTIM1_Master_IRQHandler
                0x08003d8c                UART8_IRQHandler
                0x08003d8c                SPI4_IRQHandler
                0x08003d8c                TIM1_CC_IRQHandler
                0x08003d8c                BDMA_Channel6_IRQHandler
                0x08003d8c                DMA2_Stream5_IRQHandler
                0x08003d8c                HRTIM1_FLT_IRQHandler
                0x08003d8c                JPEG_IRQHandler
                0x08003d8c                DMA1_Stream5_IRQHandler
                0x08003d8c                BDMA_Channel1_IRQHandler
                0x08003d8c                HRTIM1_TIMD_IRQHandler
                0x08003d8c                TAMP_STAMP_IRQHandler
                0x08003d8c                EXTI3_IRQHandler
                0x08003d8c                LPTIM4_IRQHandler
                0x08003d8c                TIM8_TRG_COM_TIM14_IRQHandler
                0x08003d8c                LPTIM2_IRQHandler
                0x08003d8c                DFSDM1_FLT1_IRQHandler
                0x08003d8c                DMAMUX2_OVR_IRQHandler
                0x08003d8c                TIM8_UP_TIM13_IRQHandler
                0x08003d8c                I2C3_ER_IRQHandler
                0x08003d8c                DFSDM1_FLT2_IRQHandler
                0x08003d8c                MDMA_IRQHandler
                0x08003d8c                LPTIM3_IRQHandler
                0x08003d8c                HSEM1_IRQHandler
                0x08003d8c                EXTI0_IRQHandler
                0x08003d8c                I2C2_EV_IRQHandler
                0x08003d8c                DMA1_Stream2_IRQHandler
                0x08003d8c                FPU_IRQHandler
                0x08003d8c                OTG_HS_WKUP_IRQHandler
                0x08003d8c                FDCAN1_IT1_IRQHandler
                0x08003d8c                LTDC_ER_IRQHandler
                0x08003d8c                DMA2_Stream2_IRQHandler
                0x08003d8c                HRTIM1_TIME_IRQHandler
                0x08003d8c                SPI1_IRQHandler
                0x08003d8c                TIM6_DAC_IRQHandler
                0x08003d8c                DCMI_IRQHandler
                0x08003d8c                HRTIM1_TIMC_IRQHandler
                0x08003d8c                DMA2_Stream3_IRQHandler
                0x08003d8c                SAI2_IRQHandler
                0x08003d8c                DFSDM1_FLT3_IRQHandler
                0x08003d8c                USART6_IRQHandler
                0x08003d8c                TIM17_IRQHandler
                0x08003d8c                USART3_IRQHandler
                0x08003d8c                BDMA_Channel7_IRQHandler
                0x08003d8c                CRYP_IRQHandler
                0x08003d8c                LPTIM5_IRQHandler
                0x08003d8c                UART5_IRQHandler
                0x08003d8c                ADC3_IRQHandler
                0x08003d8c                DMA2_Stream0_IRQHandler
                0x08003d8c                TIM4_IRQHandler
                0x08003d8c                BDMA_Channel2_IRQHandler
                0x08003d8c                QUADSPI_IRQHandler
                0x08003d8c                I2C1_EV_IRQHandler
                0x08003d8c                DMA1_Stream6_IRQHandler
                0x08003d8c                DMAMUX1_OVR_IRQHandler
                0x08003d8c                DMA1_Stream1_IRQHandler
                0x08003d8c                TIM16_IRQHandler
                0x08003d8c                UART4_IRQHandler
                0x08003d8c                BDMA_Channel5_IRQHandler
                0x08003d8c                TIM3_IRQHandler
                0x08003d8c                RCC_IRQHandler
                0x08003d8c                TIM8_BRK_TIM12_IRQHandler
                0x08003d8c                TIM1_TRG_COM_IRQHandler
                0x08003d8c                Default_Handler
                0x08003d8c                ECC_IRQHandler
                0x08003d8c                CEC_IRQHandler
                0x08003d8c                EXTI15_10_IRQHandler
                0x08003d8c                BDMA_Channel0_IRQHandler
                0x08003d8c                ADC_IRQHandler
                0x08003d8c                DMA1_Stream7_IRQHandler
                0x08003d8c                HRTIM1_TIMA_IRQHandler
                0x08003d8c                SPI5_IRQHandler
                0x08003d8c                TIM7_IRQHandler
                0x08003d8c                SDMMC1_IRQHandler
                0x08003d8c                TIM5_IRQHandler
                0x08003d8c                DMA2_Stream7_IRQHandler
                0x08003d8c                TIM15_IRQHandler
                0x08003d8c                PVD_AVD_IRQHandler
                0x08003d8c                I2C3_EV_IRQHandler
                0x08003d8c                EXTI9_5_IRQHandler
                0x08003d8c                RTC_WKUP_IRQHandler
                0x08003d8c                LTDC_IRQHandler
                0x08003d8c                SAI3_IRQHandler
                0x08003d8c                ETH_WKUP_IRQHandler
                0x08003d8c                SPDIF_RX_IRQHandler
                0x08003d8c                SPI2_IRQHandler
                0x08003d8c                OTG_HS_EP1_IN_IRQHandler
                0x08003d8c                DMA1_Stream0_IRQHandler
                0x08003d8c                CRS_IRQHandler
                0x08003d8c                EXTI4_IRQHandler
                0x08003d8c                HRTIM1_TIMB_IRQHandler
                0x08003d8c                FDCAN2_IT1_IRQHandler
                0x08003d8c                ETH_IRQHandler
                0x08003d8c                TIM1_UP_IRQHandler
                0x08003d8c                BDMA_Channel4_IRQHandler
                0x08003d8c                OTG_HS_EP1_OUT_IRQHandler
                0x08003d8c                WWDG_IRQHandler
                0x08003d8c                SPI6_IRQHandler
                0x08003d8c                MDIOS_IRQHandler
                0x08003d8c                I2C4_EV_IRQHandler
                0x08003d8c                FDCAN2_IT0_IRQHandler
                0x08003d8c                LPUART1_IRQHandler
                0x08003d8c                FDCAN1_IT0_IRQHandler
                0x08003d8c                TIM2_IRQHandler
                0x08003d8c                OTG_FS_WKUP_IRQHandler
                0x08003d8c                OTG_HS_IRQHandler
                0x08003d8c                DMA2D_IRQHandler
                0x08003d8c                TIM1_BRK_IRQHandler
                0x08003d8c                EXTI1_IRQHandler
                0x08003d8c                SDMMC2_IRQHandler
                0x08003d8c                OTG_FS_EP1_OUT_IRQHandler
                0x08003d8c                BDMA_Channel3_IRQHandler
                0x08003d8c                UART7_IRQHandler
                0x08003d8c                MDIOS_WKUP_IRQHandler
                0x08003d8c                USART2_IRQHandler
                0x08003d8c                DFSDM1_FLT0_IRQHandler
                0x08003d8c                SAI4_IRQHandler
                0x08003d8c                I2C2_ER_IRQHandler
                0x08003d8c                DMA2_Stream1_IRQHandler
                0x08003d8c                FLASH_IRQHandler
                0x08003d8c                DMA2_Stream4_IRQHandler
                0x08003d8c                USART1_IRQHandler
                0x08003d8c                OTG_FS_IRQHandler
                0x08003d8c                SPI3_IRQHandler
                0x08003d8c                WAKEUP_PIN_IRQHandler
                0x08003d8c                DMA1_Stream4_IRQHandler
                0x08003d8c                OTG_FS_EP1_IN_IRQHandler
                0x08003d8c                I2C1_ER_IRQHandler
                0x08003d8c                FMC_IRQHandler
                0x08003d8c                FDCAN_CAL_IRQHandler
                0x08003d8c                SWPMI1_IRQHandler
                0x08003d8c                COMP1_IRQHandler
                0x08003d8c                LPTIM1_IRQHandler
                0x08003d8c                I2C4_ER_IRQHandler
                0x08003d8c                DMA2_Stream6_IRQHandler
                0x08003d8c                SAI1_IRQHandler
                0x08003d8c                DMA1_Stream3_IRQHandler
 *fill*         0x08003d8e        0x2 
 .text.__errno  0x08003d90        0xc d:/gcc-arm-none-eabi/bin/../lib/gcc/arm-none-eabi/10.3.1/../../../../arm-none-eabi/lib/thumb/v7e-m/nofp\libg.a(lib_a-errno.o)
                0x08003d90                __errno
 .text.__libc_init_array
                0x08003d9c       0x48 d:/gcc-arm-none-eabi/bin/../lib/gcc/arm-none-eabi/10.3.1/../../../../arm-none-eabi/lib/thumb/v7e-m/nofp\libg.a(lib_a-init.o)
                0x08003d9c                __libc_init_array
 .text.memset   0x08003de4       0xa4 d:/gcc-arm-none-eabi/bin/../lib/gcc/arm-none-eabi/10.3.1/../../../../arm-none-eabi/lib/thumb/v7e-m/nofp\libg.a(lib_a-memset.o)
                0x08003de4                memset
 .text._puts_r  0x08003e88       0x9c d:/gcc-arm-none-eabi/bin/../lib/gcc/arm-none-eabi/10.3.1/../../../../arm-none-eabi/lib/thumb/v7e-m/nofp\libg.a(lib_a-puts.o)
                0x08003e88                _puts_r
 .text.puts     0x08003f24       0x10 d:/gcc-arm-none-eabi/bin/../lib/gcc/arm-none-eabi/10.3.1/../../../../arm-none-eabi/lib/thumb/v7e-m/nofp\libg.a(lib_a-puts.o)
                0x08003f24                puts
 .text.setvbuf  0x08003f34      0x1b0 d:/gcc-arm-none-eabi/bin/../lib/gcc/arm-none-eabi/10.3.1/../../../../arm-none-eabi/lib/thumb/v7e-m/nofp\libg.a(lib_a-setvbuf.o)
                0x08003f34                setvbuf
 .text.startup.register_fini
                0x080040e4       0x14 d:/gcc-arm-none-eabi/bin/../lib/gcc/arm-none-eabi/10.3.1/../../../../arm-none-eabi/lib/thumb/v7e-m/nofp\libg.a(lib_a-__call_atexit.o)
 .text.atexit   0x080040f8        0xc d:/gcc-arm-none-eabi/bin/../lib/gcc/arm-none-eabi/10.3.1/../../../../arm-none-eabi/lib/thumb/v7e-m/nofp\libg.a(lib_a-atexit.o)
                0x080040f8                atexit
 .text.__sflush_r
                0x08004104      0x120 d:/gcc-arm-none-eabi/bin/../lib/gcc/arm-none-eabi/10.3.1/../../../../arm-none-eabi/lib/thumb/v7e-m/nofp\libg.a(lib_a-fflush.o)
                0x08004104                __sflush_r
 .text._fflush_r
                0x08004224       0x5c d:/gcc-arm-none-eabi/bin/../lib/gcc/arm-none-eabi/10.3.1/../../../../arm-none-eabi/lib/thumb/v7e-m/nofp\libg.a(lib_a-fflush.o)
                0x08004224                _fflush_r
 .text._cleanup_r
                0x08004280        0xc d:/gcc-arm-none-eabi/bin/../lib/gcc/arm-none-eabi/10.3.1/../../../../arm-none-eabi/lib/thumb/v7e-m/nofp\libg.a(lib_a-findfp.o)
                0x08004280                _cleanup_r
 .text.__sinit  0x0800428c      0x10c d:/gcc-arm-none-eabi/bin/../lib/gcc/arm-none-eabi/10.3.1/../../../../arm-none-eabi/lib/thumb/v7e-m/nofp\libg.a(lib_a-findfp.o)
                0x0800428c                __sinit
 .text.__sfp_lock_acquire
                0x08004398        0xc d:/gcc-arm-none-eabi/bin/../lib/gcc/arm-none-eabi/10.3.1/../../../../arm-none-eabi/lib/thumb/v7e-m/nofp\libg.a(lib_a-findfp.o)
                0x08004398                __sfp_lock_acquire
 .text.__sfp_lock_release
                0x080043a4        0xc d:/gcc-arm-none-eabi/bin/../lib/gcc/arm-none-eabi/10.3.1/../../../../arm-none-eabi/lib/thumb/v7e-m/nofp\libg.a(lib_a-findfp.o)
                0x080043a4                __sfp_lock_release
 .text.__libc_fini_array
                0x080043b0       0x2c d:/gcc-arm-none-eabi/bin/../lib/gcc/arm-none-eabi/10.3.1/../../../../arm-none-eabi/lib/thumb/v7e-m/nofp\libg.a(lib_a-fini.o)
                0x080043b0                __libc_fini_array
 .text._malloc_trim_r
                0x080043dc       0xa0 d:/gcc-arm-none-eabi/bin/../lib/gcc/arm-none-eabi/10.3.1/../../../../arm-none-eabi/lib/thumb/v7e-m/nofp\libg.a(lib_a-freer.o)
                0x080043dc                _malloc_trim_r
 .text._free_r  0x0800447c      0x20c d:/gcc-arm-none-eabi/bin/../lib/gcc/arm-none-eabi/10.3.1/../../../../arm-none-eabi/lib/thumb/v7e-m/nofp\libg.a(lib_a-freer.o)
                0x0800447c                _free_r
 .text.__sfvwrite_r
                0x08004688      0x2e8 d:/gcc-arm-none-eabi/bin/../lib/gcc/arm-none-eabi/10.3.1/../../../../arm-none-eabi/lib/thumb/v7e-m/nofp\libg.a(lib_a-fvwrite.o)
                0x08004688                __sfvwrite_r
 .text._fwalk_reent
                0x08004970       0x48 d:/gcc-arm-none-eabi/bin/../lib/gcc/arm-none-eabi/10.3.1/../../../../arm-none-eabi/lib/thumb/v7e-m/nofp\libg.a(lib_a-fwalk.o)
                0x08004970                _fwalk_reent
 .text.__retarget_lock_init_recursive
                0x080049b8        0x4 d:/gcc-arm-none-eabi/bin/../lib/gcc/arm-none-eabi/10.3.1/../../../../arm-none-eabi/lib/thumb/v7e-m/nofp\libg.a(lib_a-lock.o)
                0x080049b8                __retarget_lock_init_recursive
 .text.__retarget_lock_close_recursive
                0x080049bc        0x4 d:/gcc-arm-none-eabi/bin/../lib/gcc/arm-none-eabi/10.3.1/../../../../arm-none-eabi/lib/thumb/v7e-m/nofp\libg.a(lib_a-lock.o)
                0x080049bc                __retarget_lock_close_recursive
 .text.__retarget_lock_acquire_recursive
                0x080049c0        0x4 d:/gcc-arm-none-eabi/bin/../lib/gcc/arm-none-eabi/10.3.1/../../../../arm-none-eabi/lib/thumb/v7e-m/nofp\libg.a(lib_a-lock.o)
                0x080049c0                __retarget_lock_acquire_recursive
 .text.__retarget_lock_release_recursive
                0x080049c4        0x4 d:/gcc-arm-none-eabi/bin/../lib/gcc/arm-none-eabi/10.3.1/../../../../arm-none-eabi/lib/thumb/v7e-m/nofp\libg.a(lib_a-lock.o)
                0x080049c4                __retarget_lock_release_recursive
 .text.__smakebuf_r
                0x080049c8       0xe0 d:/gcc-arm-none-eabi/bin/../lib/gcc/arm-none-eabi/10.3.1/../../../../arm-none-eabi/lib/thumb/v7e-m/nofp\libg.a(lib_a-makebuf.o)
                0x080049c8                __smakebuf_r
 .text.__swhatbuf_r
                0x08004aa8       0x60 d:/gcc-arm-none-eabi/bin/../lib/gcc/arm-none-eabi/10.3.1/../../../../arm-none-eabi/lib/thumb/v7e-m/nofp\libg.a(lib_a-makebuf.o)
                0x08004aa8                __swhatbuf_r
 .text.malloc   0x08004b08       0x10 d:/gcc-arm-none-eabi/bin/../lib/gcc/arm-none-eabi/10.3.1/../../../../arm-none-eabi/lib/thumb/v7e-m/nofp\libg.a(lib_a-malloc.o)
                0x08004b08                malloc
 .text._malloc_r
                0x08004b18      0x560 d:/gcc-arm-none-eabi/bin/../lib/gcc/arm-none-eabi/10.3.1/../../../../arm-none-eabi/lib/thumb/v7e-m/nofp\libg.a(lib_a-mallocr.o)
                0x08004b18                _malloc_r
 .text.memmove  0x08005078       0xf8 d:/gcc-arm-none-eabi/bin/../lib/gcc/arm-none-eabi/10.3.1/../../../../arm-none-eabi/lib/thumb/v7e-m/nofp\libg.a(lib_a-memmove.o)
                0x08005078                memmove
 .text.__malloc_lock
                0x08005170        0xc d:/gcc-arm-none-eabi/bin/../lib/gcc/arm-none-eabi/10.3.1/../../../../arm-none-eabi/lib/thumb/v7e-m/nofp\libg.a(lib_a-mlock.o)
                0x08005170                __malloc_lock
 .text.__malloc_unlock
                0x0800517c        0xc d:/gcc-arm-none-eabi/bin/../lib/gcc/arm-none-eabi/10.3.1/../../../../arm-none-eabi/lib/thumb/v7e-m/nofp\libg.a(lib_a-mlock.o)
                0x0800517c                __malloc_unlock
 .text._realloc_r
                0x08005188      0x3d8 d:/gcc-arm-none-eabi/bin/../lib/gcc/arm-none-eabi/10.3.1/../../../../arm-none-eabi/lib/thumb/v7e-m/nofp\libg.a(lib_a-reallocr.o)
                0x08005188                _realloc_r
 .text._sbrk_r  0x08005560       0x24 d:/gcc-arm-none-eabi/bin/../lib/gcc/arm-none-eabi/10.3.1/../../../../arm-none-eabi/lib/thumb/v7e-m/nofp\libg.a(lib_a-sbrkr.o)
                0x08005560                _sbrk_r
 .text.__sread  0x08005584       0x24 d:/gcc-arm-none-eabi/bin/../lib/gcc/arm-none-eabi/10.3.1/../../../../arm-none-eabi/lib/thumb/v7e-m/nofp\libg.a(lib_a-stdio.o)
                0x08005584                __sread
 .text.__swrite
                0x080055a8       0x40 d:/gcc-arm-none-eabi/bin/../lib/gcc/arm-none-eabi/10.3.1/../../../../arm-none-eabi/lib/thumb/v7e-m/nofp\libg.a(lib_a-stdio.o)
                0x080055a8                __swrite
 .text.__sseek  0x080055e8       0x20 d:/gcc-arm-none-eabi/bin/../lib/gcc/arm-none-eabi/10.3.1/../../../../arm-none-eabi/lib/thumb/v7e-m/nofp\libg.a(lib_a-stdio.o)
                0x080055e8                __sseek
 .text.__sclose
                0x08005608        0x8 d:/gcc-arm-none-eabi/bin/../lib/gcc/arm-none-eabi/10.3.1/../../../../arm-none-eabi/lib/thumb/v7e-m/nofp\libg.a(lib_a-stdio.o)
                0x08005608                __sclose
 .text._write_r
                0x08005610       0x2c d:/gcc-arm-none-eabi/bin/../lib/gcc/arm-none-eabi/10.3.1/../../../../arm-none-eabi/lib/thumb/v7e-m/nofp\libg.a(lib_a-writer.o)
                0x08005610                _write_r
 .text.__swsetup_r
                0x0800563c       0xd4 d:/gcc-arm-none-eabi/bin/../lib/gcc/arm-none-eabi/10.3.1/../../../../arm-none-eabi/lib/thumb/v7e-m/nofp\libg.a(lib_a-wsetup.o)
                0x0800563c                __swsetup_r
 .text.__register_exitproc
                0x08005710       0x8c d:/gcc-arm-none-eabi/bin/../lib/gcc/arm-none-eabi/10.3.1/../../../../arm-none-eabi/lib/thumb/v7e-m/nofp\libg.a(lib_a-__atexit.o)
                0x08005710                __register_exitproc
 .text._close_r
                0x0800579c       0x24 d:/gcc-arm-none-eabi/bin/../lib/gcc/arm-none-eabi/10.3.1/../../../../arm-none-eabi/lib/thumb/v7e-m/nofp\libg.a(lib_a-closer.o)
                0x0800579c                _close_r
 .text._fclose_r
                0x080057c0       0xcc d:/gcc-arm-none-eabi/bin/../lib/gcc/arm-none-eabi/10.3.1/../../../../arm-none-eabi/lib/thumb/v7e-m/nofp\libg.a(lib_a-fclose.o)
                0x080057c0                _fclose_r
 .text._fstat_r
                0x0800588c       0x2c d:/gcc-arm-none-eabi/bin/../lib/gcc/arm-none-eabi/10.3.1/../../../../arm-none-eabi/lib/thumb/v7e-m/nofp\libg.a(lib_a-fstatr.o)
                0x0800588c                _fstat_r
 .text._isatty_r
                0x080058b8       0x24 d:/gcc-arm-none-eabi/bin/../lib/gcc/arm-none-eabi/10.3.1/../../../../arm-none-eabi/lib/thumb/v7e-m/nofp\libg.a(lib_a-isattyr.o)
                0x080058b8                _isatty_r
 .text._lseek_r
                0x080058dc       0x2c d:/gcc-arm-none-eabi/bin/../lib/gcc/arm-none-eabi/10.3.1/../../../../arm-none-eabi/lib/thumb/v7e-m/nofp\libg.a(lib_a-lseekr.o)
                0x080058dc                _lseek_r
 .text._read_r  0x08005908       0x2c d:/gcc-arm-none-eabi/bin/../lib/gcc/arm-none-eabi/10.3.1/../../../../arm-none-eabi/lib/thumb/v7e-m/nofp\libg.a(lib_a-readr.o)
                0x08005908                _read_r
 *(.glue_7)
 .glue_7        0x08005934        0x0 linker stubs
 *(.glue_7t)
 .glue_7t       0x08005934        0x0 linker stubs
 *(.eh_frame)
 .eh_frame      0x08005934        0x0 d:/gcc-arm-none-eabi/bin/../lib/gcc/arm-none-eabi/10.3.1/thumb/v7e-m/nofp/crtbegin.o
 *(.init)
 .init          0x08005934        0x4 d:/gcc-arm-none-eabi/bin/../lib/gcc/arm-none-eabi/10.3.1/thumb/v7e-m/nofp/crti.o
                0x08005934                _init
 .init          0x08005938        0x8 d:/gcc-arm-none-eabi/bin/../lib/gcc/arm-none-eabi/10.3.1/thumb/v7e-m/nofp/crtn.o
 *(.fini)
 .fini          0x08005940        0x4 d:/gcc-arm-none-eabi/bin/../lib/gcc/arm-none-eabi/10.3.1/thumb/v7e-m/nofp/crti.o
                0x08005940                _fini
 .fini          0x08005944        0x8 d:/gcc-arm-none-eabi/bin/../lib/gcc/arm-none-eabi/10.3.1/thumb/v7e-m/nofp/crtn.o
                0x0800594c                . = ALIGN (0x4)
                0x0800594c                _etext = .

.vfp11_veneer   0x0800594c        0x0
 .vfp11_veneer  0x0800594c        0x0 linker stubs

.v4_bx          0x0800594c        0x0
 .v4_bx         0x0800594c        0x0 linker stubs

.iplt           0x0800594c        0x0
 .iplt          0x0800594c        0x0 d:/gcc-arm-none-eabi/bin/../lib/gcc/arm-none-eabi/10.3.1/thumb/v7e-m/nofp/crtbegin.o

.rodata         0x0800594c       0x50
                0x0800594c                . = ALIGN (0x4)
 *(.rodata)
 *(.rodata*)
 .rodata.main.str1.4
                0x0800594c        0xe CMakeFiles/USART.elf.dir/Core/Src/main.c.obj
 *fill*         0x0800595a        0x2 
 .rodata.D1CorePrescTable
                0x0800595c       0x10 CMakeFiles/USART.elf.dir/Core/Src/system_stm32h7xx.c.obj
                0x0800595c                D1CorePrescTable
 .rodata.UARTPrescTable
                0x0800596c       0x18 CMakeFiles/USART.elf.dir/Drivers/STM32H7xx_HAL_Driver/Src/stm32h7xx_hal_uart.c.obj
                0x0800596c                UARTPrescTable
 .rodata.denominator.0
                0x08005984        0x8 CMakeFiles/USART.elf.dir/Drivers/STM32H7xx_HAL_Driver/Src/stm32h7xx_hal_uart_ex.c.obj
 .rodata.numerator.1
                0x0800598c        0x8 CMakeFiles/USART.elf.dir/Drivers/STM32H7xx_HAL_Driver/Src/stm32h7xx_hal_uart_ex.c.obj
 .rodata._global_impure_ptr
                0x08005994        0x4 d:/gcc-arm-none-eabi/bin/../lib/gcc/arm-none-eabi/10.3.1/../../../../arm-none-eabi/lib/thumb/v7e-m/nofp\libg.a(lib_a-impure.o)
                0x08005994                _global_impure_ptr
 .rodata._puts_r.str1.4
                0x08005998        0x2 d:/gcc-arm-none-eabi/bin/../lib/gcc/arm-none-eabi/10.3.1/../../../../arm-none-eabi/lib/thumb/v7e-m/nofp\libg.a(lib_a-puts.o)
                0x0800599c                . = ALIGN (0x4)
 *fill*         0x0800599a        0x2 

.ARM.extab
 *(.ARM.extab* .gnu.linkonce.armextab.*)

.ARM            0x0800599c        0x8
                0x0800599c                __exidx_start = .
 *(.ARM.exidx*)
 .ARM.exidx     0x0800599c        0x8 d:/gcc-arm-none-eabi/bin/../lib/gcc/arm-none-eabi/10.3.1/thumb/v7e-m/nofp\libgcc.a(_udivmoddi4.o)
                0x080059a4                __exidx_end = .

.rel.dyn        0x080059a4        0x0
 .rel.iplt      0x080059a4        0x0 d:/gcc-arm-none-eabi/bin/../lib/gcc/arm-none-eabi/10.3.1/thumb/v7e-m/nofp/crtbegin.o

.preinit_array  0x080059a4        0x0
                0x080059a4                PROVIDE (__preinit_array_start = .)
 *(.preinit_array*)
                0x080059a4                PROVIDE (__preinit_array_end = .)

.init_array     0x080059a4        0x8
                0x080059a4                PROVIDE (__init_array_start = .)
 *(SORT_BY_NAME(.init_array.*))
 .init_array.00000
                0x080059a4        0x4 d:/gcc-arm-none-eabi/bin/../lib/gcc/arm-none-eabi/10.3.1/../../../../arm-none-eabi/lib/thumb/v7e-m/nofp\libg.a(lib_a-__call_atexit.o)
 *(.init_array*)
 .init_array    0x080059a8        0x4 d:/gcc-arm-none-eabi/bin/../lib/gcc/arm-none-eabi/10.3.1/thumb/v7e-m/nofp/crtbegin.o
                0x080059ac                PROVIDE (__init_array_end = .)

.fini_array     0x080059ac        0x4
                0x080059ac                PROVIDE (__fini_array_start = .)
 *(SORT_BY_NAME(.fini_array.*))
 *(.fini_array*)
 .fini_array    0x080059ac        0x4 d:/gcc-arm-none-eabi/bin/../lib/gcc/arm-none-eabi/10.3.1/thumb/v7e-m/nofp/crtbegin.o
                0x080059b0                PROVIDE (__fini_array_end = .)
                0x080059b0                _sidata = LOADADDR (.data)

.data           0x20000000      0x854 load address 0x080059b0
                0x20000000                . = ALIGN (0x4)
                0x20000000                _sdata = .
 *(.data)
 *(.data*)
 .data.SystemCoreClock
                0x20000000        0x4 CMakeFiles/USART.elf.dir/Core/Src/system_stm32h7xx.c.obj
                0x20000000                SystemCoreClock
 .data.SystemD2Clock
                0x20000004        0x4 CMakeFiles/USART.elf.dir/Core/Src/system_stm32h7xx.c.obj
                0x20000004                SystemD2Clock
 .data.uwTickFreq
                0x20000008        0x1 CMakeFiles/USART.elf.dir/Drivers/STM32H7xx_HAL_Driver/Src/stm32h7xx_hal.c.obj
                0x20000008                uwTickFreq
 *fill*         0x20000009        0x3 
 .data.uwTickPrio
                0x2000000c        0x4 CMakeFiles/USART.elf.dir/Drivers/STM32H7xx_HAL_Driver/Src/stm32h7xx_hal.c.obj
                0x2000000c                uwTickPrio
 .data._impure_ptr
                0x20000010        0x4 d:/gcc-arm-none-eabi/bin/../lib/gcc/arm-none-eabi/10.3.1/../../../../arm-none-eabi/lib/thumb/v7e-m/nofp\libg.a(lib_a-impure.o)
                0x20000010                _impure_ptr
 *fill*         0x20000014        0x4 
 .data.impure_data
                0x20000018      0x428 d:/gcc-arm-none-eabi/bin/../lib/gcc/arm-none-eabi/10.3.1/../../../../arm-none-eabi/lib/thumb/v7e-m/nofp\libg.a(lib_a-impure.o)
 .data.__atexit_recursive_mutex
                0x20000440        0x4 d:/gcc-arm-none-eabi/bin/../lib/gcc/arm-none-eabi/10.3.1/../../../../arm-none-eabi/lib/thumb/v7e-m/nofp\libg.a(lib_a-__call_atexit.o)
                0x20000440                __atexit_recursive_mutex
 .data.__malloc_av_
                0x20000444      0x408 d:/gcc-arm-none-eabi/bin/../lib/gcc/arm-none-eabi/10.3.1/../../../../arm-none-eabi/lib/thumb/v7e-m/nofp\libg.a(lib_a-mallocr.o)
                0x20000444                __malloc_av_
 .data.__malloc_sbrk_base
                0x2000084c        0x4 d:/gcc-arm-none-eabi/bin/../lib/gcc/arm-none-eabi/10.3.1/../../../../arm-none-eabi/lib/thumb/v7e-m/nofp\libg.a(lib_a-mallocr.o)
                0x2000084c                __malloc_sbrk_base
 .data.__malloc_trim_threshold
                0x20000850        0x4 d:/gcc-arm-none-eabi/bin/../lib/gcc/arm-none-eabi/10.3.1/../../../../arm-none-eabi/lib/thumb/v7e-m/nofp\libg.a(lib_a-mallocr.o)
                0x20000850                __malloc_trim_threshold
                0x20000854                . = ALIGN (0x4)
                0x20000854                _edata = .

.igot.plt       0x20000854        0x0 load address 0x08006204
 .igot.plt      0x20000854        0x0 d:/gcc-arm-none-eabi/bin/../lib/gcc/arm-none-eabi/10.3.1/thumb/v7e-m/nofp/crtbegin.o
                0x20000854                . = ALIGN (0x4)

.bss            0x20000854       0xfc load address 0x08006204
                0x20000854                _sbss = .
                0x20000854                __bss_start__ = _sbss
 *(.bss)
 .bss           0x20000854       0x1c d:/gcc-arm-none-eabi/bin/../lib/gcc/arm-none-eabi/10.3.1/thumb/v7e-m/nofp/crtbegin.o
 *(.bss*)
 .bss.gHuart    0x20000870        0x4 CMakeFiles/USART.elf.dir/Core/Src/retarget.c.obj
                0x20000870                gHuart
 .bss.huart1    0x20000874       0x90 CMakeFiles/USART.elf.dir/Core/Src/usart.c.obj
                0x20000874                huart1
 .bss.uwTick    0x20000904        0x4 CMakeFiles/USART.elf.dir/Drivers/STM32H7xx_HAL_Driver/Src/stm32h7xx_hal.c.obj
                0x20000904                uwTick
 .bss.__lock___atexit_recursive_mutex
                0x20000908        0x1 d:/gcc-arm-none-eabi/bin/../lib/gcc/arm-none-eabi/10.3.1/../../../../arm-none-eabi/lib/thumb/v7e-m/nofp\libg.a(lib_a-lock.o)
                0x20000908                __lock___atexit_recursive_mutex
 *fill*         0x20000909        0x3 
 .bss.__lock___malloc_recursive_mutex
                0x2000090c        0x1 d:/gcc-arm-none-eabi/bin/../lib/gcc/arm-none-eabi/10.3.1/../../../../arm-none-eabi/lib/thumb/v7e-m/nofp\libg.a(lib_a-lock.o)
                0x2000090c                __lock___malloc_recursive_mutex
 *fill*         0x2000090d        0x3 
 .bss.__lock___sfp_recursive_mutex
                0x20000910        0x1 d:/gcc-arm-none-eabi/bin/../lib/gcc/arm-none-eabi/10.3.1/../../../../arm-none-eabi/lib/thumb/v7e-m/nofp\libg.a(lib_a-lock.o)
                0x20000910                __lock___sfp_recursive_mutex
 *fill*         0x20000911        0x3 
 .bss.__lock___sinit_recursive_mutex
                0x20000914        0x1 d:/gcc-arm-none-eabi/bin/../lib/gcc/arm-none-eabi/10.3.1/../../../../arm-none-eabi/lib/thumb/v7e-m/nofp\libg.a(lib_a-lock.o)
                0x20000914                __lock___sinit_recursive_mutex
 *fill*         0x20000915        0x3 
 .bss.__malloc_current_mallinfo
                0x20000918       0x28 d:/gcc-arm-none-eabi/bin/../lib/gcc/arm-none-eabi/10.3.1/../../../../arm-none-eabi/lib/thumb/v7e-m/nofp\libg.a(lib_a-mallocr.o)
                0x20000918                __malloc_current_mallinfo
 .bss.__malloc_max_sbrked_mem
                0x20000940        0x4 d:/gcc-arm-none-eabi/bin/../lib/gcc/arm-none-eabi/10.3.1/../../../../arm-none-eabi/lib/thumb/v7e-m/nofp\libg.a(lib_a-mallocr.o)
                0x20000940                __malloc_max_sbrked_mem
 .bss.__malloc_max_total_mem
                0x20000944        0x4 d:/gcc-arm-none-eabi/bin/../lib/gcc/arm-none-eabi/10.3.1/../../../../arm-none-eabi/lib/thumb/v7e-m/nofp\libg.a(lib_a-mallocr.o)
                0x20000944                __malloc_max_total_mem
 .bss.__malloc_top_pad
                0x20000948        0x4 d:/gcc-arm-none-eabi/bin/../lib/gcc/arm-none-eabi/10.3.1/../../../../arm-none-eabi/lib/thumb/v7e-m/nofp\libg.a(lib_a-mallocr.o)
                0x20000948                __malloc_top_pad
 .bss.errno     0x2000094c        0x4 d:/gcc-arm-none-eabi/bin/../lib/gcc/arm-none-eabi/10.3.1/../../../../arm-none-eabi/lib/thumb/v7e-m/nofp\libg.a(lib_a-reent.o)
                0x2000094c                errno
 *(COMMON)
                0x20000950                . = ALIGN (0x4)
                0x20000950                _ebss = .
                0x20000950                __bss_end__ = _ebss

._user_heap_stack
                0x20000950      0x600 load address 0x08006204
                0x20000950                . = ALIGN (0x8)
                [!provide]                PROVIDE (end = .)
                [!provide]                PROVIDE (_end = .)
                0x20000b50                . = (. + _Min_Heap_Size)
 *fill*         0x20000950      0x200 
                0x20000f50                . = (. + _Min_Stack_Size)
 *fill*         0x20000b50      0x400 
                0x20000f50                . = ALIGN (0x8)

/DISCARD/
 libc.a(*)
 libm.a(*)
 libgcc.a(*)

.ARM.attributes
                0x00000000       0x2a
 *(.ARM.attributes)
 .ARM.attributes
                0x00000000       0x1e d:/gcc-arm-none-eabi/bin/../lib/gcc/arm-none-eabi/10.3.1/thumb/v7e-m/nofp/crti.o
 .ARM.attributes
                0x0000001e       0x2e d:/gcc-arm-none-eabi/bin/../lib/gcc/arm-none-eabi/10.3.1/thumb/v7e-m/nofp/crtbegin.o
 .ARM.attributes
                0x0000004c       0x2e CMakeFiles/USART.elf.dir/Core/Src/gpio.c.obj
 .ARM.attributes
                0x0000007a       0x2e CMakeFiles/USART.elf.dir/Core/Src/main.c.obj
 .ARM.attributes
                0x000000a8       0x2e CMakeFiles/USART.elf.dir/Core/Src/retarget.c.obj
 .ARM.attributes
                0x000000d6       0x2e CMakeFiles/USART.elf.dir/Core/Src/stm32h7xx_hal_msp.c.obj
 .ARM.attributes
                0x00000104       0x2e CMakeFiles/USART.elf.dir/Core/Src/stm32h7xx_it.c.obj
 .ARM.attributes
                0x00000132       0x2e CMakeFiles/USART.elf.dir/Core/Src/system_stm32h7xx.c.obj
 .ARM.attributes
                0x00000160       0x2e CMakeFiles/USART.elf.dir/Core/Src/usart.c.obj
 .ARM.attributes
                0x0000018e       0x2e CMakeFiles/USART.elf.dir/Drivers/STM32H7xx_HAL_Driver/Src/stm32h7xx_hal.c.obj
 .ARM.attributes
                0x000001bc       0x2e CMakeFiles/USART.elf.dir/Drivers/STM32H7xx_HAL_Driver/Src/stm32h7xx_hal_cortex.c.obj
 .ARM.attributes
                0x000001ea       0x2e CMakeFiles/USART.elf.dir/Drivers/STM32H7xx_HAL_Driver/Src/stm32h7xx_hal_gpio.c.obj
 .ARM.attributes
                0x00000218       0x2e CMakeFiles/USART.elf.dir/Drivers/STM32H7xx_HAL_Driver/Src/stm32h7xx_hal_pwr_ex.c.obj
 .ARM.attributes
                0x00000246       0x2e CMakeFiles/USART.elf.dir/Drivers/STM32H7xx_HAL_Driver/Src/stm32h7xx_hal_rcc.c.obj
 .ARM.attributes
                0x00000274       0x2e CMakeFiles/USART.elf.dir/Drivers/STM32H7xx_HAL_Driver/Src/stm32h7xx_hal_rcc_ex.c.obj
 .ARM.attributes
                0x000002a2       0x2e CMakeFiles/USART.elf.dir/Drivers/STM32H7xx_HAL_Driver/Src/stm32h7xx_hal_uart.c.obj
 .ARM.attributes
                0x000002d0       0x2e CMakeFiles/USART.elf.dir/Drivers/STM32H7xx_HAL_Driver/Src/stm32h7xx_hal_uart_ex.c.obj
 .ARM.attributes
                0x000002fe       0x21 CMakeFiles/USART.elf.dir/startup/startup_stm32h750xx.s.obj
 .ARM.attributes
                0x0000031f       0x1e d:/gcc-arm-none-eabi/bin/../lib/gcc/arm-none-eabi/10.3.1/thumb/v7e-m/nofp\libgcc.a(_arm_addsubsf3.o)
 .ARM.attributes
                0x0000033d       0x1e d:/gcc-arm-none-eabi/bin/../lib/gcc/arm-none-eabi/10.3.1/thumb/v7e-m/nofp\libgcc.a(_arm_muldivsf3.o)
 .ARM.attributes
                0x0000035b       0x1e d:/gcc-arm-none-eabi/bin/../lib/gcc/arm-none-eabi/10.3.1/thumb/v7e-m/nofp\libgcc.a(_arm_fixunssfsi.o)
 .ARM.attributes
                0x00000379       0x1e d:/gcc-arm-none-eabi/bin/../lib/gcc/arm-none-eabi/10.3.1/thumb/v7e-m/nofp\libgcc.a(_aeabi_uldivmod.o)
 .ARM.attributes
                0x00000397       0x2e d:/gcc-arm-none-eabi/bin/../lib/gcc/arm-none-eabi/10.3.1/thumb/v7e-m/nofp\libgcc.a(_udivmoddi4.o)
 .ARM.attributes
                0x000003c5       0x1e d:/gcc-arm-none-eabi/bin/../lib/gcc/arm-none-eabi/10.3.1/thumb/v7e-m/nofp\libgcc.a(_dvmd_tls.o)
 .ARM.attributes
                0x000003e3       0x2e d:/gcc-arm-none-eabi/bin/../lib/gcc/arm-none-eabi/10.3.1/../../../../arm-none-eabi/lib/thumb/v7e-m/nofp\libg.a(lib_a-errno.o)
 .ARM.attributes
                0x00000411       0x2e d:/gcc-arm-none-eabi/bin/../lib/gcc/arm-none-eabi/10.3.1/../../../../arm-none-eabi/lib/thumb/v7e-m/nofp\libg.a(lib_a-impure.o)
 .ARM.attributes
                0x0000043f       0x2e d:/gcc-arm-none-eabi/bin/../lib/gcc/arm-none-eabi/10.3.1/../../../../arm-none-eabi/lib/thumb/v7e-m/nofp\libg.a(lib_a-init.o)
 .ARM.attributes
                0x0000046d       0x2e d:/gcc-arm-none-eabi/bin/../lib/gcc/arm-none-eabi/10.3.1/../../../../arm-none-eabi/lib/thumb/v7e-m/nofp\libg.a(lib_a-memset.o)
 .ARM.attributes
                0x0000049b       0x2e d:/gcc-arm-none-eabi/bin/../lib/gcc/arm-none-eabi/10.3.1/../../../../arm-none-eabi/lib/thumb/v7e-m/nofp\libg.a(lib_a-puts.o)
 .ARM.attributes
                0x000004c9       0x2e d:/gcc-arm-none-eabi/bin/../lib/gcc/arm-none-eabi/10.3.1/../../../../arm-none-eabi/lib/thumb/v7e-m/nofp\libg.a(lib_a-setvbuf.o)
 .ARM.attributes
                0x000004f7       0x1c d:/gcc-arm-none-eabi/bin/../lib/gcc/arm-none-eabi/10.3.1/../../../../arm-none-eabi/lib/thumb/v7e-m/nofp\libg.a(lib_a-strlen.o)
 .ARM.attributes
                0x00000513       0x2e d:/gcc-arm-none-eabi/bin/../lib/gcc/arm-none-eabi/10.3.1/../../../../arm-none-eabi/lib/thumb/v7e-m/nofp\libg.a(lib_a-__call_atexit.o)
 .ARM.attributes
                0x00000541       0x2e d:/gcc-arm-none-eabi/bin/../lib/gcc/arm-none-eabi/10.3.1/../../../../arm-none-eabi/lib/thumb/v7e-m/nofp\libg.a(lib_a-atexit.o)
 .ARM.attributes
                0x0000056f       0x2e d:/gcc-arm-none-eabi/bin/../lib/gcc/arm-none-eabi/10.3.1/../../../../arm-none-eabi/lib/thumb/v7e-m/nofp\libg.a(lib_a-fflush.o)
 .ARM.attributes
                0x0000059d       0x2e d:/gcc-arm-none-eabi/bin/../lib/gcc/arm-none-eabi/10.3.1/../../../../arm-none-eabi/lib/thumb/v7e-m/nofp\libg.a(lib_a-findfp.o)
 .ARM.attributes
                0x000005cb       0x2e d:/gcc-arm-none-eabi/bin/../lib/gcc/arm-none-eabi/10.3.1/../../../../arm-none-eabi/lib/thumb/v7e-m/nofp\libg.a(lib_a-fini.o)
 .ARM.attributes
                0x000005f9       0x2e d:/gcc-arm-none-eabi/bin/../lib/gcc/arm-none-eabi/10.3.1/../../../../arm-none-eabi/lib/thumb/v7e-m/nofp\libg.a(lib_a-freer.o)
 .ARM.attributes
                0x00000627       0x2e d:/gcc-arm-none-eabi/bin/../lib/gcc/arm-none-eabi/10.3.1/../../../../arm-none-eabi/lib/thumb/v7e-m/nofp\libg.a(lib_a-fvwrite.o)
 .ARM.attributes
                0x00000655       0x2e d:/gcc-arm-none-eabi/bin/../lib/gcc/arm-none-eabi/10.3.1/../../../../arm-none-eabi/lib/thumb/v7e-m/nofp\libg.a(lib_a-fwalk.o)
 .ARM.attributes
                0x00000683       0x2e d:/gcc-arm-none-eabi/bin/../lib/gcc/arm-none-eabi/10.3.1/../../../../arm-none-eabi/lib/thumb/v7e-m/nofp\libg.a(lib_a-lock.o)
 .ARM.attributes
                0x000006b1       0x2e d:/gcc-arm-none-eabi/bin/../lib/gcc/arm-none-eabi/10.3.1/../../../../arm-none-eabi/lib/thumb/v7e-m/nofp\libg.a(lib_a-makebuf.o)
 .ARM.attributes
                0x000006df       0x2e d:/gcc-arm-none-eabi/bin/../lib/gcc/arm-none-eabi/10.3.1/../../../../arm-none-eabi/lib/thumb/v7e-m/nofp\libg.a(lib_a-malloc.o)
 .ARM.attributes
                0x0000070d       0x2e d:/gcc-arm-none-eabi/bin/../lib/gcc/arm-none-eabi/10.3.1/../../../../arm-none-eabi/lib/thumb/v7e-m/nofp\libg.a(lib_a-mallocr.o)
 .ARM.attributes
                0x0000073b       0x1c d:/gcc-arm-none-eabi/bin/../lib/gcc/arm-none-eabi/10.3.1/../../../../arm-none-eabi/lib/thumb/v7e-m/nofp\libg.a(lib_a-memchr.o)
 .ARM.attributes
                0x00000757       0x1c d:/gcc-arm-none-eabi/bin/../lib/gcc/arm-none-eabi/10.3.1/../../../../arm-none-eabi/lib/thumb/v7e-m/nofp\libg.a(lib_a-memcpy.o)
 .ARM.attributes
                0x00000773       0x2e d:/gcc-arm-none-eabi/bin/../lib/gcc/arm-none-eabi/10.3.1/../../../../arm-none-eabi/lib/thumb/v7e-m/nofp\libg.a(lib_a-memmove.o)
 .ARM.attributes
                0x000007a1       0x2e d:/gcc-arm-none-eabi/bin/../lib/gcc/arm-none-eabi/10.3.1/../../../../arm-none-eabi/lib/thumb/v7e-m/nofp\libg.a(lib_a-mlock.o)
 .ARM.attributes
                0x000007cf       0x2e d:/gcc-arm-none-eabi/bin/../lib/gcc/arm-none-eabi/10.3.1/../../../../arm-none-eabi/lib/thumb/v7e-m/nofp\libg.a(lib_a-reallocr.o)
 .ARM.attributes
                0x000007fd       0x2e d:/gcc-arm-none-eabi/bin/../lib/gcc/arm-none-eabi/10.3.1/../../../../arm-none-eabi/lib/thumb/v7e-m/nofp\libg.a(lib_a-sbrkr.o)
 .ARM.attributes
                0x0000082b       0x2e d:/gcc-arm-none-eabi/bin/../lib/gcc/arm-none-eabi/10.3.1/../../../../arm-none-eabi/lib/thumb/v7e-m/nofp\libg.a(lib_a-stdio.o)
 .ARM.attributes
                0x00000859       0x2e d:/gcc-arm-none-eabi/bin/../lib/gcc/arm-none-eabi/10.3.1/../../../../arm-none-eabi/lib/thumb/v7e-m/nofp\libg.a(lib_a-writer.o)
 .ARM.attributes
                0x00000887       0x2e d:/gcc-arm-none-eabi/bin/../lib/gcc/arm-none-eabi/10.3.1/../../../../arm-none-eabi/lib/thumb/v7e-m/nofp\libg.a(lib_a-wsetup.o)
 .ARM.attributes
                0x000008b5       0x2e d:/gcc-arm-none-eabi/bin/../lib/gcc/arm-none-eabi/10.3.1/../../../../arm-none-eabi/lib/thumb/v7e-m/nofp\libg.a(lib_a-__atexit.o)
 .ARM.attributes
                0x000008e3       0x2e d:/gcc-arm-none-eabi/bin/../lib/gcc/arm-none-eabi/10.3.1/../../../../arm-none-eabi/lib/thumb/v7e-m/nofp\libg.a(lib_a-closer.o)
 .ARM.attributes
                0x00000911       0x2e d:/gcc-arm-none-eabi/bin/../lib/gcc/arm-none-eabi/10.3.1/../../../../arm-none-eabi/lib/thumb/v7e-m/nofp\libg.a(lib_a-fclose.o)
 .ARM.attributes
                0x0000093f       0x2e d:/gcc-arm-none-eabi/bin/../lib/gcc/arm-none-eabi/10.3.1/../../../../arm-none-eabi/lib/thumb/v7e-m/nofp\libg.a(lib_a-fstatr.o)
 .ARM.attributes
                0x0000096d       0x2e d:/gcc-arm-none-eabi/bin/../lib/gcc/arm-none-eabi/10.3.1/../../../../arm-none-eabi/lib/thumb/v7e-m/nofp\libg.a(lib_a-isattyr.o)
 .ARM.attributes
                0x0000099b       0x2e d:/gcc-arm-none-eabi/bin/../lib/gcc/arm-none-eabi/10.3.1/../../../../arm-none-eabi/lib/thumb/v7e-m/nofp\libg.a(lib_a-lseekr.o)
 .ARM.attributes
                0x000009c9       0x2e d:/gcc-arm-none-eabi/bin/../lib/gcc/arm-none-eabi/10.3.1/../../../../arm-none-eabi/lib/thumb/v7e-m/nofp\libg.a(lib_a-readr.o)
 .ARM.attributes
                0x000009f7       0x2e d:/gcc-arm-none-eabi/bin/../lib/gcc/arm-none-eabi/10.3.1/../../../../arm-none-eabi/lib/thumb/v7e-m/nofp\libg.a(lib_a-reent.o)
 .ARM.attributes
                0x00000a25       0x1e d:/gcc-arm-none-eabi/bin/../lib/gcc/arm-none-eabi/10.3.1/thumb/v7e-m/nofp/crtn.o
OUTPUT(USART.elf elf32-littlearm)
LOAD linker stubs
LOAD d:/gcc-arm-none-eabi/bin/../lib/gcc/arm-none-eabi/10.3.1/../../../../arm-none-eabi/lib/thumb/v7e-m/nofp\libc.a
LOAD d:/gcc-arm-none-eabi/bin/../lib/gcc/arm-none-eabi/10.3.1/../../../../arm-none-eabi/lib/thumb/v7e-m/nofp\libm.a
LOAD d:/gcc-arm-none-eabi/bin/../lib/gcc/arm-none-eabi/10.3.1/thumb/v7e-m/nofp\libgcc.a

.debug_info     0x00000000    0x13f43
 .debug_info    0x00000000      0x4a0 CMakeFiles/USART.elf.dir/Core/Src/gpio.c.obj
 .debug_info    0x000004a0      0xde8 CMakeFiles/USART.elf.dir/Core/Src/main.c.obj
 .debug_info    0x00001288     0x14e0 CMakeFiles/USART.elf.dir/Core/Src/retarget.c.obj
 .debug_info    0x00002768      0x4a0 CMakeFiles/USART.elf.dir/Core/Src/stm32h7xx_hal_msp.c.obj
 .debug_info    0x00002c08      0x145 CMakeFiles/USART.elf.dir/Core/Src/stm32h7xx_it.c.obj
 .debug_info    0x00002d4d      0xaf5 CMakeFiles/USART.elf.dir/Core/Src/system_stm32h7xx.c.obj
 .debug_info    0x00003842     0x127d CMakeFiles/USART.elf.dir/Core/Src/usart.c.obj
 .debug_info    0x00004abf     0x16a6 CMakeFiles/USART.elf.dir/Drivers/STM32H7xx_HAL_Driver/Src/stm32h7xx_hal.c.obj
 .debug_info    0x00006165     0x13f0 CMakeFiles/USART.elf.dir/Drivers/STM32H7xx_HAL_Driver/Src/stm32h7xx_hal_cortex.c.obj
 .debug_info    0x00007555      0xd66 CMakeFiles/USART.elf.dir/Drivers/STM32H7xx_HAL_Driver/Src/stm32h7xx_hal_gpio.c.obj
 .debug_info    0x000082bb     0x122e CMakeFiles/USART.elf.dir/Drivers/STM32H7xx_HAL_Driver/Src/stm32h7xx_hal_pwr_ex.c.obj
 .debug_info    0x000094e9     0x13b3 CMakeFiles/USART.elf.dir/Drivers/STM32H7xx_HAL_Driver/Src/stm32h7xx_hal_rcc.c.obj
 .debug_info    0x0000a89c     0x1f48 CMakeFiles/USART.elf.dir/Drivers/STM32H7xx_HAL_Driver/Src/stm32h7xx_hal_rcc_ex.c.obj
 .debug_info    0x0000c7e4     0x652f CMakeFiles/USART.elf.dir/Drivers/STM32H7xx_HAL_Driver/Src/stm32h7xx_hal_uart.c.obj
 .debug_info    0x00012d13     0x120e CMakeFiles/USART.elf.dir/Drivers/STM32H7xx_HAL_Driver/Src/stm32h7xx_hal_uart_ex.c.obj
 .debug_info    0x00013f21       0x22 CMakeFiles/USART.elf.dir/startup/startup_stm32h750xx.s.obj

.debug_abbrev   0x00000000     0x20b3
 .debug_abbrev  0x00000000       0xd7 CMakeFiles/USART.elf.dir/Core/Src/gpio.c.obj
 .debug_abbrev  0x000000d7      0x23e CMakeFiles/USART.elf.dir/Core/Src/main.c.obj
 .debug_abbrev  0x00000315      0x2b4 CMakeFiles/USART.elf.dir/Core/Src/retarget.c.obj
 .debug_abbrev  0x000005c9       0xd7 CMakeFiles/USART.elf.dir/Core/Src/stm32h7xx_hal_msp.c.obj
 .debug_abbrev  0x000006a0       0x7e CMakeFiles/USART.elf.dir/Core/Src/stm32h7xx_it.c.obj
 .debug_abbrev  0x0000071e      0x162 CMakeFiles/USART.elf.dir/Core/Src/system_stm32h7xx.c.obj
 .debug_abbrev  0x00000880      0x23d CMakeFiles/USART.elf.dir/Core/Src/usart.c.obj
 .debug_abbrev  0x00000abd      0x264 CMakeFiles/USART.elf.dir/Drivers/STM32H7xx_HAL_Driver/Src/stm32h7xx_hal.c.obj
 .debug_abbrev  0x00000d21      0x37d CMakeFiles/USART.elf.dir/Drivers/STM32H7xx_HAL_Driver/Src/stm32h7xx_hal_cortex.c.obj
 .debug_abbrev  0x0000109e      0x239 CMakeFiles/USART.elf.dir/Drivers/STM32H7xx_HAL_Driver/Src/stm32h7xx_hal_gpio.c.obj
 .debug_abbrev  0x000012d7      0x29b CMakeFiles/USART.elf.dir/Drivers/STM32H7xx_HAL_Driver/Src/stm32h7xx_hal_pwr_ex.c.obj
 .debug_abbrev  0x00001572      0x28c CMakeFiles/USART.elf.dir/Drivers/STM32H7xx_HAL_Driver/Src/stm32h7xx_hal_rcc.c.obj
 .debug_abbrev  0x000017fe      0x285 CMakeFiles/USART.elf.dir/Drivers/STM32H7xx_HAL_Driver/Src/stm32h7xx_hal_rcc_ex.c.obj
 .debug_abbrev  0x00001a83      0x337 CMakeFiles/USART.elf.dir/Drivers/STM32H7xx_HAL_Driver/Src/stm32h7xx_hal_uart.c.obj
 .debug_abbrev  0x00001dba      0x2e7 CMakeFiles/USART.elf.dir/Drivers/STM32H7xx_HAL_Driver/Src/stm32h7xx_hal_uart_ex.c.obj
 .debug_abbrev  0x000020a1       0x12 CMakeFiles/USART.elf.dir/startup/startup_stm32h750xx.s.obj

.debug_aranges  0x00000000      0xa10
 .debug_aranges
                0x00000000       0x20 CMakeFiles/USART.elf.dir/Core/Src/gpio.c.obj
 .debug_aranges
                0x00000020       0x30 CMakeFiles/USART.elf.dir/Core/Src/main.c.obj
 .debug_aranges
                0x00000050       0x50 CMakeFiles/USART.elf.dir/Core/Src/retarget.c.obj
 .debug_aranges
                0x000000a0       0x20 CMakeFiles/USART.elf.dir/Core/Src/stm32h7xx_hal_msp.c.obj
 .debug_aranges
                0x000000c0       0x60 CMakeFiles/USART.elf.dir/Core/Src/stm32h7xx_it.c.obj
 .debug_aranges
                0x00000120       0x28 CMakeFiles/USART.elf.dir/Core/Src/system_stm32h7xx.c.obj
 .debug_aranges
                0x00000148       0x40 CMakeFiles/USART.elf.dir/Core/Src/usart.c.obj
 .debug_aranges
                0x00000188      0x198 CMakeFiles/USART.elf.dir/Drivers/STM32H7xx_HAL_Driver/Src/stm32h7xx_hal.c.obj
 .debug_aranges
                0x00000320       0xb0 CMakeFiles/USART.elf.dir/Drivers/STM32H7xx_HAL_Driver/Src/stm32h7xx_hal_cortex.c.obj
 .debug_aranges
                0x000003d0       0x58 CMakeFiles/USART.elf.dir/Drivers/STM32H7xx_HAL_Driver/Src/stm32h7xx_hal_gpio.c.obj
 .debug_aranges
                0x00000428      0x158 CMakeFiles/USART.elf.dir/Drivers/STM32H7xx_HAL_Driver/Src/stm32h7xx_hal_pwr_ex.c.obj
 .debug_aranges
                0x00000580       0x88 CMakeFiles/USART.elf.dir/Drivers/STM32H7xx_HAL_Driver/Src/stm32h7xx_hal_rcc.c.obj
 .debug_aranges
                0x00000608       0xf8 CMakeFiles/USART.elf.dir/Drivers/STM32H7xx_HAL_Driver/Src/stm32h7xx_hal_rcc_ex.c.obj
 .debug_aranges
                0x00000700      0x248 CMakeFiles/USART.elf.dir/Drivers/STM32H7xx_HAL_Driver/Src/stm32h7xx_hal_uart.c.obj
 .debug_aranges
                0x00000948       0xa0 CMakeFiles/USART.elf.dir/Drivers/STM32H7xx_HAL_Driver/Src/stm32h7xx_hal_uart_ex.c.obj
 .debug_aranges
                0x000009e8       0x28 CMakeFiles/USART.elf.dir/startup/startup_stm32h750xx.s.obj

.debug_ranges   0x00000000      0xa48
 .debug_ranges  0x00000000       0x10 CMakeFiles/USART.elf.dir/Core/Src/gpio.c.obj
 .debug_ranges  0x00000010       0x20 CMakeFiles/USART.elf.dir/Core/Src/main.c.obj
 .debug_ranges  0x00000030       0x40 CMakeFiles/USART.elf.dir/Core/Src/retarget.c.obj
 .debug_ranges  0x00000070       0x10 CMakeFiles/USART.elf.dir/Core/Src/stm32h7xx_hal_msp.c.obj
 .debug_ranges  0x00000080       0x50 CMakeFiles/USART.elf.dir/Core/Src/stm32h7xx_it.c.obj
 .debug_ranges  0x000000d0       0x18 CMakeFiles/USART.elf.dir/Core/Src/system_stm32h7xx.c.obj
 .debug_ranges  0x000000e8       0x30 CMakeFiles/USART.elf.dir/Core/Src/usart.c.obj
 .debug_ranges  0x00000118      0x188 CMakeFiles/USART.elf.dir/Drivers/STM32H7xx_HAL_Driver/Src/stm32h7xx_hal.c.obj
 .debug_ranges  0x000002a0      0x100 CMakeFiles/USART.elf.dir/Drivers/STM32H7xx_HAL_Driver/Src/stm32h7xx_hal_cortex.c.obj
 .debug_ranges  0x000003a0       0x48 CMakeFiles/USART.elf.dir/Drivers/STM32H7xx_HAL_Driver/Src/stm32h7xx_hal_gpio.c.obj
 .debug_ranges  0x000003e8      0x1a8 CMakeFiles/USART.elf.dir/Drivers/STM32H7xx_HAL_Driver/Src/stm32h7xx_hal_pwr_ex.c.obj
 .debug_ranges  0x00000590       0xe8 CMakeFiles/USART.elf.dir/Drivers/STM32H7xx_HAL_Driver/Src/stm32h7xx_hal_rcc.c.obj
 .debug_ranges  0x00000678       0xe8 CMakeFiles/USART.elf.dir/Drivers/STM32H7xx_HAL_Driver/Src/stm32h7xx_hal_rcc_ex.c.obj
 .debug_ranges  0x00000760      0x238 CMakeFiles/USART.elf.dir/Drivers/STM32H7xx_HAL_Driver/Src/stm32h7xx_hal_uart.c.obj
 .debug_ranges  0x00000998       0x90 CMakeFiles/USART.elf.dir/Drivers/STM32H7xx_HAL_Driver/Src/stm32h7xx_hal_uart_ex.c.obj
 .debug_ranges  0x00000a28       0x20 CMakeFiles/USART.elf.dir/startup/startup_stm32h750xx.s.obj

.debug_line     0x00000000     0xdbb9
 .debug_line    0x00000000      0x15f CMakeFiles/USART.elf.dir/Core/Src/gpio.c.obj
 .debug_line    0x0000015f      0x3f8 CMakeFiles/USART.elf.dir/Core/Src/main.c.obj
 .debug_line    0x00000557      0x438 CMakeFiles/USART.elf.dir/Core/Src/retarget.c.obj
 .debug_line    0x0000098f      0x16d CMakeFiles/USART.elf.dir/Core/Src/stm32h7xx_hal_msp.c.obj
 .debug_line    0x00000afc      0x1cb CMakeFiles/USART.elf.dir/Core/Src/stm32h7xx_it.c.obj
 .debug_line    0x00000cc7      0x400 CMakeFiles/USART.elf.dir/Core/Src/system_stm32h7xx.c.obj
 .debug_line    0x000010c7      0x425 CMakeFiles/USART.elf.dir/Core/Src/usart.c.obj
 .debug_line    0x000014ec      0x928 CMakeFiles/USART.elf.dir/Drivers/STM32H7xx_HAL_Driver/Src/stm32h7xx_hal.c.obj
 .debug_line    0x00001e14      0x7f3 CMakeFiles/USART.elf.dir/Drivers/STM32H7xx_HAL_Driver/Src/stm32h7xx_hal_cortex.c.obj
 .debug_line    0x00002607      0x6f5 CMakeFiles/USART.elf.dir/Drivers/STM32H7xx_HAL_Driver/Src/stm32h7xx_hal_gpio.c.obj
 .debug_line    0x00002cfc      0xae8 CMakeFiles/USART.elf.dir/Drivers/STM32H7xx_HAL_Driver/Src/stm32h7xx_hal_pwr_ex.c.obj
 .debug_line    0x000037e4     0x121a CMakeFiles/USART.elf.dir/Drivers/STM32H7xx_HAL_Driver/Src/stm32h7xx_hal_rcc.c.obj
 .debug_line    0x000049fe     0x1d72 CMakeFiles/USART.elf.dir/Drivers/STM32H7xx_HAL_Driver/Src/stm32h7xx_hal_rcc_ex.c.obj
 .debug_line    0x00006770     0x665a CMakeFiles/USART.elf.dir/Drivers/STM32H7xx_HAL_Driver/Src/stm32h7xx_hal_uart.c.obj
 .debug_line    0x0000cdca      0xd47 CMakeFiles/USART.elf.dir/Drivers/STM32H7xx_HAL_Driver/Src/stm32h7xx_hal_uart_ex.c.obj
 .debug_line    0x0000db11       0xa8 CMakeFiles/USART.elf.dir/startup/startup_stm32h750xx.s.obj

.debug_str      0x00000000     0x493f
 .debug_str     0x00000000      0x3da CMakeFiles/USART.elf.dir/Core/Src/gpio.c.obj
                                0x428 (size before relaxing)
 .debug_str     0x000003da      0x849 CMakeFiles/USART.elf.dir/Core/Src/main.c.obj
                                0xab9 (size before relaxing)
 .debug_str     0x00000c23      0x53d CMakeFiles/USART.elf.dir/Core/Src/retarget.c.obj
                                0xd13 (size before relaxing)
 .debug_str     0x00001160       0x53 CMakeFiles/USART.elf.dir/Core/Src/stm32h7xx_hal_msp.c.obj
                                0x434 (size before relaxing)
 .debug_str     0x000011b3       0xde CMakeFiles/USART.elf.dir/Core/Src/stm32h7xx_it.c.obj
                                0x281 (size before relaxing)
 .debug_str     0x00001291      0x2aa CMakeFiles/USART.elf.dir/Core/Src/system_stm32h7xx.c.obj
                                0x6aa (size before relaxing)
 .debug_str     0x0000153b      0x4b2 CMakeFiles/USART.elf.dir/Core/Src/usart.c.obj
                                0xe9f (size before relaxing)
 .debug_str     0x000019ed      0xf6c CMakeFiles/USART.elf.dir/Drivers/STM32H7xx_HAL_Driver/Src/stm32h7xx_hal.c.obj
                               0x1501 (size before relaxing)
 .debug_str     0x00002959      0x58e CMakeFiles/USART.elf.dir/Drivers/STM32H7xx_HAL_Driver/Src/stm32h7xx_hal_cortex.c.obj
                               0x1099 (size before relaxing)
 .debug_str     0x00002ee7      0x13d CMakeFiles/USART.elf.dir/Drivers/STM32H7xx_HAL_Driver/Src/stm32h7xx_hal_gpio.c.obj
                                0x716 (size before relaxing)
 .debug_str     0x00003024      0x574 CMakeFiles/USART.elf.dir/Drivers/STM32H7xx_HAL_Driver/Src/stm32h7xx_hal_pwr_ex.c.obj
                                0xa8b (size before relaxing)
 .debug_str     0x00003598      0x1b9 CMakeFiles/USART.elf.dir/Drivers/STM32H7xx_HAL_Driver/Src/stm32h7xx_hal_rcc.c.obj
                                0xa9e (size before relaxing)
 .debug_str     0x00003751      0x5ec CMakeFiles/USART.elf.dir/Drivers/STM32H7xx_HAL_Driver/Src/stm32h7xx_hal_rcc_ex.c.obj
                                0xf80 (size before relaxing)
 .debug_str     0x00003d3d      0x956 CMakeFiles/USART.elf.dir/Drivers/STM32H7xx_HAL_Driver/Src/stm32h7xx_hal_uart.c.obj
                               0x14cd (size before relaxing)
 .debug_str     0x00004693      0x256 CMakeFiles/USART.elf.dir/Drivers/STM32H7xx_HAL_Driver/Src/stm32h7xx_hal_uart_ex.c.obj
                                0xb9c (size before relaxing)
 .debug_str     0x000048e9       0x56 CMakeFiles/USART.elf.dir/startup/startup_stm32h750xx.s.obj
                                 0x92 (size before relaxing)

.comment        0x00000000       0x49
 .comment       0x00000000       0x49 CMakeFiles/USART.elf.dir/Core/Src/gpio.c.obj
                                 0x4a (size before relaxing)
 .comment       0x00000049       0x4a CMakeFiles/USART.elf.dir/Core/Src/main.c.obj
 .comment       0x00000049       0x4a CMakeFiles/USART.elf.dir/Core/Src/retarget.c.obj
 .comment       0x00000049       0x4a CMakeFiles/USART.elf.dir/Core/Src/stm32h7xx_hal_msp.c.obj
 .comment       0x00000049       0x4a CMakeFiles/USART.elf.dir/Core/Src/stm32h7xx_it.c.obj
 .comment       0x00000049       0x4a CMakeFiles/USART.elf.dir/Core/Src/system_stm32h7xx.c.obj
 .comment       0x00000049       0x4a CMakeFiles/USART.elf.dir/Core/Src/usart.c.obj
 .comment       0x00000049       0x4a CMakeFiles/USART.elf.dir/Drivers/STM32H7xx_HAL_Driver/Src/stm32h7xx_hal.c.obj
 .comment       0x00000049       0x4a CMakeFiles/USART.elf.dir/Drivers/STM32H7xx_HAL_Driver/Src/stm32h7xx_hal_cortex.c.obj
 .comment       0x00000049       0x4a CMakeFiles/USART.elf.dir/Drivers/STM32H7xx_HAL_Driver/Src/stm32h7xx_hal_gpio.c.obj
 .comment       0x00000049       0x4a CMakeFiles/USART.elf.dir/Drivers/STM32H7xx_HAL_Driver/Src/stm32h7xx_hal_pwr_ex.c.obj
 .comment       0x00000049       0x4a CMakeFiles/USART.elf.dir/Drivers/STM32H7xx_HAL_Driver/Src/stm32h7xx_hal_rcc.c.obj
 .comment       0x00000049       0x4a CMakeFiles/USART.elf.dir/Drivers/STM32H7xx_HAL_Driver/Src/stm32h7xx_hal_rcc_ex.c.obj
 .comment       0x00000049       0x4a CMakeFiles/USART.elf.dir/Drivers/STM32H7xx_HAL_Driver/Src/stm32h7xx_hal_uart.c.obj
 .comment       0x00000049       0x4a CMakeFiles/USART.elf.dir/Drivers/STM32H7xx_HAL_Driver/Src/stm32h7xx_hal_uart_ex.c.obj

.debug_frame    0x00000000     0x229c
 .debug_frame   0x00000000       0x28 CMakeFiles/USART.elf.dir/Core/Src/gpio.c.obj
 .debug_frame   0x00000028       0x58 CMakeFiles/USART.elf.dir/Core/Src/main.c.obj
 .debug_frame   0x00000080       0xb8 CMakeFiles/USART.elf.dir/Core/Src/retarget.c.obj
 .debug_frame   0x00000138       0x28 CMakeFiles/USART.elf.dir/Core/Src/stm32h7xx_hal_msp.c.obj
 .debug_frame   0x00000160       0xa8 CMakeFiles/USART.elf.dir/Core/Src/stm32h7xx_it.c.obj
 .debug_frame   0x00000208       0x40 CMakeFiles/USART.elf.dir/Core/Src/system_stm32h7xx.c.obj
 .debug_frame   0x00000248       0x9c CMakeFiles/USART.elf.dir/Core/Src/usart.c.obj
 .debug_frame   0x000002e4      0x360 CMakeFiles/USART.elf.dir/Drivers/STM32H7xx_HAL_Driver/Src/stm32h7xx_hal.c.obj
 .debug_frame   0x00000644      0x158 CMakeFiles/USART.elf.dir/Drivers/STM32H7xx_HAL_Driver/Src/stm32h7xx_hal_cortex.c.obj
 .debug_frame   0x0000079c       0xd0 CMakeFiles/USART.elf.dir/Drivers/STM32H7xx_HAL_Driver/Src/stm32h7xx_hal_gpio.c.obj
 .debug_frame   0x0000086c      0x2f4 CMakeFiles/USART.elf.dir/Drivers/STM32H7xx_HAL_Driver/Src/stm32h7xx_hal_pwr_ex.c.obj
 .debug_frame   0x00000b60      0x188 CMakeFiles/USART.elf.dir/Drivers/STM32H7xx_HAL_Driver/Src/stm32h7xx_hal_rcc.c.obj
 .debug_frame   0x00000ce8      0x284 CMakeFiles/USART.elf.dir/Drivers/STM32H7xx_HAL_Driver/Src/stm32h7xx_hal_rcc_ex.c.obj
 .debug_frame   0x00000f6c      0x688 CMakeFiles/USART.elf.dir/Drivers/STM32H7xx_HAL_Driver/Src/stm32h7xx_hal_uart.c.obj
 .debug_frame   0x000015f4      0x1c8 CMakeFiles/USART.elf.dir/Drivers/STM32H7xx_HAL_Driver/Src/stm32h7xx_hal_uart_ex.c.obj
 .debug_frame   0x000017bc       0x4c d:/gcc-arm-none-eabi/bin/../lib/gcc/arm-none-eabi/10.3.1/thumb/v7e-m/nofp\libgcc.a(_arm_addsubsf3.o)
 .debug_frame   0x00001808       0x38 d:/gcc-arm-none-eabi/bin/../lib/gcc/arm-none-eabi/10.3.1/thumb/v7e-m/nofp\libgcc.a(_arm_muldivsf3.o)
 .debug_frame   0x00001840       0x24 d:/gcc-arm-none-eabi/bin/../lib/gcc/arm-none-eabi/10.3.1/thumb/v7e-m/nofp\libgcc.a(_arm_fixunssfsi.o)
 .debug_frame   0x00001864       0x2c d:/gcc-arm-none-eabi/bin/../lib/gcc/arm-none-eabi/10.3.1/thumb/v7e-m/nofp\libgcc.a(_aeabi_uldivmod.o)
 .debug_frame   0x00001890       0x34 d:/gcc-arm-none-eabi/bin/../lib/gcc/arm-none-eabi/10.3.1/thumb/v7e-m/nofp\libgcc.a(_udivmoddi4.o)
 .debug_frame   0x000018c4       0x20 d:/gcc-arm-none-eabi/bin/../lib/gcc/arm-none-eabi/10.3.1/../../../../arm-none-eabi/lib/thumb/v7e-m/nofp\libg.a(lib_a-errno.o)
 .debug_frame   0x000018e4       0x2c d:/gcc-arm-none-eabi/bin/../lib/gcc/arm-none-eabi/10.3.1/../../../../arm-none-eabi/lib/thumb/v7e-m/nofp\libg.a(lib_a-init.o)
 .debug_frame   0x00001910       0x2c d:/gcc-arm-none-eabi/bin/../lib/gcc/arm-none-eabi/10.3.1/../../../../arm-none-eabi/lib/thumb/v7e-m/nofp\libg.a(lib_a-memset.o)
 .debug_frame   0x0000193c       0x4c d:/gcc-arm-none-eabi/bin/../lib/gcc/arm-none-eabi/10.3.1/../../../../arm-none-eabi/lib/thumb/v7e-m/nofp\libg.a(lib_a-puts.o)
 .debug_frame   0x00001988       0x48 d:/gcc-arm-none-eabi/bin/../lib/gcc/arm-none-eabi/10.3.1/../../../../arm-none-eabi/lib/thumb/v7e-m/nofp\libg.a(lib_a-setvbuf.o)
 .debug_frame   0x000019d0       0x5c d:/gcc-arm-none-eabi/bin/../lib/gcc/arm-none-eabi/10.3.1/../../../../arm-none-eabi/lib/thumb/v7e-m/nofp\libg.a(lib_a-__call_atexit.o)
 .debug_frame   0x00001a2c       0x20 d:/gcc-arm-none-eabi/bin/../lib/gcc/arm-none-eabi/10.3.1/../../../../arm-none-eabi/lib/thumb/v7e-m/nofp\libg.a(lib_a-atexit.o)
 .debug_frame   0x00001a4c       0x70 d:/gcc-arm-none-eabi/bin/../lib/gcc/arm-none-eabi/10.3.1/../../../../arm-none-eabi/lib/thumb/v7e-m/nofp\libg.a(lib_a-fflush.o)
 .debug_frame   0x00001abc      0x154 d:/gcc-arm-none-eabi/bin/../lib/gcc/arm-none-eabi/10.3.1/../../../../arm-none-eabi/lib/thumb/v7e-m/nofp\libg.a(lib_a-findfp.o)
 .debug_frame   0x00001c10       0x34 d:/gcc-arm-none-eabi/bin/../lib/gcc/arm-none-eabi/10.3.1/../../../../arm-none-eabi/lib/thumb/v7e-m/nofp\libg.a(lib_a-fini.o)
 .debug_frame   0x00001c44       0x8c d:/gcc-arm-none-eabi/bin/../lib/gcc/arm-none-eabi/10.3.1/../../../../arm-none-eabi/lib/thumb/v7e-m/nofp\libg.a(lib_a-freer.o)
 .debug_frame   0x00001cd0       0x64 d:/gcc-arm-none-eabi/bin/../lib/gcc/arm-none-eabi/10.3.1/../../../../arm-none-eabi/lib/thumb/v7e-m/nofp\libg.a(lib_a-fvwrite.o)
 .debug_frame   0x00001d34       0x54 d:/gcc-arm-none-eabi/bin/../lib/gcc/arm-none-eabi/10.3.1/../../../../arm-none-eabi/lib/thumb/v7e-m/nofp\libg.a(lib_a-fwalk.o)
 .debug_frame   0x00001d88       0xb0 d:/gcc-arm-none-eabi/bin/../lib/gcc/arm-none-eabi/10.3.1/../../../../arm-none-eabi/lib/thumb/v7e-m/nofp\libg.a(lib_a-lock.o)
 .debug_frame   0x00001e38       0x70 d:/gcc-arm-none-eabi/bin/../lib/gcc/arm-none-eabi/10.3.1/../../../../arm-none-eabi/lib/thumb/v7e-m/nofp\libg.a(lib_a-makebuf.o)
 .debug_frame   0x00001ea8       0x30 d:/gcc-arm-none-eabi/bin/../lib/gcc/arm-none-eabi/10.3.1/../../../../arm-none-eabi/lib/thumb/v7e-m/nofp\libg.a(lib_a-malloc.o)
 .debug_frame   0x00001ed8       0x4c d:/gcc-arm-none-eabi/bin/../lib/gcc/arm-none-eabi/10.3.1/../../../../arm-none-eabi/lib/thumb/v7e-m/nofp\libg.a(lib_a-mallocr.o)
 .debug_frame   0x00001f24       0x40 d:/gcc-arm-none-eabi/bin/../lib/gcc/arm-none-eabi/10.3.1/../../../../arm-none-eabi/lib/thumb/v7e-m/nofp\libg.a(lib_a-memmove.o)
 .debug_frame   0x00001f64       0x30 d:/gcc-arm-none-eabi/bin/../lib/gcc/arm-none-eabi/10.3.1/../../../../arm-none-eabi/lib/thumb/v7e-m/nofp\libg.a(lib_a-mlock.o)
 .debug_frame   0x00001f94       0x48 d:/gcc-arm-none-eabi/bin/../lib/gcc/arm-none-eabi/10.3.1/../../../../arm-none-eabi/lib/thumb/v7e-m/nofp\libg.a(lib_a-reallocr.o)
 .debug_frame   0x00001fdc       0x2c d:/gcc-arm-none-eabi/bin/../lib/gcc/arm-none-eabi/10.3.1/../../../../arm-none-eabi/lib/thumb/v7e-m/nofp\libg.a(lib_a-sbrkr.o)
 .debug_frame   0x00002008       0x8c d:/gcc-arm-none-eabi/bin/../lib/gcc/arm-none-eabi/10.3.1/../../../../arm-none-eabi/lib/thumb/v7e-m/nofp\libg.a(lib_a-stdio.o)
 .debug_frame   0x00002094       0x2c d:/gcc-arm-none-eabi/bin/../lib/gcc/arm-none-eabi/10.3.1/../../../../arm-none-eabi/lib/thumb/v7e-m/nofp\libg.a(lib_a-writer.o)
 .debug_frame   0x000020c0       0x2c d:/gcc-arm-none-eabi/bin/../lib/gcc/arm-none-eabi/10.3.1/../../../../arm-none-eabi/lib/thumb/v7e-m/nofp\libg.a(lib_a-wsetup.o)
 .debug_frame   0x000020ec       0x34 d:/gcc-arm-none-eabi/bin/../lib/gcc/arm-none-eabi/10.3.1/../../../../arm-none-eabi/lib/thumb/v7e-m/nofp\libg.a(lib_a-__atexit.o)
 .debug_frame   0x00002120       0x2c d:/gcc-arm-none-eabi/bin/../lib/gcc/arm-none-eabi/10.3.1/../../../../arm-none-eabi/lib/thumb/v7e-m/nofp\libg.a(lib_a-closer.o)
 .debug_frame   0x0000214c       0x3c d:/gcc-arm-none-eabi/bin/../lib/gcc/arm-none-eabi/10.3.1/../../../../arm-none-eabi/lib/thumb/v7e-m/nofp\libg.a(lib_a-fclose.o)
 .debug_frame   0x00002188       0x2c d:/gcc-arm-none-eabi/bin/../lib/gcc/arm-none-eabi/10.3.1/../../../../arm-none-eabi/lib/thumb/v7e-m/nofp\libg.a(lib_a-fstatr.o)
 .debug_frame   0x000021b4       0x2c d:/gcc-arm-none-eabi/bin/../lib/gcc/arm-none-eabi/10.3.1/../../../../arm-none-eabi/lib/thumb/v7e-m/nofp\libg.a(lib_a-isattyr.o)
 .debug_frame   0x000021e0       0x2c d:/gcc-arm-none-eabi/bin/../lib/gcc/arm-none-eabi/10.3.1/../../../../arm-none-eabi/lib/thumb/v7e-m/nofp\libg.a(lib_a-lseekr.o)
 .debug_frame   0x0000220c       0x2c d:/gcc-arm-none-eabi/bin/../lib/gcc/arm-none-eabi/10.3.1/../../../../arm-none-eabi/lib/thumb/v7e-m/nofp\libg.a(lib_a-readr.o)
 .debug_frame   0x00002238       0x64 d:/gcc-arm-none-eabi/bin/../lib/gcc/arm-none-eabi/10.3.1/../../../../arm-none-eabi/lib/thumb/v7e-m/nofp\libg.a(lib_a-reent.o)

.debug_loc      0x00000000     0xa989
 .debug_loc     0x00000000      0x389 CMakeFiles/USART.elf.dir/Core/Src/retarget.c.obj
 .debug_loc     0x00000389      0x21e CMakeFiles/USART.elf.dir/Core/Src/system_stm32h7xx.c.obj
 .debug_loc     0x000005a7      0x10c CMakeFiles/USART.elf.dir/Core/Src/usart.c.obj
 .debug_loc     0x000006b3      0x3fa CMakeFiles/USART.elf.dir/Drivers/STM32H7xx_HAL_Driver/Src/stm32h7xx_hal.c.obj
 .debug_loc     0x00000aad      0x726 CMakeFiles/USART.elf.dir/Drivers/STM32H7xx_HAL_Driver/Src/stm32h7xx_hal_cortex.c.obj
 .debug_loc     0x000011d3      0x3c6 CMakeFiles/USART.elf.dir/Drivers/STM32H7xx_HAL_Driver/Src/stm32h7xx_hal_gpio.c.obj
 .debug_loc     0x00001599      0x4df CMakeFiles/USART.elf.dir/Drivers/STM32H7xx_HAL_Driver/Src/stm32h7xx_hal_pwr_ex.c.obj
 .debug_loc     0x00001a78      0x96f CMakeFiles/USART.elf.dir/Drivers/STM32H7xx_HAL_Driver/Src/stm32h7xx_hal_rcc.c.obj
 .debug_loc     0x000023e7     0x1bfb CMakeFiles/USART.elf.dir/Drivers/STM32H7xx_HAL_Driver/Src/stm32h7xx_hal_rcc_ex.c.obj
 .debug_loc     0x00003fe2     0x5d9b CMakeFiles/USART.elf.dir/Drivers/STM32H7xx_HAL_Driver/Src/stm32h7xx_hal_uart.c.obj
 .debug_loc     0x00009d7d      0xc0c CMakeFiles/USART.elf.dir/Drivers/STM32H7xx_HAL_Driver/Src/stm32h7xx_hal_uart_ex.c.obj
